******************************************************************************
                  TI ARM Linker PC v18.12.4                    
******************************************************************************
>> Linked Sun May 10 21:05:39 2020

OUTPUT FILE NAME:   <Lab_4_Task_A_Template.out>
ENTRY POINT SYMBOL: "_c_int00_noargs"  address: 00002fbd


MEMORY CONFIGURATION

         name            origin    length      used     unused   attr    fill
----------------------  --------  ---------  --------  --------  ----  --------
  FLASH                 00000000   00100000  00004638  000fb9c8  R  X
  SRAM                  20000000   00040000  00000810  0003f7f0  RW X


SEGMENT ALLOCATION MAP

run origin  load origin   length   init length attrs members
----------  ----------- ---------- ----------- ----- -------
00000000    00000000    00004638   00004638    r-x
  00000000    00000000    00000200   00000200    r-- .intvecs
  00000200    00000200    00003008   00003008    r-x .text
  00003208    00003208    00001400   00001400    r-- .const
  00004608    00004608    00000030   00000030    r-- .cinit
20000000    20000000    00000810   00000000    rw-
  20000000    20000000    00000800   00000000    rw- .stack
  20000800    20000800    0000000c   00000000    rw- .data
  2000080c    2000080c    00000004   00000000    rw- .bss


SECTION ALLOCATION MAP

 output                                  attributes/
section   page    origin      length       input sections
--------  ----  ----------  ----------   ----------------
.intvecs   0    00000000    00000200     
                  00000000    00000200     startup_ccs.obj (.intvecs)

.text      0    00000200    00003008     
                  00000200    00000a4e     rtsv7M4_T_le_v4SPD16_eabi.lib : _printfi.c.obj (.text:__TI_printfi)
                  00000c4e    00000002     startup_ccs.obj (.text:FaultISR)
                  00000c50    00000270     rtsv7M4_T_le_v4SPD16_eabi.lib : _printfi.c.obj (.text:_pconv_a)
                  00000ec0    0000020c     pinout.obj (.text:PinoutSet)
                  000010cc    00000200     driverlib.lib : sysctl.obj (.text:SysCtlClockFreqSet)
                  000012cc    00000200     rtsv7M4_T_le_v4SPD16_eabi.lib : s_exp2.c.obj (.text:exp2)
                  000014cc    000001ee     uartstdio.obj (.text:UARTvprintf)
                  000016ba    00000002     startup_ccs.obj (.text:IntDefaultHandler)
                  000016bc    000001d0     rtsv7M4_T_le_v4SPD16_eabi.lib : _printfi.c.obj (.text:_pconv_g)
                  0000188c    000001b6                                   : fd_add_t2.asm.obj (.text)
                  00001a42    00000002     startup_ccs.obj (.text:NmiSR)
                  00001a44    00000180     light_opt3001.obj (.text:main)
                  00001bc4    0000013c     rtsv7M4_T_le_v4SPD16_eabi.lib : _printfi.c.obj (.text:_pconv_e)
                  00001d00    00000136                                   : fd_div_t2.asm.obj (.text)
                  00001e36    00000132     driverlib.lib : gpio.obj (.text:GPIOPadConfigSet)
                  00001f68    00000124     rtsv7M4_T_le_v4SPD16_eabi.lib : _printfi.c.obj (.text:fcvt)
                  0000208c    00000110     driverlib.lib : sysctl.obj (.text:SysCtlClockGet)
                  0000219c    00000110     rtsv7M4_T_le_v4SPD16_eabi.lib : s_scalbn.c.obj (.text:scalbn)
                  000022ac    000000fc                                   : fd_mul_t2.asm.obj (.text)
                  000023a8    000000b1                                   : _printfi.c.obj (.text:_ltostr)
                  00002459    00000001     --HOLE-- [fill = 0]
                  0000245a    00000002                                   : div0.asm.obj (.text)
                  0000245c    000000a5     opt3001.obj (.text:sensorOpt3001Test)
                  00002501    00000001     --HOLE-- [fill = 0]
                  00002502    0000009c     rtsv7M4_T_le_v4SPD16_eabi.lib : memcpy_t2.asm.obj (.text)
                  0000259e    00000096                                   : ull_div_t2.asm.obj (.text)
                  00002634    00000086                                   : fd_cmp_t2.asm.obj (.text:__aeabi_cdcmple)
                  000026ba    00000086                                   : fd_cmp_t2.asm.obj (.text:__aeabi_cdrcmple)
                  00002740    0000007a                                   : memset_t2.asm.obj (.text)
                  000027ba    00000002     --HOLE-- [fill = 0]
                  000027bc    00000078     i2cOptDriver.obj (.text:readI2C)
                  00002834    0000006e     rtsv7M4_T_le_v4SPD16_eabi.lib : _printfi.c.obj (.text:_mcpy)
                  000028a2    0000006e                                   : fd_tos_t2.asm.obj (.text)
                  00002910    00000068                                   : copy_decompress_lzss.c.obj (.text:decompress:lzss:__TI_decompress_lzss)
                  00002978    00000068     i2cOptDriver.obj (.text:writeI2C)
                  000029e0    00000064     rtsv7M4_T_le_v4SPD16_eabi.lib : s_frexp.c.obj (.text:frexp)
                  00002a44    00000060     uartstdio.obj (.text:UARTStdioConfig)
                  00002aa4    0000005c     light_opt3001.obj (.text:ConfigureUART)
                  00002b00    00000056     rtsv7M4_T_le_v4SPD16_eabi.lib : _printfi.c.obj (.text:_pconv_f)
                  00002b56    00000054                                   : ltoa.c.obj (.text:ltoa)
                  00002baa    00000052                                   : _printfi.c.obj (.text:_ecpy)
                  00002bfc    00000050     opt3001.obj (.text:sensorOpt3001Convert)
                  00002c4c    0000004c     driverlib.lib : i2c.obj (.text:I2CMasterInitExpClk)
                  00002c98    0000004c     rtsv7M4_T_le_v4SPD16_eabi.lib : atoi.c.obj (.text:atoi)
                  00002ce4    00000048     driverlib.lib : gpio.obj (.text:GPIOPinConfigure)
                  00002d2c    00000048     uartstdio.obj (.text:UARTwrite)
                  00002d74    00000048     driverlib.lib : sysctl.obj (.text:_SysCtlFrequencyGet)
                  00002dbc    00000048     rtsv7M4_T_le_v4SPD16_eabi.lib : fd_toi_t2.asm.obj (.text)
                  00002e04    00000046     opt3001.obj (.text:sensorOpt3001Read)
                  00002e4a    00000002     --HOLE-- [fill = 0]
                  00002e4c    00000044     rtsv7M4_T_le_v4SPD16_eabi.lib : autoinit.c.obj (.text:__TI_auto_init_nobinit_nopinit:__TI_auto_init_nobinit_nopinit)
                  00002e90    00000040                                   : u_divt2.asm.obj (.text)
                  00002ed0    00000040                                   : sprintf.c.obj (.text:sprintf)
                  00002f10    0000003e                                   : _printfi.c.obj (.text:_fcpy)
                  00002f4e    00000038                                   : fs_tod_t2.asm.obj (.text)
                  00002f86    00000002     --HOLE-- [fill = 0]
                  00002f88    00000034     driverlib.lib : sysctl.obj (.text:SysCtlPeripheralEnable)
                  00002fbc    00000034     rtsv7M4_T_le_v4SPD16_eabi.lib : boot_cortex_m.c.obj (.text:_c_int00_noargs:_c_int00_noargs)
                  00002ff0    0000002e                                   : i_tofd_t2.asm.obj (.text)
                  0000301e    0000002a     driverlib.lib : gpio.obj (.text:GPIODirModeSet)
                  00003048    00000020                   : sysctl.obj (.text:_SysCtlMemTimingGet)
                  00003068    0000001e     opt3001.obj (.text:sensorOpt3001Enable)
                  00003086    0000001c     rtsv7M4_T_le_v4SPD16_eabi.lib : copy_zero_init.c.obj (.text:decompress:ZI:__TI_zero_init_nomemset:__TI_zero_init_nomemset)
                  000030a2    0000001c                                   : memccpy.c.obj (.text:memccpy)
                  000030be    0000001a     uartstdio.obj (.text:UARTprintf)
                  000030d8    0000001a     rtsv7M4_T_le_v4SPD16_eabi.lib : s_copysign.c.obj (.text:copysign)
                  000030f2    00000018                                   : sprintf.c.obj (.text:_outs)
                  0000310a    00000016                                   : strchr.c.obj (.text:strchr)
                  00003120    00000014                                   : strlen.c.obj (.text:strlen)
                  00003134    00000012     driverlib.lib : gpio.obj (.text:GPIOPinTypeEthernetLED)
                  00003146    00000012                   : gpio.obj (.text:GPIOPinTypeI2C)
                  00003158    00000012                   : gpio.obj (.text:GPIOPinTypeI2CSCL)
                  0000316a    00000012     rtsv7M4_T_le_v4SPD16_eabi.lib : wcslen.c.obj (.text:wcslen)
                  0000317c    00000010     driverlib.lib : interrupt.obj (.text:IntMasterEnable)
                  0000318c    0000000e     rtsv7M4_T_le_v4SPD16_eabi.lib : copy_decompress_none.c.obj (.text:decompress:none:__TI_decompress_none)
                  0000319a    0000000c     driverlib.lib : cpu.obj (.text:CPUcpsie)
                  000031a6    0000000c     opt3001.obj (.text:sensorOpt3001Init)
                  000031b2    0000000a     driverlib.lib : i2c.obj (.text:I2CMasterEnable)
                  000031bc    0000000a     rtsv7M4_T_le_v4SPD16_eabi.lib : sprintf.c.obj (.text:_outc)
                  000031c6    00000008     driverlib.lib : i2c.obj (.text:I2CMasterBusBusy)
                  000031ce    00000008                   : i2c.obj (.text:I2CMasterBusy)
                  000031d6    00000008                   : i2c.obj (.text:I2CMasterSlaveAddrSet)
                  000031de    00000002     --HOLE-- [fill = 0]
                  000031e0    00000008     rtsv7M4_T_le_v4SPD16_eabi.lib : errno.c.obj (.text:__aeabi_errno_addr)
                  000031e8    00000006     startup_ccs.obj (.text:ResetISR)
                  000031ee    00000006     driverlib.lib : sysctl.obj (.text:SysCtlDelay)
                  000031f4    00000004                   : i2c.obj (.text:I2CMasterControl)
                  000031f8    00000004                   : i2c.obj (.text:I2CMasterDataGet)
                  000031fc    00000004                   : i2c.obj (.text:I2CMasterDataPut)
                  00003200    00000004     rtsv7M4_T_le_v4SPD16_eabi.lib : pre_init.c.obj (.text:_system_pre_init)
                  00003204    00000004                                   : exit.c.obj (.text:abort:abort)

.const     0    00003208    00001400     
                  00003208    00001000     rtsv7M4_T_le_v4SPD16_eabi.lib : s_exp2.c.obj (.const:tbl)
                  00004208    000001b0     driverlib.lib : sysctl.obj (.const:g_pppui32XTALtoVCO)
                  000043b8    00000101     rtsv7M4_T_le_v4SPD16_eabi.lib : ctype.c.obj (.const:.string:_ctypes_)
                  000044b9    00000003     --HOLE-- [fill = 0]
                  000044bc    00000090     driverlib.lib : gpio.obj (.const:g_pui32GPIOBaseAddrs)
                  0000454c    0000006c                   : sysctl.obj (.const:g_pui32Xtals)
                  000045b8    00000030                   : sysctl.obj (.const:g_sXTALtoMEMTIM)
                  000045e8    0000000c     uartstdio.obj (.const:g_ui32UARTBase)
                  000045f4    0000000c     uartstdio.obj (.const:g_ui32UARTPeriph)
                  00004600    00000008     driverlib.lib : sysctl.obj (.const)

.cinit     0    00004608    00000030     
                  00004608    0000000c     (__TI_handler_table)
                  00004614    00000004     --HOLE-- [fill = 0]
                  00004618    00000008     (.cinit..bss.load) [load image, compression = zero_init]
                  00004620    00000007     (.cinit..data.load) [load image, compression = lzss]
                  00004627    00000001     --HOLE-- [fill = 0]
                  00004628    00000010     (__TI_cinit_table)

.init_array 
*          0    00000000    00000000     UNINITIALIZED

.data      0    20000800    0000000c     UNINITIALIZED
                  20000800    00000005     uartstdio.obj (.data)
                  20000805    00000003     --HOLE--
                  20000808    00000004     rtsv7M4_T_le_v4SPD16_eabi.lib : errno.c.obj (.data)

.bss       0    2000080c    00000004     UNINITIALIZED
                  2000080c    00000004     (.common:g_ui32SysClock)

.stack     0    20000000    00000800     UNINITIALIZED
                  20000000    00000004     rtsv7M4_T_le_v4SPD16_eabi.lib : boot_cortex_m.c.obj (.stack)
                  20000004    000007fc     --HOLE--

MODULE SUMMARY

       Module                       code    ro data   rw data
       ------                       ----    -------   -------
    .\
       startup_ccs.obj              12      512       0      
       light_opt3001.obj            476     0         4      
    +--+----------------------------+-------+---------+---------+
       Total:                       488     512       4      
                                                             
    .\drivers\
       pinout.obj                   524     0         0      
       opt3001.obj                  357     0         0      
       i2cOptDriver.obj             224     0         0      
    +--+----------------------------+-------+---------+---------+
       Total:                       1105    0         0      
                                                             
    .\utils\
       uartstdio.obj                688     24        5      
    +--+----------------------------+-------+---------+---------+
       Total:                       688     24        5      
                                                             
    C:/ti/tivaware_c_series_2_1_4_178/driverlib/ccs/Debug/driverlib.lib
       sysctl.obj                   946     596       0      
       gpio.obj                     474     144       0      
       i2c.obj                      122     0         0      
       interrupt.obj                16      0         0      
       cpu.obj                      12      0         0      
    +--+----------------------------+-------+---------+---------+
       Total:                       1570    740       0      
                                                             
    C:\ti\ccs930\ccs\tools\compiler\ti-cgt-arm_18.12.4.LTS\lib\rtsv7M4_T_le_v4SPD16_eabi.lib
       _printfi.c.obj               4851    0         0      
       s_exp2.c.obj                 512     4096      0      
       fd_add_t2.asm.obj            438     0         0      
       fd_div_t2.asm.obj            310     0         0      
       s_scalbn.c.obj               272     0         0      
       fd_cmp_t2.asm.obj            268     0         0      
       ctype.c.obj                  0       257       0      
       fd_mul_t2.asm.obj            252     0         0      
       memcpy_t2.asm.obj            156     0         0      
       ull_div_t2.asm.obj           150     0         0      
       memset_t2.asm.obj            122     0         0      
       fd_tos_t2.asm.obj            110     0         0      
       copy_decompress_lzss.c.obj   104     0         0      
       s_frexp.c.obj                100     0         0      
       sprintf.c.obj                98      0         0      
       ltoa.c.obj                   84      0         0      
       atoi.c.obj                   76      0         0      
       fd_toi_t2.asm.obj            72      0         0      
       autoinit.c.obj               68      0         0      
       u_divt2.asm.obj              64      0         0      
       fs_tod_t2.asm.obj            56      0         0      
       boot_cortex_m.c.obj          52      0         0      
       i_tofd_t2.asm.obj            46      0         0      
       copy_zero_init.c.obj         28      0         0      
       memccpy.c.obj                28      0         0      
       s_copysign.c.obj             26      0         0      
       strchr.c.obj                 22      0         0      
       strlen.c.obj                 20      0         0      
       wcslen.c.obj                 18      0         0      
       copy_decompress_none.c.obj   14      0         0      
       errno.c.obj                  8       0         4      
       exit.c.obj                   4       0         0      
       pre_init.c.obj               4       0         0      
       div0.asm.obj                 2       0         0      
    +--+----------------------------+-------+---------+---------+
       Total:                       8435    4353      4      
                                                             
       Stack:                       0       0         2048   
       Linker Generated:            0       43        0      
    +--+----------------------------+-------+---------+---------+
       Grand Total:                 12286   5672      2061   


LINKER GENERATED COPY TABLES

__TI_cinit_table @ 00004628 records: 2, size/record: 8, table size: 16
	.bss: load addr=00004618, load size=00000008 bytes, run addr=2000080c, run size=00000004 bytes, compression=zero_init
	.data: load addr=00004620, load size=00000007 bytes, run addr=20000800, run size=0000000c bytes, compression=lzss


LINKER GENERATED HANDLER TABLE

__TI_handler_table @ 00004608 records: 3, size/record: 4, table size: 12
	index: 0, handler: __TI_decompress_lzss
	index: 1, handler: __TI_decompress_none
	index: 2, handler: __TI_zero_init


GLOBAL SYMBOLS: SORTED ALPHABETICALLY BY Name 

address   name                          
-------   ----                          
00003205  C$$EXIT                       
0000319b  CPUcpsie                      
00002aa5  ConfigureUART                 
0000301f  GPIODirModeSet                
00001e37  GPIOPadConfigSet              
00002ce5  GPIOPinConfigure              
00003135  GPIOPinTypeEthernetLED        
00003147  GPIOPinTypeI2C                
00003159  GPIOPinTypeI2CSCL             
000031c7  I2CMasterBusBusy              
000031cf  I2CMasterBusy                 
000031f5  I2CMasterControl              
000031f9  I2CMasterDataGet              
000031fd  I2CMasterDataPut              
000031b3  I2CMasterEnable               
00002c4d  I2CMasterInitExpClk           
000031d7  I2CMasterSlaveAddrSet         
0000317d  IntMasterEnable               
00000ec1  PinoutSet                     
000031e9  ResetISR                      
000010cd  SysCtlClockFreqSet            
0000208d  SysCtlClockGet                
000031ef  SysCtlDelay                   
00002f89  SysCtlPeripheralEnable        
00002a45  UARTStdioConfig               
000030bf  UARTprintf                    
000014cd  UARTvprintf                   
00002d2d  UARTwrite                     
20000800  __STACK_END                   
00000800  __STACK_SIZE                  
20000200  __STACK_TOP                   
00004628  __TI_CINIT_Base               
00004638  __TI_CINIT_Limit              
00004608  __TI_Handler_Table_Base       
00004614  __TI_Handler_Table_Limit      
00002e4d  __TI_auto_init_nobinit_nopinit
00002911  __TI_decompress_lzss          
0000318d  __TI_decompress_none          
ffffffff  __TI_pprof_out_hndl           
00000201  __TI_printfi                  
ffffffff  __TI_prof_data_size           
ffffffff  __TI_prof_data_start          
00000000  __TI_static_base__            
00003087  __TI_zero_init_nomemset       
00002635  __aeabi_cdcmpeq               
00002635  __aeabi_cdcmple               
000026bb  __aeabi_cdrcmple              
000028a3  __aeabi_d2f                   
00002dbd  __aeabi_d2iz                  
00001897  __aeabi_dadd                  
00001d01  __aeabi_ddiv                  
000022ad  __aeabi_dmul                  
0000188d  __aeabi_dsub                  
000031e1  __aeabi_errno_addr            
00002f4f  __aeabi_f2d                   
00002ff1  __aeabi_i2d                   
0000245b  __aeabi_idiv0                 
0000245b  __aeabi_ldiv0                 
00002741  __aeabi_memclr                
00002741  __aeabi_memclr4               
00002741  __aeabi_memclr8               
00002503  __aeabi_memcpy                
00002503  __aeabi_memcpy4               
00002503  __aeabi_memcpy8               
00002743  __aeabi_memset                
00002743  __aeabi_memset4               
00002743  __aeabi_memset8               
00002e91  __aeabi_uidiv                 
00002e91  __aeabi_uidivmod              
0000259f  __aeabi_uldivmod              
ffffffff  __binit__                     
ffffffff  __c_args__                    
UNDEFED   __mpu_init                    
20000000  __stack                       
00002fbd  _c_int00_noargs               
000043b8  _ctypes_                      
UNDEFED   _system_post_cinit            
00003201  _system_pre_init              
00003205  abort                         
00002c99  atoi                          
ffffffff  binit                         
000030d9  copysign                      
000030d9  copysignl                     
20000808  errno                         
000012cd  exp2                          
000012cd  exp2l                         
000029e1  frexp                         
000029e1  frexpl                        
00000000  g_pfnVectors                  
2000080c  g_ui32SysClock                
0000219d  ldexp                         
0000219d  ldexpl                        
00002b57  ltoa                          
00001a45  main                          
000030a3  memccpy                       
00002503  memcpy                        
00002749  memset                        
000027bd  readI2C                       
0000219d  scalbn                        
0000219d  scalbnl                       
00002bfd  sensorOpt3001Convert          
00003069  sensorOpt3001Enable           
000031a7  sensorOpt3001Init             
00002e05  sensorOpt3001Read             
0000245d  sensorOpt3001Test             
00002ed1  sprintf                       
0000310b  strchr                        
00003121  strlen                        
0000316b  wcslen                        
00002979  writeI2C                      


GLOBAL SYMBOLS: SORTED BY Symbol Address 

address   name                          
-------   ----                          
00000000  __TI_static_base__            
00000000  g_pfnVectors                  
00000201  __TI_printfi                  
00000800  __STACK_SIZE                  
00000ec1  PinoutSet                     
000010cd  SysCtlClockFreqSet            
000012cd  exp2                          
000012cd  exp2l                         
000014cd  UARTvprintf                   
0000188d  __aeabi_dsub                  
00001897  __aeabi_dadd                  
00001a45  main                          
00001d01  __aeabi_ddiv                  
00001e37  GPIOPadConfigSet              
0000208d  SysCtlClockGet                
0000219d  ldexp                         
0000219d  ldexpl                        
0000219d  scalbn                        
0000219d  scalbnl                       
000022ad  __aeabi_dmul                  
0000245b  __aeabi_idiv0                 
0000245b  __aeabi_ldiv0                 
0000245d  sensorOpt3001Test             
00002503  __aeabi_memcpy                
00002503  __aeabi_memcpy4               
00002503  __aeabi_memcpy8               
00002503  memcpy                        
0000259f  __aeabi_uldivmod              
00002635  __aeabi_cdcmpeq               
00002635  __aeabi_cdcmple               
000026bb  __aeabi_cdrcmple              
00002741  __aeabi_memclr                
00002741  __aeabi_memclr4               
00002741  __aeabi_memclr8               
00002743  __aeabi_memset                
00002743  __aeabi_memset4               
00002743  __aeabi_memset8               
00002749  memset                        
000027bd  readI2C                       
000028a3  __aeabi_d2f                   
00002911  __TI_decompress_lzss          
00002979  writeI2C                      
000029e1  frexp                         
000029e1  frexpl                        
00002a45  UARTStdioConfig               
00002aa5  ConfigureUART                 
00002b57  ltoa                          
00002bfd  sensorOpt3001Convert          
00002c4d  I2CMasterInitExpClk           
00002c99  atoi                          
00002ce5  GPIOPinConfigure              
00002d2d  UARTwrite                     
00002dbd  __aeabi_d2iz                  
00002e05  sensorOpt3001Read             
00002e4d  __TI_auto_init_nobinit_nopinit
00002e91  __aeabi_uidiv                 
00002e91  __aeabi_uidivmod              
00002ed1  sprintf                       
00002f4f  __aeabi_f2d                   
00002f89  SysCtlPeripheralEnable        
00002fbd  _c_int00_noargs               
00002ff1  __aeabi_i2d                   
0000301f  GPIODirModeSet                
00003069  sensorOpt3001Enable           
00003087  __TI_zero_init_nomemset       
000030a3  memccpy                       
000030bf  UARTprintf                    
000030d9  copysign                      
000030d9  copysignl                     
0000310b  strchr                        
00003121  strlen                        
00003135  GPIOPinTypeEthernetLED        
00003147  GPIOPinTypeI2C                
00003159  GPIOPinTypeI2CSCL             
0000316b  wcslen                        
0000317d  IntMasterEnable               
0000318d  __TI_decompress_none          
0000319b  CPUcpsie                      
000031a7  sensorOpt3001Init             
000031b3  I2CMasterEnable               
000031c7  I2CMasterBusBusy              
000031cf  I2CMasterBusy                 
000031d7  I2CMasterSlaveAddrSet         
000031e1  __aeabi_errno_addr            
000031e9  ResetISR                      
000031ef  SysCtlDelay                   
000031f5  I2CMasterControl              
000031f9  I2CMasterDataGet              
000031fd  I2CMasterDataPut              
00003201  _system_pre_init              
00003205  C$$EXIT                       
00003205  abort                         
000043b8  _ctypes_                      
00004608  __TI_Handler_Table_Base       
00004614  __TI_Handler_Table_Limit      
00004628  __TI_CINIT_Base               
00004638  __TI_CINIT_Limit              
20000000  __stack                       
20000200  __STACK_TOP                   
20000800  __STACK_END                   
20000808  errno                         
2000080c  g_ui32SysClock                
ffffffff  __TI_pprof_out_hndl           
ffffffff  __TI_prof_data_size           
ffffffff  __TI_prof_data_start          
ffffffff  __binit__                     
ffffffff  __c_args__                    
ffffffff  binit                         
UNDEFED   __mpu_init                    
UNDEFED   _system_post_cinit            

[110 symbols]
