******************************************************************************
                  TI ARM Linker Unix v20.2.5                   
******************************************************************************
>> Linked Wed May  4 13:42:49 2022

OUTPUT FILE NAME:   <uartecho_EK_TM4C1294XL_TI.out>
ENTRY POINT SYMBOL: "_c_int00"  address: 00005841


MEMORY CONFIGURATION

         name            origin    length      used     unused   attr    fill
----------------------  --------  ---------  --------  --------  ----  --------
  FLASH                 00000000   00100000  0000a48c  000f5b74  R  X
  SRAM                  20000000   00040000  00002472  0003db8e  RW X


SEGMENT ALLOCATION MAP

run origin  load origin   length   init length attrs members
----------  ----------- ---------- ----------- ----- -------
00000000    00000000    0000a498   0000a498    r-x
  00000000    00000000    0000003c   0000003c    r-- .resetVecs
  00000040    00000040    0000768a   0000768a    r-x .text
  000076cc    000076cc    00002b36   00002b36    r-- .const
  0000a208    0000a208    00000290   00000290    r-- .cinit
20000000    20000000    00000360   00000000    rw-
  20000000    20000000    00000360   00000000    rw- .vecs
20000380    20000380    00002118   00000000    rw-
  20000380    20000380    00001830   00000000    rw- .bss
  20001bb0    20001bb0    000005e2   00000000    rw- .data
  20002198    20002198    00000300   00000000    rw- .stack


SECTION ALLOCATION MAP

 output                                  attributes/
section   page    origin      length       input sections
--------  ----  ----------  ----------   ----------------
.text      0    00000040    0000768a     
                  00000040    00000430     sysbios.aem4f : BIOS.obj (.text:ti_sysbios_family_arm_m3_Hwi_excDumpRegs__I)
                  00000470    0000034c     ti.targets.arm.rtsarm.aem4f : System.oem4f (.text:xdc_runtime_System_doPrint__I)
                  000007bc    00000004     driverlib.lib : uart.obj (.text:UARTIntClear)
                  000007c0    000002ec     sysbios.aem4f : BIOS.obj (.text:ti_sysbios_knl_Semaphore_pend__E)
                  00000aac    00000004     rtsv7M4_T_le_v4SPD16_eabi.lib : exit.c.obj (.text:abort:abort)
                  00000ab0    0000026c     sysbios.aem4f : BIOS.obj (.text:ti_sysbios_heaps_HeapMem_free__E)
                  00000d1c    00000004     uartecho_pem4f.oem4f (.text:ti_sysbios_BIOS_RtsGateProxy_enter__E)
                  00000d20    00000250     sysbios.aem4f : BIOS.obj (.text:ti_sysbios_heaps_HeapMem_alloc__E)
                  00000f70    00000234                   : BIOS.obj (.text:ti_sysbios_knl_Task_Instance_finalize__E)
                  000011a4    0000020c     drivers_tivaware.aem4f : UARTTiva.oem4f (.text:UARTTiva_open)
                  000013b0    00000204     Boot.aem4f : Boot_sysctl.oem4f (.text:ti_catalog_arm_cortexm4_tiva_ce_Boot_sysCtlClockFreqSetI__I)
                  000015b4    00000004     uartecho_pem4f.oem4f (.text:ti_sysbios_BIOS_RtsGateProxy_leave__E)
                  000015b8    000001f4     sysbios.aem4f : BIOS.obj (.text:ti_sysbios_family_arm_m3_Hwi_excHandlerMax__I)
                  000017ac    00000004                   : BIOS.obj (.text:ti_sysbios_family_arm_lm4_Timer_masterEnable__I)
                  000017b0    000001c0                   : BIOS.obj (.text:ti_sysbios_knl_Task_Instance_init__E)
                  00001970    0000018c                   : BIOS.obj (.text:ti_sysbios_family_arm_lm4_Timer_start__E)
                  00001afc    00000004     uartecho_pem4f.oem4f (.text:ti_sysbios_family_arm_m3_Hwi_destruct)
                  00001b00    00000178     sysbios.aem4f : BIOS.obj (.text:ti_sysbios_family_arm_lm4_TimestampProvider_get64__E)
                  00001c78    00000174                   : BIOS.obj (.text:ti_sysbios_family_arm_m3_Hwi_excBusFault__I)
                  00001dec    00000004     uartecho_pem4f.oem4f (.text:ti_sysbios_family_arm_m3_TaskSupport_Module__startupDone__S)
                  00001df0    00000164     sysbios.aem4f : BIOS.obj (.text:ti_sysbios_family_arm_m3_Hwi_excUsageFault__I)
                  00001f54    00000150     drivers_tivaware.aem4f : GPIOTiva.oem4f (.text:GPIO_setConfig)
                  000020a4    00000004     uartecho_pem4f.oem4f (.text:ti_sysbios_heaps_HeapMem_Module_GateProxy_enter__E)
                  000020a8    00000148     sysbios.aem4f : BIOS.obj (.text:ti_sysbios_family_arm_m3_Hwi_excMemFault__I)
                  000021f0    00000140                   : BIOS.obj (.text:ti_sysbios_knl_Semaphore_post__E)
                  00002330    0000013c                   : BIOS.obj (.text:ti_sysbios_heaps_HeapMem_Instance_init__E)
                  0000246c    00000004     uartecho_pem4f.oem4f (.text:ti_sysbios_heaps_HeapMem_Module_GateProxy_leave__E)
                  00002470    0000013c     sysbios.aem4f : BIOS.obj (.text:ti_sysbios_knl_Clock_workFunc__E)
                  000025ac    0000013c     uartecho_pem4f.oem4f (.text:ti_uia_loggers_LoggerStopMode_writeMemoryRange__E)
                  000026e8    00000138     sysbios.aem4f : BIOS.obj (.text:ti_sysbios_family_arm_m3_Hwi_dispatchC__I)
                  00002820    00000130     driverlib.lib : gpio.obj (.text:GPIOPadConfigSet)
                  00002950    0000012c     uartecho.obj (.text:main)
                  00002a7c    00000004     uartecho_pem4f.oem4f (.text:ti_sysbios_knl_Clock_TimerProxy_getMaxTicks__E)
                  00002a80    0000011c     sysbios.aem4f : BIOS.obj (.text:ti_sysbios_knl_Clock_Instance_init__E)
                  00002b9c    00000004     uartecho_pem4f.oem4f (.text:ti_sysbios_knl_Clock_TimerProxy_getPeriod__E)
                  00002ba0    0000011c     sysbios.aem4f : BIOS.obj (.text:ti_sysbios_knl_Swi_run__I)
                  00002cbc    00000118     ti.targets.arm.rtsarm.aem4f : Error.oem4f (.text:xdc_runtime_Error_policyDefault__E)
                  00002dd4    00000110     uartecho_pem4f.oem4f (.text:ti_uia_loggers_LoggerStopMode_write8__E)
                  00002ee4    00000100     ti.targets.arm.rtsarm.aem4f : Core-mem.oem4f (.text:xdc_runtime_Core_createObject__I)
                  00002fe4    000000f8     uartecho_pem4f.oem4f (.text:ti_uia_loggers_LoggerStopMode_write4__E)
                  000030dc    000000f8     ti.targets.arm.rtsarm.aem4f : Startup.oem4f (.text:xdc_runtime_Startup_startMods__I)
                  000031d4    000000f8     uartecho_pem4f.oem4f (.text:xdc_runtime_System_printfExtend__I)
                  000032cc    000000f4     sysbios.aem4f : m3_Hwi_asm.obj (.text:ti_sysbios_family_arm_m3_Hwi_dispatch__I)
                  000033c0    000000ec     uartecho_pem4f.oem4f (.text:ti_uia_loggers_LoggerStopMode_write1__E)
                  000034ac    000000ec     uartecho_pem4f.oem4f (.text:ti_uia_loggers_LoggerStopMode_write2__E)
                  00003598    000000dc     uartecho_pem4f.oem4f (.text:ti_uia_loggers_LoggerStopMode_write0__E)
                  00003674    00000004     uartecho_pem4f.oem4f (.text:ti_sysbios_knl_Clock_destruct)
                  00003678    000000d8     sysbios.aem4f : BIOS.obj (.text:ti_sysbios_family_arm_lm4_TimestampProvider_get32__E)
                  00003750    000000cc                   : BIOS.obj (.text:ti_sysbios_knl_Task_schedule__I)
                  0000381c    000000cc     ti.targets.arm.rtsarm.aem4f : Core-smem.oem4f (.text:xdc_runtime_Core_constructObject__I)
                  000038e8    000000bc     sysbios.aem4f : BIOS.obj (.text:ti_sysbios_family_arm_m3_Hwi_excDebugMon__I)
                  000039a4    00000004     uartecho_pem4f.oem4f (.text:ti_sysbios_knl_Queue_destruct)
                  000039a8    000000bc     sysbios.aem4f : BIOS.obj (.text:ti_sysbios_family_arm_m3_Hwi_excHardFault__I)
                  00003a64    00000004     uartecho_pem4f.oem4f (.text:ti_sysbios_knl_Semaphore_destruct)
                  00003a68    000000bc     sysbios.aem4f : BIOS.obj (.text:ti_sysbios_knl_Task_startCore__E)
                  00003b24    00000004     ti.uia.loggers.aem4f : LoggerStopMode.oem4f (.text:ti_uia_loggers_LoggerStopMode_getContents__E)
                  00003b28    000000bc     sysbios.aem4f : BIOS.obj (.text:ti_sysbios_utils_Load_updateLoads__E)
                  00003be4    000000b8     EK_TM4C1294XL.obj (.text:EK_TM4C1294XL_initGeneral)
                  00003c9c    00000004     uartecho_pem4f.oem4f (.text:ti_uia_loggers_LoggerStopMode_getFilterLevel__E)
                  00003ca0    000000b4     sysbios.aem4f : BIOS.obj (.text:ti_sysbios_gates_GateMutex_enter__E)
                  00003d54    00000004     ti.uia.loggers.aem4f : LoggerStopMode.oem4f (.text:ti_uia_loggers_LoggerStopMode_getInstanceId__E)
                  00003d58    000000b4     sysbios.aem4f : BIOS.obj (.text:ti_sysbios_knl_Task_checkStacks__E)
                  00003e0c    00000004     ti.uia.loggers.aem4f : LoggerStopMode.oem4f (.text:ti_uia_loggers_LoggerStopMode_getMaxLength__E)
                  00003e10    000000b0     sysbios.aem4f : BIOS.obj (.text:ti_sysbios_utils_Load_idleFxn__E)
                  00003ec0    000000ac     drivers_tivaware.aem4f : UARTTiva.oem4f (.text:readTaskBlocking)
                  00003f6c    00000004     ti.uia.loggers.aem4f : LoggerStopMode.oem4f (.text:ti_uia_loggers_LoggerStopMode_getPriority__E)
                  00003f70    000000ac     sysbios.aem4f : BIOS.obj (.text:ti_sysbios_family_arm_lm4_Timer_enableTiva__I)
                  0000401c    00000004     ti.uia.loggers.aem4f : LoggerStopMode.oem4f (.text:ti_uia_loggers_LoggerStopMode_getTransferType__E)
                  00004020    000000ac     sysbios.aem4f : BIOS.obj (.text:ti_sysbios_knl_Swi_post__E)
                  000040cc    00000004     ti.targets.arm.rtsarm.aem4f : Error.oem4f (.text:xdc_runtime_Error_getSite__E)
                  000040d0    000000a8     sysbios.aem4f : BIOS.obj (.text:ti_sysbios_family_arm_lm4_Timer_enableTimers__I)
                  00004178    000000a8                   : BIOS.obj (.text:ti_sysbios_knl_Task_blockI__E)
                  00004220    000000a8                   : BIOS.obj (.text:ti_sysbios_knl_Task_postInit__I)
                  000042c8    000000a4                   : BIOS.obj (.text:ti_sysbios_knl_Clock_Instance_finalize__E)
                  0000436c    000000a0     auto_init.aem4f : auto_init.oem4f (.text)
                  0000440c    000000a0     ti.targets.arm.rtsarm.aem4f : Text.oem4f (.text:xdc_runtime_Text_putMod__E)
                  000044ac    0000009c     rtsv7M4_T_le_v4SPD16_eabi.lib : memcpy_t2.asm.obj (.text)
                  00004548    0000009c     sysbios.aem4f : BIOS.obj (.text:ti_sysbios_knl_Semaphore_Instance_init__E)
                  000045e4    0000009a     ti.targets.arm.rtsarm.aem4f : Text.oem4f (.text:xdc_runtime_Text_putSite__E)
                  0000467e    00000098     drivers_tivaware.aem4f : UARTTiva.oem4f (.text:UARTTiva_readPolling)
                  00004716    00000002     rtsv7M4_T_le_v4SPD16_eabi.lib : _lock.c.obj (.text:_nop)
                  00004718    00000098     Boot.aem4f : Boot.oem4f (.text:ti_catalog_arm_cortexm4_tiva_ce_Boot_sysCtlClockFreqSet__E)
                  000047b0    00000094     drivers_tivaware.aem4f : UARTTiva.oem4f (.text:UARTTiva_write)
                  00004844    00000004     uartecho_pem4f.oem4f (.text:xdc_runtime_System_Module_GateProxy_enter__E)
                  00004848    00000094     sysbios.aem4f : BIOS.obj (.text:ti_sysbios_family_arm_m3_Hwi_Instance_init__E)
                  000048dc    00000004     uartecho_pem4f.oem4f (.text:xdc_runtime_System_Module_GateProxy_leave__E)
                  000048e0    00000094     sysbios.aem4f : BIOS.obj (.text:ti_sysbios_family_arm_m3_Hwi_initNVIC__E)
                  00004974    00000004     ti.targets.arm.rtsarm.aem4f : System.oem4f (.text:xdc_runtime_System_aprintf_va__F)
                  00004978    00000094     sysbios.aem4f : BIOS.obj (.text:ti_sysbios_knl_Task_exit__E)
                  00004a0c    00000004     ti.targets.arm.rtsarm.aem4f : System.oem4f (.text:xdc_runtime_System_printf_va__F)
                  00004a10    00000090     sysbios.aem4f : BIOS.obj (.text:ti_sysbios_knl_Task_unblockI__E)
                  00004aa0    00000090     ti.uia.loggers.aem4f : LoggerStopMode.oem4f (.text:ti_uia_loggers_LoggerStopMode_initQueueDescriptor__E)
                  00004b30    0000008c     drivers_tivaware.aem4f : GPIOTiva.oem4f (.text:GPIO_init)
                  00004bbc    0000008c                            : UARTTiva.oem4f (.text:UARTTiva_control)
                  00004c48    0000008c     sysbios.aem4f : m3_TaskSupport_asm.obj (.text:ti_sysbios_family_arm_m3_TaskSupport_buildTaskStack)
                  00004cd4    0000008a     drivers_tivaware.aem4f : UARTTiva.oem4f (.text:readIsrTextBlocking)
                  00004d5e    00000002     rtsv7M4_T_le_v4SPD16_eabi.lib : div0.asm.obj (.text)
                  00004d60    00000088     uartecho.obj (.text:echoFxn)
                  00004de8    00000084     sysbios.aem4f : BIOS.obj (.text:ti_sysbios_family_arm_m3_Hwi_postInit__I)
                  00004e6c    00000082     drivers_tivaware.aem4f : UARTTiva.oem4f (.text:readIsrTextCallback)
                  00004eee    0000007a                            : UARTTiva.oem4f (.text:readTaskCallback)
                  00004f68    0000007a     rtsv7M4_T_le_v4SPD16_eabi.lib : memset_t2.asm.obj (.text)
                  00004fe2    00000006     driverlib.lib : gpio.obj (.text:GPIOIntClear)
                  00004fe8    00000074     sysbios.aem4f : BIOS.obj (.text:ti_sysbios_knl_Clock_start__E)
                  0000505c    00000074     ti.uia.runtime.aem4f : QueueDescriptor.oem4f (.text:ti_uia_runtime_QueueDescriptor_addToList__E)
                  000050d0    0000006d     ti.targets.arm.rtsarm.aem4f : System.oem4f (.text:xdc_runtime_System_formatNum__I)
                  0000513d    00000001     --HOLE-- [fill = 0]
                  0000513e    00000002     uartecho_pem4f.oem4f (.text:ti_sysbios_BIOS_nullFunc__I)
                  00005140    0000006c     sysbios.aem4f : BIOS.obj (.text:ti_sysbios_knl_Swi_restoreHwi__E)
                  000051ac    0000006c     drivers_tivaware.aem4f : UARTTiva.oem4f (.text:writeData)
                  00005218    0000006c     ti.targets.arm.rtsarm.aem4f : Error.oem4f (.text:xdc_runtime_Error_print__E)
                  00005284    0000006c                                 : Memory.oem4f (.text:xdc_runtime_Memory_alloc__E)
                  000052f0    00000068     rtsv7M4_T_le_v4SPD16_eabi.lib : copy_decompress_lzss.c.obj (.text:decompress:lzss:__TI_decompress_lzss)
                  00005358    00000066     ti.uia.loggers.aem4f : LoggerStopMode.oem4f (.text:ti_uia_loggers_LoggerStopMode_flush__E)
                  000053be    00000066     ti.targets.arm.rtsarm.aem4f : Core-mem.oem4f (.text:xdc_runtime_Core_deleteObject__I)
                  00005424    00000064     drivers_tivaware.aem4f : GPIOTiva.oem4f (.text:GPIO_hwiIntFxn)
                  00005488    00000064     sysbios.aem4f : BIOS.obj (.text:ti_sysbios_family_arm_lm4_Timer_Module_startup__E)
                  000054ec    00000064     uartecho_pem4f.oem4f (.text:ti_sysbios_family_arm_m3_Hwi_create)
                  00005550    00000060     sysbios.aem4f : BIOS.obj (.text:ti_sysbios_family_arm_lm4_Timer_isrStub__E)
                  000055b0    00000060                   : BIOS.obj (.text:ti_sysbios_knl_Clock_logTick__E)
                  00005610    00000060                   : BIOS.obj (.text:ti_sysbios_utils_Load_logCPULoad__I)
                  00005670    0000005e     drivers_tivaware.aem4f : UARTTiva.oem4f (.text:readIsrBinaryBlocking)
                  000056ce    00000002     uartecho_pem4f.oem4f (.text:ti_uia_loggers_LoggerStopMode_setFilterLevel__E)
                  000056d0    0000005c     sysbios.aem4f : BIOS.obj (.text:ti_sysbios_knl_Swi_schedule__I)
                  0000572c    00000002     ti.uia.loggers.aem4f : LoggerStopMode.oem4f (.text:ti_uia_loggers_LoggerStopMode_setPriority__E)
                  0000572e    00000002     uartecho_pem4f.oem4f (.text:xdc_runtime_Startup_reset__I)
                  00005730    0000005c     sysbios.aem4f : BIOS.obj (.text:ti_sysbios_knl_Task_Module_startup__E)
                  0000578c    0000005b     ti.targets.arm.rtsarm.aem4f : Text.oem4f (.text:xdc_runtime_Text_putLab__E)
                  000057e7    00000001     --HOLE-- [fill = 0]
                  000057e8    00000058     rtsv7M4_T_le_v4SPD16_eabi.lib : hostwrite.c.obj (.text:HOSTwrite)
                  00005840    00000058     boot.aem4f : boot.oem4f (.text)
                  00005898    00000058     uartecho_pem4f.oem4f (.text:ti_sysbios_family_arm_m3_Hwi_construct)
                  000058f0    00000058     sysbios.aem4f : m3_Hwi_asm_switch.obj (.text:ti_sysbios_family_arm_m3_Hwi_initStacks__E)
                  00005948    00000056     driverlib.lib : gpio.obj (.text:GPIOIntTypeSet)
                  0000599e    00000054     drivers_tivaware.aem4f : UARTTiva.oem4f (.text:readIsrBinaryCallback)
                  000059f2    00000002     --HOLE-- [fill = 0]
                  000059f4    00000054     uartecho_pem4f.oem4f (.text:ti_sysbios_knl_Task_construct)
                  00005a48    00000054     ti.targets.arm.rtsarm.aem4f : Assert.oem4f (.text:xdc_runtime_Assert_raise__I)
                  00005a9c    00000050     drivers_tivaware.aem4f : GPIOTiva.oem4f (.text:GPIO_setCallback)
                  00005aec    00000050                            : GPIOTiva.oem4f (.text:GPIO_write)
                  00005b3c    00000050                            : UARTTiva.oem4f (.text:UARTTiva_writeCancel)
                  00005b8c    00000050     Boot.aem4f : Boot_sysctl.oem4f (.text:_SysCtlFrequencyGet)
                  00005bdc    00000004     --HOLE-- [fill = 0]
                  00005be0    00000050     sysbios.aem4f : BIOS.obj (.text:ti_sysbios_family_arm_m3_Hwi_Module_startup__E)
                  00005c30    00000050     ti.targets.arm.rtsarm.aem4f : Startup.oem4f (.text:xdc_runtime_Startup_exec__E)
                  00005c80    00000050                                 : Text.oem4f (.text:xdc_runtime_Text_visitRope2__I)
                  00005cd0    0000004c     drivers_tivaware.aem4f : UARTTiva.oem4f (.text:UARTTiva_close)
                  00005d1c    0000004c     rtsv7M4_T_le_v4SPD16_eabi.lib : cpy_tbl.c.obj (.text:copy_in)
                  00005d68    0000004c     sysbios.aem4f : BIOS.obj (.text:ti_sysbios_heaps_HeapMem_getStats__E)
                  00005db4    00000004     --HOLE-- [fill = 0]
                  00005db8    0000004c                   : BIOS.obj (.text:ti_sysbios_knl_Swi_runLoop__I)
                  00005e04    00000004     --HOLE-- [fill = 0]
                  00005e08    0000004c                   : BIOS.obj (.text:ti_sysbios_knl_Task_allBlockedFunction__I)
                  00005e54    0000004c     ti.uia.loggers.aem4f : LoggerStopMode.oem4f (.text:ti_uia_loggers_LoggerStopMode_Module_startup__E)
                  00005ea0    00000048     driverlib.lib : gpio.obj (.text:GPIOPinConfigure)
                  00005ee8    00000048     sysbios.aem4f : BIOS.obj (.text:ti_sysbios_family_arm_m3_Hwi_disableInterrupt__E)
                  00005f30    00000048                   : BIOS.obj (.text:ti_sysbios_family_arm_m3_Hwi_enableInterrupt__E)
                  00005f78    00000048                   : BIOS.obj (.text:ti_sysbios_family_arm_m3_Hwi_excReserved__I)
                  00005fc0    00000046     drivers_tivaware.aem4f : RingBuf.oem4f (.text:RingBuf_put)
                  00006006    00000046     ti.targets.arm.rtsarm.aem4f : Core-params.oem4f (.text:xdc_runtime_Core_assignParams__I)
                  0000604c    00000004     --HOLE-- [fill = 0]
                  00006050    00000044     sysbios.aem4f : BIOS.obj (.text:ti_sysbios_family_arm_lm4_Timer_stop__E)
                  00006094    00000004     --HOLE-- [fill = 0]
                  00006098    00000044                   : BIOS.obj (.text:ti_sysbios_family_arm_m3_Hwi_getStackInfo__E)
                  000060dc    00000044     ti.uia.loggers.aem4f : LoggerStopMode.oem4f (.text:ti_uia_loggers_LoggerStopMode_initBuffer__I)
                  00006120    00000044     ti.targets.arm.rtsarm.aem4f : Error.oem4f (.text:xdc_runtime_Error_setX__E)
                  00006164    00000044                                 : SysMin.oem4f (.text:xdc_runtime_SysMin_flush__E)
                  000061a8    00000044                                 : Text.oem4f (.text:xdc_runtime_Text_xprintf__I)
                  000061ec    00000042     driverlib.lib : uart.obj (.text:UARTConfigSetExpClk)
                  0000622e    00000042     drivers_tivaware.aem4f : UARTTiva.oem4f (.text:UARTTiva_hwiIntFxn)
                  00006270    00000042                            : UARTTiva.oem4f (.text:UARTTiva_writePolling)
                  000062b2    00000040                            : RingBuf.oem4f (.text:RingBuf_get)
                  000062f2    00000040                            : UARTTiva.oem4f (.text:UARTTiva_read)
                  00006332    00000040     rtsv7M4_T_le_v4SPD16_eabi.lib : u_divt2.asm.obj (.text)
                  00006372    00000006     driverlib.lib : gpio.obj (.text:GPIOPinWrite)
                  00006378    00000040     sysbios.aem4f : BIOS.obj (.text:ti_sysbios_family_arm_lm4_Timer_startup__E)
                  000063b8    0000003c                   : BIOS.obj (.text:ti_sysbios_family_arm_m3_Hwi_excSvCall__I)
                  000063f4    00000004     --HOLE-- [fill = 0]
                  000063f8    0000003c                   : BIOS.obj (.text:ti_sysbios_heaps_HeapMem_init__I)
                  00006434    00000004     --HOLE-- [fill = 0]
                  00006438    0000003c                   : BIOS.obj (.text:ti_sysbios_knl_Swi_startup__E)
                  00006474    00000038     drivers_tivaware.aem4f : UART.oem4f (.text:UART_init)
                  000064ac    00000038     rtsv7M4_T_le_v4SPD16_eabi.lib : trgmsg.c.obj (.text:__TI_writemsg)
                  000064e4    00000004     --HOLE-- [fill = 0]
                  000064e8    00000038     sysbios.aem4f : BIOS.obj (.text:ti_sysbios_family_arm_m3_Hwi_excNoIsr__I)
                  00006520    00000038                   : BIOS.obj (.text:ti_sysbios_knl_Task_processVitalTaskFlag__I)
                  00006558    00000038     ti.targets.arm.rtsarm.aem4f : SysMin.oem4f (.text:xdc_runtime_SysMin_putch__E)
                  00006590    00000038                                 : System.oem4f (.text:xdc_runtime_System_atexit__E)
                  000065c8    00000036     drivers_tivaware.aem4f : UARTTiva.oem4f (.text:UARTTiva_readCancel)
                  000065fe    00000002     --HOLE-- [fill = 0]
                  00006600    00000034     driverlib.lib : sysctl.obj (.text:SysCtlPeripheralEnable)
                  00006634    00000034     rtsv7M4_T_le_v4SPD16_eabi.lib : trgmsg.c.obj (.text:__TI_readmsg)
                  00006668    00000034     sysbios.aem4f : BIOS.obj (.text:ti_sysbios_family_arm_m3_Hwi_Instance_finalize__E)
                  0000669c    00000004     --HOLE-- [fill = 0]
                  000066a0    00000034                   : BIOS.obj (.text:ti_sysbios_family_arm_m3_Hwi_excNmi__I)
                  000066d4    00000004     --HOLE-- [fill = 0]
                  000066d8    00000034                   : BIOS.obj (.text:ti_sysbios_hal_Hwi_checkStack)
                  0000670c    00000034     uartecho_pem4f.oem4f (.text:ti_sysbios_knl_Clock_construct)
                  00006740    00000034     ti.uia.loggers.aem4f : LoggerStopMode.oem4f (.text:ti_uia_loggers_LoggerStopMode_reset__E)
                  00006774    00000034     ti.targets.arm.rtsarm.aem4f : Core-label.oem4f (.text:xdc_runtime_Core_assignLabel__I)
                  000067a8    00000033                                 : Text.oem4f (.text:xdc_runtime_Text_printVisFxn__I)
                  000067db    00000005     --HOLE-- [fill = 0]
                  000067e0    00000032     sysbios.aem4f : BIOS.obj (.text:ti_sysbios_hal_Hwi_initStack)
                  00006812    00000006     driverlib.lib : uart.obj (.text:UARTFIFOLevelSet)
                  00006818    00000032     sysbios.aem4f : BIOS.obj (.text:ti_sysbios_knl_Semaphore_pendTimeout__I)
                  0000684a    00000002     --HOLE-- [fill = 0]
                  0000684c    00000030     drivers_tivaware.aem4f : UART.oem4f (.text:UART_open)
                  0000687c    00000030     uartecho_pem4f.oem4f (.text:ti_sysbios_BIOS_atExitFunc__I)
                  000068ac    00000004     --HOLE-- [fill = 0]
                  000068b0    00000030     sysbios.aem4f : BIOS.obj (.text:ti_sysbios_family_arm_m3_TaskSupport_start__E)
                  000068e0    00000030     uartecho_pem4f.oem4f (.text:ti_sysbios_gates_GateHwi_Object__create__S)
                  00006910    00000030     uartecho_pem4f.oem4f (.text:ti_sysbios_gates_GateMutex_Object__create__S)
                  00006940    00000030     uartecho_pem4f.oem4f (.text:ti_sysbios_heaps_HeapMem_Object__create__S)
                  00006970    00000030     uartecho_pem4f.oem4f (.text:ti_sysbios_knl_Semaphore_construct)
                  000069a0    00000030     sysbios.aem4f : BIOS.obj (.text:ti_sysbios_utils_Load_updateCurrentThreadTime__E)
                  000069d0    00000030     uartecho_pem4f.oem4f (.text:ti_uia_loggers_LoggerStopMode_Object__create__S)
                  00006a00    00000030     ti.targets.arm.rtsarm.aem4f : SysMin.oem4f (.text:xdc_runtime_SysMin_abort__E)
                  00006a30    00000030                                 : System.oem4f (.text:xdc_runtime_System_processAtExit__E)
                  00006a60    0000002c     EK_TM4C1294XL.obj (.text:EK_TM4C1294XL_initUART)
                  00006a8c    0000002c     uartecho_pem4f.oem4f (.text:ti_sysbios_knl_Clock_doTick__I)
                  00006ab8    0000002c     uartecho_pem4f.oem4f (.text:ti_sysbios_knl_Queue_construct)
                  00006ae4    00000004     --HOLE-- [fill = 0]
                  00006ae8    0000002c     sysbios.aem4f : BIOS.obj (.text:ti_sysbios_knl_Task_restore__E)
                  00006b14    0000002c     ti.targets.arm.rtsarm.aem4f : Text.oem4f (.text:xdc_runtime_Text_cordText__E)
                  00006b40    0000002a     driverlib.lib : gpio.obj (.text:GPIODirModeSet)
                  00006b6a    0000002a     ti.targets.arm.rtsarm.aem4f : System.oem4f (.text:xdc_runtime_System_putchar__I)
                  00006b94    00000004     --HOLE-- [fill = 0]
                  00006b98    00000028     sysbios.aem4f : BIOS.obj (.text:ti_sysbios_knl_Swi_Module_startup__E)
                  00006bc0    00000026                   : m3_Hwi_asm.obj (.text:ti_sysbios_family_arm_m3_Hwi_pendSV__I)
                  00006be6    00000026     ti.targets.arm.rtsarm.aem4f : System.oem4f (.text:xdc_runtime_System_avprintf__E)
                  00006c0c    00000024     uartecho_pem4f.oem4f (.text:ti_sysbios_BIOS_registerRTSLock__I)
                  00006c30    00000024     uartecho_pem4f.oem4f (.text:ti_sysbios_BIOS_removeRTSLock__I)
                  00006c54    00000024     uartecho_pem4f.oem4f (.text:ti_sysbios_BIOS_startFunc__I)
                  00006c78    00000024     sysbios.aem4f : BIOS.obj (.text:ti_sysbios_family_arm_m3_Hwi_doTaskRestore__I)
                  00006c9c    00000024     uartecho_pem4f.oem4f (.text:ti_sysbios_gates_GateMutex_Object__delete__S)
                  00006cc0    00000024     sysbios.aem4f : BIOS.obj (.text:ti_sysbios_knl_Clock_Module_startup__E)
                  00006ce4    00000024     ti.targets.arm.rtsarm.aem4f : System.oem4f (.text:xdc_runtime_System_vprintf__E)
                  00006d08    00000022     sysbios.aem4f : BIOS.obj (.text:ti_sysbios_family_arm_lm4_Timer_write__I)
                  00006d2a    00000022     uartecho_pem4f.oem4f (.text:xdc_runtime_SysMin_output__I)
                  00006d4c    00000020     Boot.aem4f : Boot_sysctl.oem4f (.text:_SysCtlMemTimingGet)
                  00006d6c    00000020     uartecho_pem4f.oem4f (.text:ti_sysbios_BIOS_rtsLock__I)
                  00006d8c    00000020     sysbios.aem4f : m3_Hwi_asm.obj (.text:ti_sysbios_family_arm_m3_Hwi_excHandlerAsm__I)
                  00006dac    00000004     --HOLE-- [fill = 0]
                  00006db0    00000020                   : BIOS.obj (.text:ti_sysbios_family_arm_m3_Hwi_excHandler__I)
                  00006dd0    00000020     uartecho_pem4f.oem4f (.text:ti_sysbios_gates_GateHwi_Object__delete__S)
                  00006df0    00000020     uartecho_pem4f.oem4f (.text:ti_sysbios_heaps_HeapMem_Object__delete__S)
                  00006e10    00000020     uartecho_pem4f.oem4f (.text:ti_sysbios_knl_Clock_Object__destruct__S)
                  00006e30    00000020     sysbios.aem4f : BIOS.obj (.text:ti_sysbios_knl_Idle_run__E)
                  00006e50    00000020     uartecho_pem4f.oem4f (.text:ti_sysbios_knl_Semaphore_Object__destruct__S)
                  00006e70    00000020     uartecho_pem4f.oem4f (.text:ti_uia_loggers_LoggerStopMode_Object__delete__S)
                  00006e90    00000020     ti.targets.arm.rtsarm.aem4f : Registry.oem4f (.text:xdc_runtime_Registry_findById__E)
                  00006eb0    00000020                                 : SysMin.oem4f (.text:xdc_runtime_SysMin_Module_startup__E)
                  00006ed0    0000001e     uartecho_pem4f.oem4f (.text:ti_sysbios_BIOS_errorRaiseHook__I)
                  00006eee    0000001e     sysbios.aem4f : m3_Hwi_asm_switch.obj (.text:ti_sysbios_family_xxx_Hwi_switchAndRunFunc)
                  00006f0c    0000001c     driverlib.lib : uart.obj (.text:UARTDisable)
                  00006f28    0000001c     drivers_tivaware.aem4f : GPIOTiva.oem4f (.text:getGpioIntIndex)
                  00006f44    0000001c     uartecho_pem4f.oem4f (.text:ti_sysbios_family_arm_m3_Hwi_Object__destruct__S)
                  00006f60    0000001c     sysbios.aem4f : BIOS.obj (.text:ti_sysbios_gates_GateMutex_Instance_init__E)
                  00006f7c    0000001c     uartecho_pem4f.oem4f (.text:ti_sysbios_knl_Queue_Object__destruct__S)
                  00006f98    0000001c     sysbios.aem4f : BIOS.obj (.text:ti_sysbios_knl_Task_enter__I)
                  00006fb4    0000001c     ti.uia.loggers.aem4f : LoggerStopMode.oem4f (.text:ti_uia_loggers_LoggerStopMode_Instance_init__E)
                  00006fd0    0000001c     ti.targets.arm.rtsarm.aem4f : Error.oem4f (.text:xdc_runtime_Error_raiseX__E)
                  00006fec    0000001c                                 : Memory.oem4f (.text:xdc_runtime_Memory_valloc__E)
                  00007008    0000001c                                 : SysMin.oem4f (.text:xdc_runtime_SysMin_exit__E)
                  00007024    0000001c                                 : System.oem4f (.text:xdc_runtime_System_abort__E)
                  00007040    0000001a     uartecho_pem4f.oem4f (.text:ti_sysbios_family_arm_m3_Hwi_Handle__label__S)
                  0000705a    0000001a     uartecho_pem4f.oem4f (.text:ti_sysbios_gates_GateHwi_Handle__label__S)
                  00007074    0000001a     uartecho_pem4f.oem4f (.text:ti_sysbios_gates_GateMutex_Handle__label__S)
                  0000708e    0000001a     uartecho_pem4f.oem4f (.text:ti_sysbios_heaps_HeapMem_Handle__label__S)
                  000070a8    0000001a     uartecho_pem4f.oem4f (.text:ti_sysbios_knl_Swi_Handle__label__S)
                  000070c2    0000001a     uartecho_pem4f.oem4f (.text:ti_sysbios_knl_Task_Handle__label__S)
                  000070dc    0000001a     uartecho_pem4f.oem4f (.text:ti_uia_loggers_LoggerStopMode_Handle__label__S)
                  000070f6    0000001a     uartecho_pem4f.oem4f (.text:xdc_runtime_System_aprintf__E)
                  00007110    0000001a     uartecho_pem4f.oem4f (.text:xdc_runtime_System_printf__E)
                  0000712a    00000002     --HOLE-- [fill = 0]
                  0000712c    00000018     drivers_tivaware.aem4f : UART.oem4f (.text:UART_Params_init)
                  00007144    00000018     rtsv7M4_T_le_v4SPD16_eabi.lib : args_main.c.obj (.text:_args_main)
                  0000715c    00000018     uartecho_pem4f.oem4f (.text:ti_sysbios_BIOS_rtsUnlock__I)
                  00007174    00000018     uartecho_pem4f.oem4f (.text:ti_sysbios_family_arm_lm4_Timer_Module__startupDone__F)
                  0000718c    00000018     uartecho_pem4f.oem4f (.text:ti_sysbios_family_arm_m3_Hwi_Module__startupDone__F)
                  000071a4    00000018     sysbios.aem4f : m3_TaskSupport_asm.obj (.text:ti_sysbios_family_arm_m3_TaskSupport_swap__E)
                  000071bc    00000004     --HOLE-- [fill = 0]
                  000071c0    00000018                   : BIOS.obj (.text:ti_sysbios_gates_GateMutex_leave__E)
                  000071d8    00000018     ti.targets.arm.rtsarm.aem4f : Error.oem4f (.text:xdc_runtime_Error_check__E)
                  000071f0    00000018                                 : System.oem4f (.text:xdc_runtime_System_exit__E)
                  00007208    00000018                                 : Text.oem4f (.text:xdc_runtime_Text_ropeText__E)
                  00007220    00000016     uartecho_pem4f.oem4f (.text:ti_sysbios_BIOS_exitFunc__I)
                  00007236    00000016     uartecho.obj (.text:ti_sysbios_knl_Task_Params_init)
                  0000724c    00000016     ti.uia.loggers.aem4f : LoggerStopMode.oem4f (.text:ti_uia_loggers_LoggerStopMode_disable__E)
                  00007262    00000016                          : LoggerStopMode.oem4f (.text:ti_uia_loggers_LoggerStopMode_enable__E)
                  00007278    00000014     driverlib.lib : uart.obj (.text:UARTEnable)
                  0000728c    00000014     rtsv7M4_T_le_v4SPD16_eabi.lib : strlen.c.obj (.text:strlen)
                  000072a0    00000014     uartecho_pem4f.oem4f (.text:ti_sysbios_family_arm_m3_Hwi_Object__get__S)
                  000072b4    00000004     --HOLE-- [fill = 0]
                  000072b8    00000014     sysbios.aem4f : BIOS.obj (.text:ti_sysbios_family_arm_m3_Hwi_switchFromBootStack__E)
                  000072cc    00000014     uartecho_pem4f.oem4f (.text:ti_sysbios_heaps_HeapMem_Object__get__S)
                  000072e0    00000014     uartecho_pem4f.oem4f (.text:ti_sysbios_knl_Swi_Object__get__S)
                  000072f4    00000012     driverlib.lib : gpio.obj (.text:GPIOPinTypeUART)
                  00007306    00000012     drivers_tivaware.aem4f : RingBuf.oem4f (.text:RingBuf_construct)
                  00007318    00000012     sysbios.aem4f : BIOS.obj (.text:ti_sysbios_hal_Hwi_Module_startup__E)
                  0000732a    00000012     uartecho_pem4f.oem4f (.text:xdc_runtime_Startup_exec__I)
                  0000733c    00000010     uartecho_pem4f.oem4f (.text:.bootCodeSection:ti_catalog_arm_cortexm4_tiva_ce_Boot_init__I)
                  0000734c    00000010     drivers_tivaware.aem4f : UARTTiva.oem4f (.text:readBlockingTimeout)
                  0000735c    00000004     --HOLE-- [fill = 0]
                  00007360    00000010     sysbios.aem4f : BIOS.obj (.text:ti_sysbios_BIOS_getCpuFreq__E)
                  00007370    00000010                   : BIOS.obj (.text:ti_sysbios_BIOS_setThreadType__E)
                  00007380    00000010                   : BIOS.obj (.text:ti_sysbios_BIOS_start__E)
                  00007390    00000010                   : BIOS.obj (.text:ti_sysbios_family_arm_lm4_TimestampProvider_rolloverFunc__E)
                  000073a0    00000010                   : m3_TaskSupport_asm.obj (.text:ti_sysbios_family_arm_m3_TaskSupport_glue)
                  000073b0    00000010                   : BIOS.obj (.text:ti_sysbios_gates_GateMutex_Instance_finalize__E)
                  000073c0    00000010                   : BIOS.obj (.text:ti_sysbios_knl_Semaphore_Instance_finalize__E)
                  000073d0    00000010                   : BIOS.obj (.text:ti_sysbios_knl_Swi_disable__E)
                  000073e0    00000010     uartecho_pem4f.oem4f (.text:ti_sysbios_knl_Task_Object__get__S)
                  000073f0    00000010     sysbios.aem4f : BIOS.obj (.text:ti_sysbios_knl_Task_disable__E)
                  00007400    00000010     uartecho_pem4f.oem4f (.text:ti_uia_loggers_LoggerStopMode_Object__get__S)
                  00007410    00000010     ti.uia.loggers.aem4f : LoggerStopMode.oem4f (.text:ti_uia_loggers_LoggerStopMode_isEmpty__E)
                  00007420    00000010     ti.targets.arm.rtsarm.aem4f : Gate.oem4f (.text:xdc_runtime_Gate_leaveSystem__E)
                  00007430    00000010                                 : Memory.oem4f (.text:xdc_runtime_Memory_free__E)
                  00007440    00000010                                 : SysMin.oem4f (.text:xdc_runtime_SysMin_ready__E)
                  00007450    00000010                                 : System.oem4f (.text:xdc_runtime_System_vsnprintf__E)
                  00007460    00000010     uartecho_pem4f.oem4f (.text:xdc_runtime_Text_visitRope__I)
                  00007470    0000000e     driverlib.lib : gpio.obj (.text:GPIOIntStatus)
                  0000747e    0000000e                   : uart.obj (.text:UARTCharGetNonBlocking)
                  0000748c    0000000e                   : uart.obj (.text:UARTCharPutNonBlocking)
                  0000749a    0000000e     rtsv7M4_T_le_v4SPD16_eabi.lib : copy_decompress_none.c.obj (.text:decompress:none:__TI_decompress_none)
                  000074a8    0000000e     sysbios.aem4f : BIOS.obj (.text:ti_sysbios_knl_Idle_loop__E)
                  000074b6    00000002     --HOLE-- [fill = 0]
                  000074b8    0000000e                   : BIOS.obj (.text:ti_sysbios_knl_Queue_empty__E)
                  000074c6    0000000c     drivers_tivaware.aem4f : RingBuf.oem4f (.text:RingBuf_peek)
                  000074d2    0000000c     driverlib.lib : uart.obj (.text:UARTFlowControlSet)
                  000074de    0000000c     drivers_tivaware.aem4f : UARTTiva.oem4f (.text:UARTTiva_init)
                  000074ea    00000002     --HOLE-- [fill = 0]
                  000074ec    0000000c     rtsv7M4_T_le_v4SPD16_eabi.lib : _lock.c.obj (.text:_register_lock)
                  000074f8    0000000c                                   : _lock.c.obj (.text:_register_unlock)
                  00007504    0000000c                                   : copy_zero_init.c.obj (.text:decompress:ZI:__TI_zero_init)
                  00007510    0000000c     sysbios.aem4f : BIOS.obj (.text:ti_sysbios_family_arm_lm4_Timer_getMaxTicks__E)
                  0000751c    00000004     --HOLE-- [fill = 0]
                  00007520    0000000c                   : BIOS.obj (.text:ti_sysbios_family_arm_lm4_TimestampProvider_startTimer__E)
                  0000752c    0000000c     uartecho_pem4f.oem4f (.text:ti_sysbios_family_arm_m3_Hwi_Params__init__S)
                  00007538    0000000c     sysbios.aem4f : BIOS.obj (.text:ti_sysbios_family_arm_m3_Hwi_disableFxn__E)
                  00007544    00000004     --HOLE-- [fill = 0]
                  00007548    0000000c                   : BIOS.obj (.text:ti_sysbios_family_arm_m3_TaskSupport_checkStack__E)
                  00007554    00000004     --HOLE-- [fill = 0]
                  00007558    0000000c                   : BIOS.obj (.text:ti_sysbios_family_arm_m3_TaskSupport_getStackAlignment__E)
                  00007564    00000004     --HOLE-- [fill = 0]
                  00007568    0000000c                   : BIOS.obj (.text:ti_sysbios_gates_GateHwi_enter__E)
                  00007574    0000000c     uartecho_pem4f.oem4f (.text:ti_sysbios_knl_Clock_Params__init__S)
                  00007580    0000000c     uartecho_pem4f.oem4f (.text:ti_sysbios_knl_Queue_Object__get__S)
                  0000758c    0000000c     uartecho_pem4f.oem4f (.text:ti_sysbios_knl_Semaphore_Params__init__S)
                  00007598    0000000c     uartecho_pem4f.oem4f (.text:ti_sysbios_knl_Task_Params__init__S)
                  000075a4    0000000c     ti.targets.arm.rtsarm.aem4f : Error.oem4f (.text:xdc_runtime_Error_init__E)
                  000075b0    0000000c                                 : Gate.oem4f (.text:xdc_runtime_Gate_enterSystem__E)
                  000075bc    0000000c                                 : Memory.oem4f (.text:xdc_runtime_Memory_calloc__E)
                  000075c8    0000000c                                 : Memory.oem4f (.text:xdc_runtime_Memory_getMaxDefaultTypeAlign__E)
                  000075d4    0000000a     driverlib.lib : uart.obj (.text:UARTCharGet)
                  000075de    0000000a                   : uart.obj (.text:UARTCharPut)
                  000075e8    0000000a                   : uart.obj (.text:UARTIntDisable)
                  000075f2    0000000a                   : uart.obj (.text:UARTIntStatus)
                  000075fc    0000000a     drivers_tivaware.aem4f : UART.oem4f (.text:UART_read)
                  00007606    0000000a                            : UART.oem4f (.text:UART_write)
                  00007610    0000000a     uartecho_pem4f.oem4f (.text:xdc_runtime_IHeap_alloc)
                  0000761a    0000000a     uartecho_pem4f.oem4f (.text:xdc_runtime_IHeap_free)
                  00007624    00000008     EK_TM4C1294XL.obj (.text:EK_TM4C1294XL_initGPIO)
                  0000762c    00000008     driverlib.lib : uart.obj (.text:UARTIntEnable)
                  00007634    00000008                   : uart.obj (.text:UARTRxErrorGet)
                  0000763c    00000008     drivers_tivaware.aem4f : UARTTiva.oem4f (.text:readSemCallback)
                  00007644    00000008     sysbios.aem4f : BIOS.obj (.text:ti_sysbios_family_arm_lm4_Timer_masterDisable__I)
                  0000764c    00000004     --HOLE-- [fill = 0]
                  00007650    00000008                   : BIOS.obj (.text:ti_sysbios_family_arm_m3_Hwi_doSwiRestore__I)
                  00007658    00000008                   : BIOS.obj (.text:ti_sysbios_family_arm_m3_Hwi_startup__E)
                  00007660    00000008     drivers_tivaware.aem4f : UARTTiva.oem4f (.text:writeSemCallback)
                  00007668    00000006     driverlib.lib : uart.obj (.text:UARTRxErrorClear)
                  0000766e    00000002     --HOLE-- [fill = 0]
                  00007670    00000006     sysbios.aem4f : BIOS.obj (.text:ti_sysbios_family_arm_lm4_TimestampProvider_Module_startup__E)
                  00007676    00000002     --HOLE-- [fill = 0]
                  00007678    00000006                   : BIOS.obj (.text:ti_sysbios_family_arm_m3_Hwi_restoreFxn__E)
                  0000767e    00000002     --HOLE-- [fill = 0]
                  00007680    00000006                   : BIOS.obj (.text:ti_sysbios_gates_GateHwi_leave__E)
                  00007686    00000002     --HOLE-- [fill = 0]
                  00007688    00000006                   : BIOS.obj (.text:ti_sysbios_heaps_HeapMem_isBlocking__E)
                  0000768e    00000002     --HOLE-- [fill = 0]
                  00007690    00000006                   : BIOS.obj (.text:ti_sysbios_knl_Clock_stop__E)
                  00007696    00000002     --HOLE-- [fill = 0]
                  00007698    00000006                   : BIOS.obj (.text:ti_sysbios_knl_Queue_Instance_init__E)
                  0000769e    00000006     ti.targets.arm.rtsarm.aem4f : System.oem4f (.text:xdc_runtime_System_Module_startup__E)
                  000076a4    00000004     --HOLE-- [fill = 0]
                  000076a8    00000004     sysbios.aem4f : BIOS.obj (.text:ti_sysbios_family_arm_lm4_Timer_getPeriod__E)
                  000076ac    00000004     --HOLE-- [fill = 0]
                  000076b0    00000004                   : BIOS.obj (.text:ti_sysbios_gates_GateHwi_query__E)
                  000076b4    00000004     --HOLE-- [fill = 0]
                  000076b8    00000004                   : BIOS.obj (.text:ti_sysbios_gates_GateMutex_query__E)
                  000076bc    00000004     --HOLE-- [fill = 0]
                  000076c0    00000004                   : BIOS.obj (.text:ti_sysbios_knl_Task_startup__E)
                  000076c4    00000004     --HOLE-- [fill = 0]
                  000076c8    00000002                   : BIOS.obj (.text:ti_sysbios_gates_GateHwi_Instance_init__E)

.const     0    000076cc    00002b36     
                  000076cc    00001fa3     uartecho_pem4f.oem4f (.const:xdc_runtime_Text_charTab__A)
                  0000966f    00000001     uartecho_pem4f.oem4f (.const:xdc_runtime_Error_policy__C)
                  00009670    00000120     Boot.aem4f : Boot_sysctl.oem4f (.const:g_pppui32XTALtoVCO)
                  00009790    00000104     uartecho_pem4f.oem4f (.const:xdc_runtime_Text_nodeTab__A)
                  00009894    00000090     driverlib.lib : gpio.obj (.const:g_pui32GPIOBaseAddrs)
                  00009924    0000006c     Boot.aem4f : Boot_sysctl.oem4f (.const:g_pui32Xtals)
                  00009990    00000060     uartecho_pem4f.oem4f (.const:ti_uia_loggers_LoggerStopMode_Module__FXNS__C)
                  000099f0    00000054     drivers_tivaware.aem4f : GPIOTiva.oem4f (.const:.string)
                  00009a44    0000004c                            : UARTTiva.oem4f (.const)
                  00009a90    00000048     uartecho_pem4f.oem4f (.const:.string)
                  00009ad8    00000048     drivers_tivaware.aem4f : GPIOTiva.oem4f (.const:gpioBaseAddresses)
                  00009b20    0000003c     uartecho_pem4f.oem4f (.const:ti_sysbios_knl_Task_Object__PARAMS__C)
                  00009b5c    00000030     Boot.aem4f : Boot_sysctl.oem4f (.const:g_sXTALtoMEMTIM)
                  00009b8c    00000030     uartecho_pem4f.oem4f (.const:ti_sysbios_family_arm_m3_Hwi_Object__PARAMS__C)
                  00009bbc    00000028     drivers_tivaware.aem4f : UARTTiva.oem4f (.const:UARTTiva_fxnTable)
                  00009be4    00000028     uartecho_pem4f.oem4f (.const:ti_sysbios_heaps_HeapMem_Module__FXNS__C)
                  00009c0c    00000028     uartecho_pem4f.oem4f (.const:ti_uia_loggers_LoggerStopMode_Object__PARAMS__C)
                  00009c34    00000028     uartecho_pem4f.oem4f (.const:xdc_runtime_Startup_sfxnTab__A)
                  00009c5c    00000024     drivers_tivaware.aem4f : UART.oem4f (.const:UART_defaultParams)
                  00009c80    00000024     uartecho_pem4f.oem4f (.const:ti_sysbios_gates_GateHwi_Module__FXNS__C)
                  00009ca4    00000024     uartecho_pem4f.oem4f (.const:ti_sysbios_gates_GateMutex_Module__FXNS__C)
                  00009cc8    00000024     uartecho_pem4f.oem4f (.const:ti_sysbios_heaps_HeapMem_Object__PARAMS__C)
                  00009cec    00000024     uartecho_pem4f.oem4f (.const:ti_sysbios_knl_Clock_Object__PARAMS__C)
                  00009d10    00000024     uartecho_pem4f.oem4f (.const:ti_sysbios_knl_Semaphore_Object__PARAMS__C)
                  00009d34    00000020     uartecho_pem4f.oem4f (.const:ti_sysbios_family_arm_m3_Hwi_Object__DESC__C)
                  00009d54    00000020     uartecho_pem4f.oem4f (.const:ti_sysbios_gates_GateHwi_Object__DESC__C)
                  00009d74    00000020     uartecho_pem4f.oem4f (.const:ti_sysbios_gates_GateMutex_Object__DESC__C)
                  00009d94    00000020     uartecho_pem4f.oem4f (.const:ti_sysbios_heaps_HeapMem_Object__DESC__C)
                  00009db4    00000020     uartecho_pem4f.oem4f (.const:ti_sysbios_knl_Clock_Object__DESC__C)
                  00009dd4    00000020     uartecho_pem4f.oem4f (.const:ti_sysbios_knl_Queue_Object__DESC__C)
                  00009df4    00000020     uartecho_pem4f.oem4f (.const:ti_sysbios_knl_Semaphore_Object__DESC__C)
                  00009e14    00000020     uartecho_pem4f.oem4f (.const:ti_sysbios_knl_Task_Object__DESC__C)
                  00009e34    00000020     uartecho_pem4f.oem4f (.const:ti_uia_loggers_LoggerStopMode_Object__DESC__C)
                  00009e54    00000018     EK_TM4C1294XL.obj (.const:UART_config)
                  00009e6c    00000018     uartecho_pem4f.oem4f (.const:ti_sysbios_gates_GateHwi_Object__PARAMS__C)
                  00009e84    00000018     uartecho_pem4f.oem4f (.const:ti_sysbios_gates_GateMutex_Object__PARAMS__C)
                  00009e9c    00000018     uartecho_pem4f.oem4f (.const:ti_sysbios_knl_Queue_Object__PARAMS__C)
                  00009eb4    00000018     EK_TM4C1294XL.obj (.const:uartTivaHWAttrs)
                  00009ecc    00000017     uartecho.obj (.const:.string:$P$T0$1)
                  00009ee3    00000001     --HOLE-- [fill = 0]
                  00009ee4    00000014     EK_TM4C1294XL.obj (.const:GPIOTiva_config)
                  00009ef8    00000014     uartecho_pem4f.oem4f (.const:xdc_runtime_Startup_firstFxns__A)
                  00009f0c    00000014     uartecho_pem4f.oem4f (.const:xdc_runtime_Startup_sfxnRts__A)
                  00009f20    00000008     Boot.aem4f : Boot_sysctl.oem4f (.const)
                  00009f28    00000008     uartecho_pem4f.oem4f (.const:ti_sysbios_family_arm_m3_Hwi_excHookFuncs__A)
                  00009f30    00000008     uartecho_pem4f.oem4f (.const:ti_sysbios_knl_Idle_funcList__A)
                  00009f38    00000008     uartecho_pem4f.oem4f (.const:ti_sysbios_knl_Idle_funcList__C)
                  00009f40    00000008     uartecho_pem4f.oem4f (.const:xdc_runtime_Startup_firstFxns__C)
                  00009f48    00000008     uartecho_pem4f.oem4f (.const:xdc_runtime_Startup_lastFxns__C)
                  00009f50    00000004     uartecho_pem4f.oem4f (.const:ti_catalog_arm_cortexm4_tiva_ce_Boot_A_mustNotUseEnhancedClockMode__C)
                  00009f54    00000004     uartecho_pem4f.oem4f (.const:ti_catalog_arm_cortexm4_tiva_ce_Boot_Module__diagsEnabled__C)
                  00009f58    00000004     uartecho_pem4f.oem4f (.const:ti_catalog_arm_cortexm4_tiva_ce_Boot_Module__diagsIncluded__C)
                  00009f5c    00000004     uartecho_pem4f.oem4f (.const:ti_catalog_arm_cortexm4_tiva_ce_Boot_Module__diagsMask__C)
                  00009f60    00000004     uartecho_pem4f.oem4f (.const:ti_sysbios_family_arm_lm4_Timer_enableFunc__C)
                  00009f64    00000004     uartecho_pem4f.oem4f (.const:ti_sysbios_family_arm_lm4_Timer_numTimerDevices__C)
                  00009f68    00000004     uartecho_pem4f.oem4f (.const:ti_sysbios_family_arm_lm4_Timer_startupNeeded__C)
                  00009f6c    00000004     uartecho_pem4f.oem4f (.const:ti_sysbios_family_arm_m3_Hwi_E_NMI__C)
                  00009f70    00000004     uartecho_pem4f.oem4f (.const:ti_sysbios_family_arm_m3_Hwi_E_alreadyDefined__C)
                  00009f74    00000004     uartecho_pem4f.oem4f (.const:ti_sysbios_family_arm_m3_Hwi_E_busFault__C)
                  00009f78    00000004     uartecho_pem4f.oem4f (.const:ti_sysbios_family_arm_m3_Hwi_E_debugMon__C)
                  00009f7c    00000004     uartecho_pem4f.oem4f (.const:ti_sysbios_family_arm_m3_Hwi_E_hardFault__C)
                  00009f80    00000004     uartecho_pem4f.oem4f (.const:ti_sysbios_family_arm_m3_Hwi_E_memFault__C)
                  00009f84    00000004     uartecho_pem4f.oem4f (.const:ti_sysbios_family_arm_m3_Hwi_E_noIsr__C)
                  00009f88    00000004     uartecho_pem4f.oem4f (.const:ti_sysbios_family_arm_m3_Hwi_E_reserved__C)
                  00009f8c    00000004     uartecho_pem4f.oem4f (.const:ti_sysbios_family_arm_m3_Hwi_E_svCall__C)
                  00009f90    00000004     uartecho_pem4f.oem4f (.const:ti_sysbios_family_arm_m3_Hwi_E_usageFault__C)
                  00009f94    00000004     uartecho_pem4f.oem4f (.const:ti_sysbios_family_arm_m3_Hwi_LD_end__C)
                  00009f98    00000004     uartecho_pem4f.oem4f (.const:ti_sysbios_family_arm_m3_Hwi_LM_begin__C)
                  00009f9c    00000004     uartecho_pem4f.oem4f (.const:ti_sysbios_family_arm_m3_Hwi_Module__diagsEnabled__C)
                  00009fa0    00000004     uartecho_pem4f.oem4f (.const:ti_sysbios_family_arm_m3_Hwi_Module__diagsIncluded__C)
                  00009fa4    00000004     uartecho_pem4f.oem4f (.const:ti_sysbios_family_arm_m3_Hwi_Module__diagsMask__C)
                  00009fa8    00000004     uartecho_pem4f.oem4f (.const:ti_sysbios_family_arm_m3_Hwi_Module__loggerFxn1__C)
                  00009fac    00000004     uartecho_pem4f.oem4f (.const:ti_sysbios_family_arm_m3_Hwi_Module__loggerFxn8__C)
                  00009fb0    00000004     uartecho_pem4f.oem4f (.const:ti_sysbios_family_arm_m3_Hwi_Module__loggerObj__C)
                  00009fb4    00000004     uartecho_pem4f.oem4f (.const:ti_sysbios_family_arm_m3_Hwi_NUM_INTERRUPTS__C)
                  00009fb8    00000004     uartecho_pem4f.oem4f (.const:ti_sysbios_family_arm_m3_Hwi_Object__count__C)
                  00009fbc    00000004     uartecho_pem4f.oem4f (.const:ti_sysbios_family_arm_m3_Hwi_ccr__C)
                  00009fc0    00000004     uartecho_pem4f.oem4f (.const:ti_sysbios_family_arm_m3_Hwi_excHandlerFunc__C)
                  00009fc4    00000004     uartecho_pem4f.oem4f (.const:ti_sysbios_family_arm_m3_Hwi_excHookFuncs__C)
                  00009fc8    00000004     uartecho_pem4f.oem4f (.const:ti_sysbios_family_arm_m3_Hwi_nullIsrFunc__C)
                  00009fcc    00000004     uartecho_pem4f.oem4f (.const:ti_sysbios_family_arm_m3_Hwi_priGroup__C)
                  00009fd0    00000004     uartecho_pem4f.oem4f (.const:ti_sysbios_family_arm_m3_TaskSupport_stackAlignment__C)
                  00009fd4    00000004     uartecho_pem4f.oem4f (.const:ti_sysbios_gates_GateMutex_A_badContext__C)
                  00009fd8    00000004     uartecho_pem4f.oem4f (.const:ti_sysbios_gates_GateMutex_Instance_State_sem__O)
                  00009fdc    00000004     uartecho_pem4f.oem4f (.const:ti_sysbios_gates_GateMutex_Module__diagsEnabled__C)
                  00009fe0    00000004     uartecho_pem4f.oem4f (.const:ti_sysbios_gates_GateMutex_Module__diagsIncluded__C)
                  00009fe4    00000004     uartecho_pem4f.oem4f (.const:ti_sysbios_gates_GateMutex_Module__diagsMask__C)
                  00009fe8    00000004     uartecho_pem4f.oem4f (.const:ti_sysbios_hal_Hwi_E_stackOverflow__C)
                  00009fec    00000004     uartecho_pem4f.oem4f (.const:ti_sysbios_heaps_HeapMem_A_align__C)
                  00009ff0    00000004     uartecho_pem4f.oem4f (.const:ti_sysbios_heaps_HeapMem_A_heapSize__C)
                  00009ff4    00000004     uartecho_pem4f.oem4f (.const:ti_sysbios_heaps_HeapMem_A_invalidFree__C)
                  00009ff8    00000004     uartecho_pem4f.oem4f (.const:ti_sysbios_heaps_HeapMem_A_zeroBlock__C)
                  00009ffc    00000004     uartecho_pem4f.oem4f (.const:ti_sysbios_heaps_HeapMem_E_memory__C)
                  0000a000    00000004     uartecho_pem4f.oem4f (.const:ti_sysbios_heaps_HeapMem_Module__diagsEnabled__C)
                  0000a004    00000004     uartecho_pem4f.oem4f (.const:ti_sysbios_heaps_HeapMem_Module__diagsIncluded__C)
                  0000a008    00000004     uartecho_pem4f.oem4f (.const:ti_sysbios_heaps_HeapMem_Module__diagsMask__C)
                  0000a00c    00000004     uartecho_pem4f.oem4f (.const:ti_sysbios_heaps_HeapMem_Module__gateObj__C)
                  0000a010    00000004     uartecho_pem4f.oem4f (.const:ti_sysbios_heaps_HeapMem_Object__count__C)
                  0000a014    00000004     uartecho_pem4f.oem4f (.const:ti_sysbios_heaps_HeapMem_reqAlign__C)
                  0000a018    00000004     uartecho_pem4f.oem4f (.const:ti_sysbios_knl_Clock_A_badThreadType__C)
                  0000a01c    00000004     uartecho_pem4f.oem4f (.const:ti_sysbios_knl_Clock_LM_begin__C)
                  0000a020    00000004     uartecho_pem4f.oem4f (.const:ti_sysbios_knl_Clock_LM_tick__C)
                  0000a024    00000004     uartecho_pem4f.oem4f (.const:ti_sysbios_knl_Clock_LW_delayed__C)
                  0000a028    00000004     uartecho_pem4f.oem4f (.const:ti_sysbios_knl_Clock_Module_State_clockQ__O)
                  0000a02c    00000004     uartecho_pem4f.oem4f (.const:ti_sysbios_knl_Clock_Module__diagsEnabled__C)
                  0000a030    00000004     uartecho_pem4f.oem4f (.const:ti_sysbios_knl_Clock_Module__diagsIncluded__C)
                  0000a034    00000004     uartecho_pem4f.oem4f (.const:ti_sysbios_knl_Clock_Module__diagsMask__C)
                  0000a038    00000004     uartecho_pem4f.oem4f (.const:ti_sysbios_knl_Clock_Module__loggerFxn1__C)
                  0000a03c    00000004     uartecho_pem4f.oem4f (.const:ti_sysbios_knl_Clock_Module__loggerFxn2__C)
                  0000a040    00000004     uartecho_pem4f.oem4f (.const:ti_sysbios_knl_Clock_Module__loggerObj__C)
                  0000a044    00000004     uartecho_pem4f.oem4f (.const:ti_sysbios_knl_Semaphore_A_badContext__C)
                  0000a048    00000004     uartecho_pem4f.oem4f (.const:ti_sysbios_knl_Semaphore_A_noEvents__C)
                  0000a04c    00000004     uartecho_pem4f.oem4f (.const:ti_sysbios_knl_Semaphore_A_overflow__C)
                  0000a050    00000004     uartecho_pem4f.oem4f (.const:ti_sysbios_knl_Semaphore_A_pendTaskDisabled__C)
                  0000a054    00000004     uartecho_pem4f.oem4f (.const:ti_sysbios_knl_Semaphore_Instance_State_pendQ__O)
                  0000a058    00000004     uartecho_pem4f.oem4f (.const:ti_sysbios_knl_Semaphore_LM_pend__C)
                  0000a05c    00000004     uartecho_pem4f.oem4f (.const:ti_sysbios_knl_Semaphore_LM_post__C)
                  0000a060    00000004     uartecho_pem4f.oem4f (.const:ti_sysbios_knl_Semaphore_Module__diagsEnabled__C)
                  0000a064    00000004     uartecho_pem4f.oem4f (.const:ti_sysbios_knl_Semaphore_Module__diagsIncluded__C)
                  0000a068    00000004     uartecho_pem4f.oem4f (.const:ti_sysbios_knl_Semaphore_Module__diagsMask__C)
                  0000a06c    00000004     uartecho_pem4f.oem4f (.const:ti_sysbios_knl_Semaphore_Module__loggerFxn2__C)
                  0000a070    00000004     uartecho_pem4f.oem4f (.const:ti_sysbios_knl_Semaphore_Module__loggerFxn4__C)
                  0000a074    00000004     uartecho_pem4f.oem4f (.const:ti_sysbios_knl_Semaphore_Module__loggerObj__C)
                  0000a078    00000004     uartecho_pem4f.oem4f (.const:ti_sysbios_knl_Swi_LD_end__C)
                  0000a07c    00000004     uartecho_pem4f.oem4f (.const:ti_sysbios_knl_Swi_LM_begin__C)
                  0000a080    00000004     uartecho_pem4f.oem4f (.const:ti_sysbios_knl_Swi_LM_post__C)
                  0000a084    00000004     uartecho_pem4f.oem4f (.const:ti_sysbios_knl_Swi_Module__diagsEnabled__C)
                  0000a088    00000004     uartecho_pem4f.oem4f (.const:ti_sysbios_knl_Swi_Module__diagsIncluded__C)
                  0000a08c    00000004     uartecho_pem4f.oem4f (.const:ti_sysbios_knl_Swi_Module__diagsMask__C)
                  0000a090    00000004     uartecho_pem4f.oem4f (.const:ti_sysbios_knl_Swi_Module__loggerFxn1__C)
                  0000a094    00000004     uartecho_pem4f.oem4f (.const:ti_sysbios_knl_Swi_Module__loggerFxn4__C)
                  0000a098    00000004     uartecho_pem4f.oem4f (.const:ti_sysbios_knl_Swi_Module__loggerObj__C)
                  0000a09c    00000004     uartecho_pem4f.oem4f (.const:ti_sysbios_knl_Swi_Object__count__C)
                  0000a0a0    00000004     uartecho_pem4f.oem4f (.const:ti_sysbios_knl_Task_A_badPriority__C)
                  0000a0a4    00000004     uartecho_pem4f.oem4f (.const:ti_sysbios_knl_Task_A_badTaskState__C)
                  0000a0a8    00000004     uartecho_pem4f.oem4f (.const:ti_sysbios_knl_Task_A_badThreadType__C)
                  0000a0ac    00000004     uartecho_pem4f.oem4f (.const:ti_sysbios_knl_Task_A_noPendElem__C)
                  0000a0b0    00000004     uartecho_pem4f.oem4f (.const:ti_sysbios_knl_Task_E_spOutOfBounds__C)
                  0000a0b4    00000004     uartecho_pem4f.oem4f (.const:ti_sysbios_knl_Task_E_stackOverflow__C)
                  0000a0b8    00000004     uartecho_pem4f.oem4f (.const:ti_sysbios_knl_Task_LD_block__C)
                  0000a0bc    00000004     uartecho_pem4f.oem4f (.const:ti_sysbios_knl_Task_LD_exit__C)
                  0000a0c0    00000004     uartecho_pem4f.oem4f (.const:ti_sysbios_knl_Task_LD_ready__C)
                  0000a0c4    00000004     uartecho_pem4f.oem4f (.const:ti_sysbios_knl_Task_LM_switch__C)
                  0000a0c8    00000004     uartecho_pem4f.oem4f (.const:ti_sysbios_knl_Task_Module_State_inactiveQ__O)
                  0000a0cc    00000004     uartecho_pem4f.oem4f (.const:ti_sysbios_knl_Task_Module__diagsEnabled__C)
                  0000a0d0    00000004     uartecho_pem4f.oem4f (.const:ti_sysbios_knl_Task_Module__diagsIncluded__C)
                  0000a0d4    00000004     uartecho_pem4f.oem4f (.const:ti_sysbios_knl_Task_Module__diagsMask__C)
                  0000a0d8    00000004     uartecho_pem4f.oem4f (.const:ti_sysbios_knl_Task_Module__loggerFxn2__C)
                  0000a0dc    00000004     uartecho_pem4f.oem4f (.const:ti_sysbios_knl_Task_Module__loggerFxn4__C)
                  0000a0e0    00000004     uartecho_pem4f.oem4f (.const:ti_sysbios_knl_Task_Module__loggerObj__C)
                  0000a0e4    00000004     uartecho_pem4f.oem4f (.const:ti_sysbios_knl_Task_Object__count__C)
                  0000a0e8    00000004     uartecho_pem4f.oem4f (.const:ti_sysbios_knl_Task_allBlockedFunc__C)
                  0000a0ec    00000004     uartecho_pem4f.oem4f (.const:ti_sysbios_knl_Task_defaultStackHeap__C)
                  0000a0f0    00000004     uartecho_pem4f.oem4f (.const:ti_sysbios_knl_Task_defaultStackSize__C)
                  0000a0f4    00000004     uartecho_pem4f.oem4f (.const:ti_sysbios_knl_Task_numConstructedTasks__C)
                  0000a0f8    00000004     uartecho_pem4f.oem4f (.const:ti_sysbios_utils_Load_LS_cpuLoad__C)
                  0000a0fc    00000004     uartecho_pem4f.oem4f (.const:ti_sysbios_utils_Load_Module__diagsEnabled__C)
                  0000a100    00000004     uartecho_pem4f.oem4f (.const:ti_sysbios_utils_Load_Module__diagsIncluded__C)
                  0000a104    00000004     uartecho_pem4f.oem4f (.const:ti_sysbios_utils_Load_Module__diagsMask__C)
                  0000a108    00000004     uartecho_pem4f.oem4f (.const:ti_sysbios_utils_Load_Module__loggerFxn1__C)
                  0000a10c    00000004     uartecho_pem4f.oem4f (.const:ti_sysbios_utils_Load_Module__loggerObj__C)
                  0000a110    00000004     uartecho_pem4f.oem4f (.const:ti_sysbios_utils_Load_postUpdate__C)
                  0000a114    00000004     uartecho_pem4f.oem4f (.const:ti_sysbios_utils_Load_windowInMs__C)
                  0000a118    00000004     uartecho_pem4f.oem4f (.const:ti_uia_loggers_LoggerStopMode_Module__diagsEnabled__C)
                  0000a11c    00000004     uartecho_pem4f.oem4f (.const:ti_uia_loggers_LoggerStopMode_Module__diagsIncluded__C)
                  0000a120    00000004     uartecho_pem4f.oem4f (.const:ti_uia_loggers_LoggerStopMode_Module__diagsMask__C)
                  0000a124    00000004     uartecho_pem4f.oem4f (.const:ti_uia_loggers_LoggerStopMode_Object__count__C)
                  0000a128    00000004     uartecho_pem4f.oem4f (.const:ti_uia_runtime_ILoggerSnapshot_Interface__BASE__C)
                  0000a12c    00000004     uartecho_pem4f.oem4f (.const:ti_uia_runtime_IUIATransfer_Interface__BASE__C)
                  0000a130    00000004     uartecho_pem4f.oem4f (.const:xdc_runtime_Assert_E_assertFailed__C)
                  0000a134    00000004     uartecho_pem4f.oem4f (.const:xdc_runtime_Core_A_initializedParams__C)
                  0000a138    00000004     uartecho_pem4f.oem4f (.const:xdc_runtime_Core_Module__diagsEnabled__C)
                  0000a13c    00000004     uartecho_pem4f.oem4f (.const:xdc_runtime_Core_Module__diagsIncluded__C)
                  0000a140    00000004     uartecho_pem4f.oem4f (.const:xdc_runtime_Core_Module__diagsMask__C)
                  0000a144    00000004     uartecho_pem4f.oem4f (.const:xdc_runtime_Error_E_memory__C)
                  0000a148    00000004     uartecho_pem4f.oem4f (.const:xdc_runtime_Error_Module__diagsEnabled__C)
                  0000a14c    00000004     uartecho_pem4f.oem4f (.const:xdc_runtime_Error_Module__diagsIncluded__C)
                  0000a150    00000004     uartecho_pem4f.oem4f (.const:xdc_runtime_Error_Module__diagsMask__C)
                  0000a154    00000004     uartecho_pem4f.oem4f (.const:xdc_runtime_Error_Module__loggerFxn8__C)
                  0000a158    00000004     uartecho_pem4f.oem4f (.const:xdc_runtime_Error_Module__loggerObj__C)
                  0000a15c    00000004     uartecho_pem4f.oem4f (.const:xdc_runtime_Error_policyFxn__C)
                  0000a160    00000004     uartecho_pem4f.oem4f (.const:xdc_runtime_Error_raiseHook__C)
                  0000a164    00000004     uartecho_pem4f.oem4f (.const:xdc_runtime_IFilterLogger_Interface__BASE__C)
                  0000a168    00000004     uartecho_pem4f.oem4f (.const:xdc_runtime_IGateProvider_Interface__BASE__C)
                  0000a16c    00000004     uartecho_pem4f.oem4f (.const:xdc_runtime_IHeap_Interface__BASE__C)
                  0000a170    00000004     uartecho_pem4f.oem4f (.const:xdc_runtime_ILogger_Interface__BASE__C)
                  0000a174    00000004     uartecho_pem4f.oem4f (.const:xdc_runtime_IModule_Interface__BASE__C)
                  0000a178    00000004     uartecho_pem4f.oem4f (.const:xdc_runtime_Log_L_error__C)
                  0000a17c    00000004     uartecho_pem4f.oem4f (.const:xdc_runtime_Memory_defaultHeapInstance__C)
                  0000a180    00000004     uartecho_pem4f.oem4f (.const:xdc_runtime_Startup_execImpl__C)
                  0000a184    00000004     uartecho_pem4f.oem4f (.const:xdc_runtime_Startup_lastFxns__A)
                  0000a188    00000004     uartecho_pem4f.oem4f (.const:xdc_runtime_Startup_maxPasses__C)
                  0000a18c    00000004     uartecho_pem4f.oem4f (.const:xdc_runtime_Startup_sfxnRts__C)
                  0000a190    00000004     uartecho_pem4f.oem4f (.const:xdc_runtime_Startup_sfxnTab__C)
                  0000a194    00000004     uartecho_pem4f.oem4f (.const:xdc_runtime_SysMin_bufSize__C)
                  0000a198    00000004     uartecho_pem4f.oem4f (.const:xdc_runtime_SysMin_outputFunc__C)
                  0000a19c    00000004     uartecho_pem4f.oem4f (.const:xdc_runtime_System_Module__gateObj__C)
                  0000a1a0    00000004     uartecho_pem4f.oem4f (.const:xdc_runtime_System_abortFxn__C)
                  0000a1a4    00000004     uartecho_pem4f.oem4f (.const:xdc_runtime_System_exitFxn__C)
                  0000a1a8    00000004     uartecho_pem4f.oem4f (.const:xdc_runtime_System_extendFxn__C)
                  0000a1ac    00000004     uartecho_pem4f.oem4f (.const:xdc_runtime_System_maxAtexitHandlers__C)
                  0000a1b0    00000004     uartecho_pem4f.oem4f (.const:xdc_runtime_Text_charTab__C)
                  0000a1b4    00000004     uartecho_pem4f.oem4f (.const:xdc_runtime_Text_nameEmpty__C)
                  0000a1b8    00000004     uartecho_pem4f.oem4f (.const:xdc_runtime_Text_nameStatic__C)
                  0000a1bc    00000004     uartecho_pem4f.oem4f (.const:xdc_runtime_Text_nameUnknown__C)
                  0000a1c0    00000004     uartecho_pem4f.oem4f (.const:xdc_runtime_Text_nodeTab__C)
                  0000a1c4    00000004     uartecho_pem4f.oem4f (.const:xdc_runtime_Text_visitRopeFxn__C)
                  0000a1c8    00000002     uartecho_pem4f.oem4f (.const:ti_catalog_arm_cortexm4_tiva_ce_Boot_Module__id__C)
                  0000a1ca    00000002     uartecho_pem4f.oem4f (.const:ti_sysbios_family_arm_lm4_TimestampProvider_useClockTimer__C)
                  0000a1cc    00000002     uartecho_pem4f.oem4f (.const:ti_sysbios_family_arm_m3_Hwi_Module__id__C)
                  0000a1ce    00000002     uartecho_pem4f.oem4f (.const:ti_sysbios_family_arm_m3_Hwi_Module__loggerDefined__C)
                  0000a1d0    00000002     uartecho_pem4f.oem4f (.const:ti_sysbios_gates_GateMutex_Module__id__C)
                  0000a1d2    00000002     uartecho_pem4f.oem4f (.const:ti_sysbios_hal_Hwi_Module__id__C)
                  0000a1d4    00000002     uartecho_pem4f.oem4f (.const:ti_sysbios_heaps_HeapMem_Module__id__C)
                  0000a1d6    00000002     uartecho_pem4f.oem4f (.const:ti_sysbios_knl_Clock_Module__id__C)
                  0000a1d8    00000002     uartecho_pem4f.oem4f (.const:ti_sysbios_knl_Clock_Module__loggerDefined__C)
                  0000a1da    00000002     uartecho_pem4f.oem4f (.const:ti_sysbios_knl_Semaphore_Module__id__C)
                  0000a1dc    00000002     uartecho_pem4f.oem4f (.const:ti_sysbios_knl_Semaphore_Module__loggerDefined__C)
                  0000a1de    00000002     uartecho_pem4f.oem4f (.const:ti_sysbios_knl_Swi_Module__id__C)
                  0000a1e0    00000002     uartecho_pem4f.oem4f (.const:ti_sysbios_knl_Swi_Module__loggerDefined__C)
                  0000a1e2    00000002     uartecho_pem4f.oem4f (.const:ti_sysbios_knl_Task_Module__id__C)
                  0000a1e4    00000002     uartecho_pem4f.oem4f (.const:ti_sysbios_knl_Task_Module__loggerDefined__C)
                  0000a1e6    00000002     uartecho_pem4f.oem4f (.const:ti_sysbios_utils_Load_Module__id__C)
                  0000a1e8    00000002     uartecho_pem4f.oem4f (.const:ti_sysbios_utils_Load_Module__loggerDefined__C)
                  0000a1ea    00000002     uartecho_pem4f.oem4f (.const:ti_sysbios_utils_Load_updateInIdle__C)
                  0000a1ec    00000002     uartecho_pem4f.oem4f (.const:ti_uia_loggers_LoggerStopMode_Module__id__C)
                  0000a1ee    00000002     uartecho_pem4f.oem4f (.const:ti_uia_loggers_LoggerStopMode_isTimestampEnabled__C)
                  0000a1f0    00000002     uartecho_pem4f.oem4f (.const:xdc_runtime_Core_Module__id__C)
                  0000a1f2    00000002     uartecho_pem4f.oem4f (.const:xdc_runtime_Error_Module__loggerDefined__C)
                  0000a1f4    00000002     uartecho_pem4f.oem4f (.const:xdc_runtime_Error_maxDepth__C)
                  0000a1f6    00000002     uartecho_pem4f.oem4f (.const:xdc_runtime_Memory_Module__id__C)
                  0000a1f8    00000002     uartecho_pem4f.oem4f (.const:xdc_runtime_SysMin_flushAtExit__C)
                  0000a1fa    00000002     uartecho_pem4f.oem4f (.const:xdc_runtime_Text_charCnt__C)
                  0000a1fc    00000002     uartecho_pem4f.oem4f (.const:xdc_runtime_Text_isLoaded__C)
                  0000a1fe    00000002     uartecho_pem4f.oem4f (.const:xdc_runtime_Text_registryModsLastId__C)
                  0000a200    00000002     uartecho_pem4f.oem4f (.const:xdc_runtime_Text_unnamedModsLastId__C)

.cinit     0    0000a208    00000290     
                  0000a208    00000256     (.cinit..data.load) [load image, compression = lzss]
                  0000a45e    00000002     --HOLE-- [fill = 0]
                  0000a460    0000000c     (__TI_handler_table)
                  0000a46c    00000004     --HOLE-- [fill = 0]
                  0000a470    00000008     (.cinit..bss.load) [load image, compression = zero_init]
                  0000a478    00000008     (.cinit..vecs.load) [load image, compression = zero_init]
                  0000a480    00000018     (__TI_cinit_table)

.init_array 
*          0    00000000    00000000     UNINITIALIZED

.resetVecs 
*          0    00000000    0000003c     
                  00000000    0000003c     uartecho_pem4f.oem4f (.resetVecs)

.bss       0    20000380    00001830     UNINITIALIZED
                  20000380    00000400     (.common:ti_sysbios_heaps_HeapMem_Instance_State_0_buf__A)
                  20000780    00000400     (.common:ti_uia_loggers_LoggerStopMode_Instance_State_2_packetArray__A)
                  20000b80    00000360     (.common:ti_sysbios_family_arm_m3_Hwi_dispatchTable)
                  20000ee0    00000300     (.common:task0Stack)
                  200011e0    00000200     uartecho_pem4f.oem4f (.bss:taskStackSection)
                  200013e0    00000020     (.common:uartTivaRingBuffer)
                  20001400    00000200     (.common:ti_uia_loggers_LoggerStopMode_Instance_State_1_packetArray__A)
                  20001600    00000120     rtsv7M4_T_le_v4SPD16_eabi.lib : trgmsg.c.obj (.bss:_CIOBUF_)
                  20001720    00000050     (.common:task0Struct)
                  20001770    00000008     (.common:parmbuf)
                  20001778    00000004     (.common:gpioInterruptVectors)
                  2000177c    00000004     --HOLE--
                  20001780    00000100     (.common:ti_uia_loggers_LoggerStopMode_Instance_State_0_packetArray__A)
                  20001880    000000cc     (.common:uartTivaObjects)
                  2000194c    00000090     drivers_tivaware.aem4f : GPIOTiva.oem4f (.bss:gpioCallbackInfo)
                  200019dc    00000080     (.common:xdc_runtime_SysMin_Module_State_0_outbuf__A)
                  20001a5c    00000024     --HOLE--
                  20001a80    00000030     (.common:ti_uia_loggers_LoggerStopMode_Instance_State_0_hdr__A)
                  20001ab0    00000050     --HOLE--
                  20001b00    00000030     (.common:ti_uia_loggers_LoggerStopMode_Instance_State_1_hdr__A)
                  20001b30    00000050     --HOLE--
                  20001b80    00000030     (.common:ti_uia_loggers_LoggerStopMode_Instance_State_2_hdr__A)

.data      0    20001bb0    000005e2     UNINITIALIZED
                  20001bb0    0000009c     uartecho_pem4f.oem4f (.data:ti_uia_loggers_LoggerStopMode_Object__table__V)
                  20001c4c    00000098     uartecho_pem4f.oem4f (.data:ti_sysbios_utils_Load_Module__state__V)
                  20001ce4    00000080     uartecho_pem4f.oem4f (.data:ti_sysbios_family_arm_lm4_Timer_Object__table__V)
                  20001d64    00000080     uartecho_pem4f.oem4f (.data:ti_sysbios_knl_Swi_Module_State_0_readyQ__A)
                  20001de4    00000080     uartecho_pem4f.oem4f (.data:ti_sysbios_knl_Task_Module_State_0_readyQ__A)
                  20001e64    0000004c     uartecho_pem4f.oem4f (.data:ti_sysbios_knl_Task_Object__table__V)
                  20001eb0    00000044     uartecho_pem4f.oem4f (.data:ti_sysbios_knl_Task_Module__state__V)
                  20001ef4    00000040     uartecho_pem4f.oem4f (.data:ti_sysbios_family_arm_lm4_Timer_Module_State_0_device__A)
                  20001f34    00000038     uartecho_pem4f.oem4f (.data:ti_sysbios_gates_GateMutex_Object__table__V)
                  20001f6c    00000034     uartecho_pem4f.oem4f (.data:ti_sysbios_family_arm_m3_Hwi_Module__state__V)
                  20001fa0    00000030     uartecho_pem4f.oem4f (.data:ti_sysbios_family_arm_m3_Hwi_Object__table__V)
                  20001fd0    00000030     uartecho_pem4f.oem4f (.data:ti_sysbios_knl_Swi_Object__table__V)
                  20002000    0000002c     uartecho_pem4f.oem4f (.data:ti_sysbios_knl_Clock_Module__state__V)
                  2000202c    00000024     uartecho_pem4f.oem4f (.data:ti_sysbios_BIOS_Module__state__V)
                  20002050    00000020     uartecho_pem4f.oem4f (.data:ti_sysbios_family_arm_lm4_Timer_Module_State_0_handles__A)
                  20002070    0000001c     uartecho_pem4f.oem4f (.data:ti_sysbios_knl_Swi_Module__state__V)
                  2000208c    00000018     uartecho_pem4f.oem4f (.data:ti_sysbios_heaps_HeapMem_Object__table__V)
                  200020a4    00000010     EK_TM4C1294XL.obj (.data:gpioPinConfigs)
                  200020b4    0000000c     uartecho_pem4f.oem4f (.data:ti_sysbios_family_arm_lm4_Timer_Module__state__V)
                  200020c0    0000000c     uartecho_pem4f.oem4f (.data:ti_sysbios_knl_Task_Module__root__V)
                  200020cc    0000000c     uartecho_pem4f.oem4f (.data:ti_uia_runtime_QueueDescriptor_Module__state__V)
                  200020d8    0000000c     uartecho_pem4f.oem4f (.data:xdc_runtime_SysMin_Module__state__V)
                  200020e4    00000008     rtsv7M4_T_le_v4SPD16_eabi.lib : _lock.c.obj (.data:$O1$$)
                  200020ec    00000008     EK_TM4C1294XL.obj (.data:gpioCallbackFunctions)
                  200020f4    00000008     ti.uia.runtime.aem4f : QueueDescriptor.oem4f (.data)
                  200020fc    00000008     uartecho_pem4f.oem4f (.data:ti_sysbios_family_arm_lm4_TimestampProvider_Module__state__V)
                  20002104    00000008     uartecho_pem4f.oem4f (.data:ti_sysbios_family_arm_m3_Hwi_Module__root__V)
                  2000210c    00000008     uartecho_pem4f.oem4f (.data:ti_sysbios_gates_GateHwi_Module__root__V)
                  20002114    00000008     uartecho_pem4f.oem4f (.data:ti_sysbios_gates_GateMutex_Module__root__V)
                  2000211c    00000008     uartecho_pem4f.oem4f (.data:ti_sysbios_heaps_HeapMem_Module__root__V)
                  20002124    00000008     uartecho_pem4f.oem4f (.data:ti_sysbios_knl_Clock_Module__root__V)
                  2000212c    00000008     uartecho_pem4f.oem4f (.data:ti_sysbios_knl_Queue_Module__root__V)
                  20002134    00000008     uartecho_pem4f.oem4f (.data:ti_sysbios_knl_Semaphore_Module__root__V)
                  2000213c    00000008     uartecho_pem4f.oem4f (.data:ti_uia_loggers_LoggerStopMode_Module__root__V)
                  20002144    00000008     uartecho_pem4f.oem4f (.data:xdc_runtime_Registry_Module__state__V)
                  2000214c    00000008     uartecho_pem4f.oem4f (.data:xdc_runtime_Startup_Module__state__V)
                  20002154    00000008     uartecho_pem4f.oem4f (.data:xdc_runtime_System_Module_State_0_atexitHandlers__A)
                  2000215c    00000008     uartecho_pem4f.oem4f (.data:xdc_runtime_System_Module__state__V)
                  20002164    00000005     drivers_tivaware.aem4f : GPIOTiva.oem4f (.data)
                  20002169    00000001     --HOLE--
                  2000216a    00000002     uartecho_pem4f.oem4f (.data:ti_sysbios_family_arm_m3_Hwi_Module_State_0_excActive__A)
                  2000216c    00000004     drivers_tivaware.aem4f : UART.oem4f (.data)
                  20002170    00000004     rtsv7M4_T_le_v4SPD16_eabi.lib : stkdepth_vars.c.obj (.data)
                  20002174    00000004     uartecho_pem4f.oem4f (.data:ti_sysbios_family_arm_m3_Hwi_Module_State_0_excContext__A)
                  20002178    00000004     uartecho_pem4f.oem4f (.data:ti_sysbios_family_arm_m3_Hwi_Module_State_0_excStack__A)
                  2000217c    00000004     uartecho_pem4f.oem4f (.data:ti_sysbios_gates_GateHwi_Object__table__V)
                  20002180    00000004     uartecho_pem4f.oem4f (.data:ti_sysbios_knl_Task_Module_State_0_idleTask__A)
                  20002184    00000004     uartecho_pem4f.oem4f (.data:ti_sysbios_utils_Load_Module_State_0_runningTask__A)
                  20002188    00000004     uartecho_pem4f.oem4f (.data:ti_sysbios_utils_Load_Module_State_0_taskStartTime__A)
                  2000218c    00000004     uartecho_pem4f.oem4f (.data:xdc_runtime_Memory_Module__state__V)
                  20002190    00000002     uartecho_pem4f.oem4f (.data:xdc_runtime_Error_Module__state__V)

.stack     0    20002198    00000300     UNINITIALIZED
                  20002198    00000300     --HOLE--

.bootVecs 
*          0    00000000    00000008     DSECT
                  00000000    00000008     boot.aem4f : boot.oem4f (.bootVecs)

.vecs      0    20000000    00000360     UNINITIALIZED
                  20000000    00000360     uartecho_pem4f.oem4f (.vecs)

[...]
00009fac  ti_sysbios_family_arm_m3_Hwi_Module__loggerFxn8__C                   
00009fb0  ti_sysbios_family_arm_m3_Hwi_Module__loggerObj__C                    
00009fb4  ti_sysbios_family_arm_m3_Hwi_NUM_INTERRUPTS__C                       
00009fb8  ti_sysbios_family_arm_m3_Hwi_Object__count__C                        
00009fbc  ti_sysbios_family_arm_m3_Hwi_ccr__C                                  
00009fc0  ti_sysbios_family_arm_m3_Hwi_excHandlerFunc__C                       
00009fc4  ti_sysbios_family_arm_m3_Hwi_excHookFuncs__C                         
00009fc8  ti_sysbios_family_arm_m3_Hwi_nullIsrFunc__C                          
00009fcc  ti_sysbios_family_arm_m3_Hwi_priGroup__C                             
00009fd0  ti_sysbios_family_arm_m3_TaskSupport_stackAlignment__C               
00009fd4  ti_sysbios_gates_GateMutex_A_badContext__C                           
00009fd8  ti_sysbios_gates_GateMutex_Instance_State_sem__O                     
00009fdc  ti_sysbios_gates_GateMutex_Module__diagsEnabled__C                   
00009fe0  ti_sysbios_gates_GateMutex_Module__diagsIncluded__C                  
00009fe4  ti_sysbios_gates_GateMutex_Module__diagsMask__C                      
00009fe8  ti_sysbios_hal_Hwi_E_stackOverflow__C                                
00009fec  ti_sysbios_heaps_HeapMem_A_align__C                                  
00009ff0  ti_sysbios_heaps_HeapMem_A_heapSize__C                               
00009ff4  ti_sysbios_heaps_HeapMem_A_invalidFree__C                            
00009ff8  ti_sysbios_heaps_HeapMem_A_zeroBlock__C                              
00009ffc  ti_sysbios_heaps_HeapMem_E_memory__C                                 
0000a000  ti_sysbios_heaps_HeapMem_Module__diagsEnabled__C                     
0000a004  ti_sysbios_heaps_HeapMem_Module__diagsIncluded__C                    
0000a008  ti_sysbios_heaps_HeapMem_Module__diagsMask__C                        
0000a00c  ti_sysbios_heaps_HeapMem_Module__gateObj__C                          
0000a010  ti_sysbios_heaps_HeapMem_Object__count__C                            
0000a014  ti_sysbios_heaps_HeapMem_reqAlign__C                                 
0000a018  ti_sysbios_knl_Clock_A_badThreadType__C                              
0000a01c  ti_sysbios_knl_Clock_LM_begin__C                                     
0000a020  ti_sysbios_knl_Clock_LM_tick__C                                      
0000a024  ti_sysbios_knl_Clock_LW_delayed__C                                   
0000a028  ti_sysbios_knl_Clock_Module_State_clockQ__O                          
0000a02c  ti_sysbios_knl_Clock_Module__diagsEnabled__C                         
0000a030  ti_sysbios_knl_Clock_Module__diagsIncluded__C                        
0000a034  ti_sysbios_knl_Clock_Module__diagsMask__C                            
0000a038  ti_sysbios_knl_Clock_Module__loggerFxn1__C                           
0000a03c  ti_sysbios_knl_Clock_Module__loggerFxn2__C                           
0000a040  ti_sysbios_knl_Clock_Module__loggerObj__C                            
0000a044  ti_sysbios_knl_Semaphore_A_badContext__C                             
0000a048  ti_sysbios_knl_Semaphore_A_noEvents__C                               
0000a04c  ti_sysbios_knl_Semaphore_A_overflow__C                               
0000a050  ti_sysbios_knl_Semaphore_A_pendTaskDisabled__C                       
0000a054  ti_sysbios_knl_Semaphore_Instance_State_pendQ__O                     
0000a058  ti_sysbios_knl_Semaphore_LM_pend__C                                  
0000a05c  ti_sysbios_knl_Semaphore_LM_post__C                                  
0000a060  ti_sysbios_knl_Semaphore_Module__diagsEnabled__C                     
0000a064  ti_sysbios_knl_Semaphore_Module__diagsIncluded__C                    
0000a068  ti_sysbios_knl_Semaphore_Module__diagsMask__C                        
0000a06c  ti_sysbios_knl_Semaphore_Module__loggerFxn2__C                       
0000a070  ti_sysbios_knl_Semaphore_Module__loggerFxn4__C                       
0000a074  ti_sysbios_knl_Semaphore_Module__loggerObj__C                        
0000a078  ti_sysbios_knl_Swi_LD_end__C                                         
0000a07c  ti_sysbios_knl_Swi_LM_begin__C                                       
0000a080  ti_sysbios_knl_Swi_LM_post__C                                        
0000a084  ti_sysbios_knl_Swi_Module__diagsEnabled__C                           
0000a088  ti_sysbios_knl_Swi_Module__diagsIncluded__C                          
0000a08c  ti_sysbios_knl_Swi_Module__diagsMask__C                              
0000a090  ti_sysbios_knl_Swi_Module__loggerFxn1__C                             
0000a094  ti_sysbios_knl_Swi_Module__loggerFxn4__C                             
0000a098  ti_sysbios_knl_Swi_Module__loggerObj__C                              
0000a09c  ti_sysbios_knl_Swi_Object__count__C                                  
0000a0a0  ti_sysbios_knl_Task_A_badPriority__C                                 
0000a0a4  ti_sysbios_knl_Task_A_badTaskState__C                                
0000a0a8  ti_sysbios_knl_Task_A_badThreadType__C                               
0000a0ac  ti_sysbios_knl_Task_A_noPendElem__C                                  
0000a0b0  ti_sysbios_knl_Task_E_spOutOfBounds__C                               
0000a0b4  ti_sysbios_knl_Task_E_stackOverflow__C                               
0000a0b8  ti_sysbios_knl_Task_LD_block__C                                      
0000a0bc  ti_sysbios_knl_Task_LD_exit__C                                       
0000a0c0  ti_sysbios_knl_Task_LD_ready__C                                      
0000a0c4  ti_sysbios_knl_Task_LM_switch__C                                     
0000a0c8  ti_sysbios_knl_Task_Module_State_inactiveQ__O                        
0000a0cc  ti_sysbios_knl_Task_Module__diagsEnabled__C                          
0000a0d0  ti_sysbios_knl_Task_Module__diagsIncluded__C                         
0000a0d4  ti_sysbios_knl_Task_Module__diagsMask__C                             
0000a0d8  ti_sysbios_knl_Task_Module__loggerFxn2__C                            
0000a0dc  ti_sysbios_knl_Task_Module__loggerFxn4__C                            
0000a0e0  ti_sysbios_knl_Task_Module__loggerObj__C                             
0000a0e4  ti_sysbios_knl_Task_Object__count__C                                 
0000a0e8  ti_sysbios_knl_Task_allBlockedFunc__C                                
0000a0ec  ti_sysbios_knl_Task_defaultStackHeap__C                              
0000a0f0  ti_sysbios_knl_Task_defaultStackSize__C                              
0000a0f4  ti_sysbios_knl_Task_numConstructedTasks__C                           
0000a0f8  ti_sysbios_utils_Load_LS_cpuLoad__C                                  
0000a0fc  ti_sysbios_utils_Load_Module__diagsEnabled__C                        
0000a100  ti_sysbios_utils_Load_Module__diagsIncluded__C                       
0000a104  ti_sysbios_utils_Load_Module__diagsMask__C                           
0000a108  ti_sysbios_utils_Load_Module__loggerFxn1__C                          
0000a10c  ti_sysbios_utils_Load_Module__loggerObj__C                           
0000a110  ti_sysbios_utils_Load_postUpdate__C                                  
0000a114  ti_sysbios_utils_Load_windowInMs__C                                  
0000a118  ti_uia_loggers_LoggerStopMode_Module__diagsEnabled__C                
0000a11c  ti_uia_loggers_LoggerStopMode_Module__diagsIncluded__C               
0000a120  ti_uia_loggers_LoggerStopMode_Module__diagsMask__C                   
0000a124  ti_uia_loggers_LoggerStopMode_Object__count__C                       
0000a128  ti_uia_runtime_ILoggerSnapshot_Interface__BASE__C                    
0000a12c  ti_uia_runtime_IUIATransfer_Interface__BASE__C                       
0000a130  xdc_runtime_Assert_E_assertFailed__C                                 
0000a134  xdc_runtime_Core_A_initializedParams__C                              
0000a138  xdc_runtime_Core_Module__diagsEnabled__C                             
0000a13c  xdc_runtime_Core_Module__diagsIncluded__C                            
0000a140  xdc_runtime_Core_Module__diagsMask__C                                
0000a144  xdc_runtime_Error_E_memory__C                                        
0000a148  xdc_runtime_Error_Module__diagsEnabled__C                            
0000a14c  xdc_runtime_Error_Module__diagsIncluded__C                           
0000a150  xdc_runtime_Error_Module__diagsMask__C                               
0000a154  xdc_runtime_Error_Module__loggerFxn8__C                              
0000a158  xdc_runtime_Error_Module__loggerObj__C                               
0000a15c  xdc_runtime_Error_policyFxn__C                                       
0000a160  xdc_runtime_Error_raiseHook__C                                       
0000a164  xdc_runtime_IFilterLogger_Interface__BASE__C                         
0000a168  xdc_runtime_IGateProvider_Interface__BASE__C                         
0000a16c  xdc_runtime_IHeap_Interface__BASE__C                                 
0000a170  xdc_runtime_ILogger_Interface__BASE__C                               
0000a174  xdc_runtime_IModule_Interface__BASE__C                               
0000a178  xdc_runtime_Log_L_error__C                                           
0000a17c  xdc_runtime_Memory_defaultHeapInstance__C                            
0000a180  xdc_runtime_Startup_execImpl__C                                      
0000a184  xdc_runtime_Startup_lastFxns__A                                      
0000a188  xdc_runtime_Startup_maxPasses__C                                     
0000a18c  xdc_runtime_Startup_sfxnRts__C                                       
0000a190  xdc_runtime_Startup_sfxnTab__C                                       
0000a194  xdc_runtime_SysMin_bufSize__C                                        
0000a198  xdc_runtime_SysMin_outputFunc__C                                     
0000a19c  xdc_runtime_System_Module__gateObj__C                                
0000a1a0  xdc_runtime_System_abortFxn__C                                       
0000a1a4  xdc_runtime_System_exitFxn__C                                        
0000a1a8  xdc_runtime_System_extendFxn__C                                      
0000a1ac  xdc_runtime_System_maxAtexitHandlers__C                              
0000a1b0  xdc_runtime_Text_charTab__C                                          
0000a1b4  xdc_runtime_Text_nameEmpty__C                                        
0000a1b8  xdc_runtime_Text_nameStatic__C                                       
0000a1bc  xdc_runtime_Text_nameUnknown__C                                      
0000a1c0  xdc_runtime_Text_nodeTab__C                                          
0000a1c4  xdc_runtime_Text_visitRopeFxn__C                                     
0000a1c8  ti_catalog_arm_cortexm4_tiva_ce_Boot_Module__id__C                   
0000a1ca  ti_sysbios_family_arm_lm4_TimestampProvider_useClockTimer__C         
0000a1cc  ti_sysbios_family_arm_m3_Hwi_Module__id__C                           
0000a1ce  ti_sysbios_family_arm_m3_Hwi_Module__loggerDefined__C                
0000a1d0  ti_sysbios_gates_GateMutex_Module__id__C                             
0000a1d2  ti_sysbios_hal_Hwi_Module__id__C                                     
0000a1d4  ti_sysbios_heaps_HeapMem_Module__id__C                               
0000a1d6  ti_sysbios_knl_Clock_Module__id__C                                   
0000a1d8  ti_sysbios_knl_Clock_Module__loggerDefined__C                        
0000a1da  ti_sysbios_knl_Semaphore_Module__id__C                               
0000a1dc  ti_sysbios_knl_Semaphore_Module__loggerDefined__C                    
0000a1de  ti_sysbios_knl_Swi_Module__id__C                                     
0000a1e0  ti_sysbios_knl_Swi_Module__loggerDefined__C                          
0000a1e2  ti_sysbios_knl_Task_Module__id__C                                    
0000a1e4  ti_sysbios_knl_Task_Module__loggerDefined__C                         
0000a1e6  ti_sysbios_utils_Load_Module__id__C                                  
0000a1e8  ti_sysbios_utils_Load_Module__loggerDefined__C                       
0000a1ea  ti_sysbios_utils_Load_updateInIdle__C                                
0000a1ec  ti_uia_loggers_LoggerStopMode_Module__id__C                          
0000a1ee  ti_uia_loggers_LoggerStopMode_isTimestampEnabled__C                  
0000a1f0  xdc_runtime_Core_Module__id__C                                       
0000a1f2  xdc_runtime_Error_Module__loggerDefined__C                           
0000a1f4  xdc_runtime_Error_maxDepth__C                                        
0000a1f6  xdc_runtime_Memory_Module__id__C                                     
0000a1f8  xdc_runtime_SysMin_flushAtExit__C                                    
0000a1fa  xdc_runtime_Text_charCnt__C                                          
0000a1fc  xdc_runtime_Text_isLoaded__C                                         
0000a1fe  xdc_runtime_Text_registryModsLastId__C                               
0000a200  xdc_runtime_Text_unnamedModsLastId__C                                
0000a208  __TI_static_base__                                                   
0000a460  __TI_Handler_Table_Base                                              
0000a46c  __TI_Handler_Table_Limit                                             
0000a480  __TI_CINIT_Base                                                      
0000a498  __TI_CINIT_Limit                                                     
20000000  __start___llvm_prf_cnts                                              
20000000  __stop___llvm_prf_cnts                                               
20000000  ti_sysbios_family_arm_m3_Hwi_ramVectors                              
20000380  ti_sysbios_heaps_HeapMem_Instance_State_0_buf__A                     
20000780  ti_uia_loggers_LoggerStopMode_Instance_State_2_packetArray__A        
20000b80  ti_sysbios_family_arm_m3_Hwi_dispatchTable                           
20000ee0  task0Stack                                                           
200011e0  ti_sysbios_knl_Task_Instance_State_0_stack__A                        
200013e0  uartTivaRingBuffer                                                   
20001400  ti_uia_loggers_LoggerStopMode_Instance_State_1_packetArray__A        
20001600  __CIOBUF_                                                            
20001720  task0Struct                                                          
20001770  parmbuf                                                              
20001780  ti_uia_loggers_LoggerStopMode_Instance_State_0_packetArray__A        
20001880  uartTivaObjects                                                      
200019dc  xdc_runtime_SysMin_Module_State_0_outbuf__A                          
20001a80  ti_uia_loggers_LoggerStopMode_Instance_State_0_hdr__A                
20001b00  ti_uia_loggers_LoggerStopMode_Instance_State_1_hdr__A                
20001b80  ti_uia_loggers_LoggerStopMode_Instance_State_2_hdr__A                
20001bb0  ti_uia_loggers_LoggerStopMode_Object__table__V                       
20001c4c  ti_sysbios_utils_Load_Module__state__V                               
20001ce4  ti_sysbios_family_arm_lm4_Timer_Object__table__V                     
20001d64  ti_sysbios_knl_Swi_Module_State_0_readyQ__A                          
20001de4  ti_sysbios_knl_Task_Module_State_0_readyQ__A                         
20001e64  ti_sysbios_knl_Task_Object__table__V                                 
20001eb0  ti_sysbios_knl_Task_Module__state__V                                 
20001ef4  ti_sysbios_family_arm_lm4_Timer_Module_State_0_device__A             
20001f34  ti_sysbios_gates_GateMutex_Object__table__V                          
20001f6c  ti_sysbios_family_arm_m3_Hwi_Module__state__V                        
20001fa0  ti_sysbios_family_arm_m3_Hwi_Object__table__V                        
20001fd0  ti_sysbios_knl_Swi_Object__table__V                                  
20002000  ti_sysbios_knl_Clock_Module__state__V                                
2000202c  ti_sysbios_BIOS_Module__state__V                                     
20002050  ti_sysbios_family_arm_lm4_Timer_Module_State_0_handles__A            
20002070  ti_sysbios_knl_Swi_Module__state__V                                  
2000208c  ti_sysbios_heaps_HeapMem_Object__table__V                            
200020a4  gpioPinConfigs                                                       
200020b4  ti_sysbios_family_arm_lm4_Timer_Module__state__V                     
200020c0  ti_sysbios_knl_Task_Module__root__V                                  
200020cc  ti_uia_runtime_QueueDescriptor_Module__state__V                      
200020d8  xdc_runtime_SysMin_Module__state__V                                  
200020e4  _lock                                                                
200020e8  _unlock                                                              
200020ec  gpioCallbackFunctions                                                
200020f4  ti_uia_runtime_QueueDescriptor_gPtrToFirstDescriptor                 
200020f8  ti_uia_runtime_QueueDescriptor_gUpdateCount                          
200020fc  ti_sysbios_family_arm_lm4_TimestampProvider_Module__state__V         
20002104  ti_sysbios_family_arm_m3_Hwi_Module__root__V                         
2000210c  ti_sysbios_gates_GateHwi_Module__root__V                             
20002114  ti_sysbios_gates_GateMutex_Module__root__V                           
2000211c  ti_sysbios_heaps_HeapMem_Module__root__V                             
20002124  ti_sysbios_knl_Clock_Module__root__V                                 
2000212c  ti_sysbios_knl_Queue_Module__root__V                                 
20002134  ti_sysbios_knl_Semaphore_Module__root__V                             
2000213c  ti_uia_loggers_LoggerStopMode_Module__root__V                        
20002144  xdc_runtime_Registry_Module__state__V                                
2000214c  xdc_runtime_Startup_Module__state__V                                 
20002154  xdc_runtime_System_Module_State_0_atexitHandlers__A                  
2000215c  xdc_runtime_System_Module__state__V                                  
2000216a  ti_sysbios_family_arm_m3_Hwi_Module_State_0_excActive__A             
20002170  main_func_sp                                                         
20002174  ti_sysbios_family_arm_m3_Hwi_Module_State_0_excContext__A            
20002178  ti_sysbios_family_arm_m3_Hwi_Module_State_0_excStack__A              
2000217c  ti_sysbios_gates_GateHwi_Object__table__V                            
20002180  ti_sysbios_knl_Task_Module_State_0_idleTask__A                       
20002184  ti_sysbios_utils_Load_Module_State_0_runningTask__A                  
20002188  ti_sysbios_utils_Load_Module_State_0_taskStartTime__A                
2000218c  xdc_runtime_Memory_Module__state__V                                  
20002190  xdc_runtime_Error_Module__state__V                                   
20002198  __stack                                                              
20002498  __STACK_END                                                          
e000e000  ti_sysbios_family_arm_m3_Hwi_nvic                                    
ffffffff  __TI_pprof_out_hndl                                                  
ffffffff  __TI_prof_data_size                                                  
ffffffff  __TI_prof_data_start                                                 
ffffffff  __binit__                                                            
ffffffff  __c_args__                                                           
ffffffff  binit                                                                
UNDEFED   SHT$$INIT_ARRAY$$Base                                                
UNDEFED   SHT$$INIT_ARRAY$$Limit                                               

[728 symbols]
