******************************************************************************
                  TI ARM Linker Unix v20.2.5                   
******************************************************************************
>> Linked Wed Mar 30 17:16:47 2022

OUTPUT FILE NAME:   <timers.out>
ENTRY POINT SYMBOL: "_c_int00_noargs"  address: 00004375


MEMORY CONFIGURATION

         name            origin    length      used     unused   attr    fill
----------------------  --------  ---------  --------  --------  ----  --------
  FLASH                 00000000   00100000  0000567e  000fa982  R  X
  SRAM                  20000000   00040000  000006cc  0003f934  RW X


SEGMENT ALLOCATION MAP

run origin  load origin   length   init length attrs members
----------  ----------- ---------- ----------- ----- -------
00000000    00000000    00005680   00005680    r-x
  00000000    00000000    00000200   00000200    r-- .intvecs
  00000200    00000200    00004552   00004552    r-x .text
  00004754    00004754    00000eec   00000eec    r-- .const
  00005640    00005640    00000040   00000040    r-- .cinit
20000000    20000000    000006d0   00000000    rw-
  20000000    20000000    00000584   00000000    rw- .bss
  20000588    20000588    00000100   00000000    rw- .stack
  20000688    20000688    00000048   00000000    rw- .data


SECTION ALLOCATION MAP

 output                                  attributes/
section   page    origin      length       input sections
--------  ----  ----------  ----------   ----------------
.intvecs   0    00000000    00000200     
                  00000000    00000200     startup_ccs.obj (.intvecs)

.text      0    00000200    00004552     
                  00000200    00000a4e     rtsv7M4_T_le_v4SPD16_eabi.lib : _printfi.c.obj (.text:__TI_printfi)
                  00000c4e    00000002     startup_ccs.obj (.text:FaultISR)
                  00000c50    0000053a     Kentec320x240x16_ssd2119_spi.obj (.text:Kentec320x240x16_SSD2119Init)
                  0000118a    00000002     startup_ccs.obj (.text:IntDefaultHandler)
                  0000118c    000002c0     timers.obj (.text:main)
                  0000144c    00000270     rtsv7M4_T_le_v4SPD16_eabi.lib : _printfi.c.obj (.text:_pconv_a)
                  000016bc    00000254     grlib.lib : string.obj (.text:GrFontGlyphRender)
                  00001910    00000200     driverlib.lib : sysctl.obj (.text:SysCtlClockFreqSet)
                  00001b10    000001ee     uartstdio.obj (.text:UARTvprintf)
                  00001cfe    00000002     Kentec320x240x16_ssd2119_spi.obj (.text:Kentec320x240x16_SSD2119Flush)
                  00001d00    000001d0     rtsv7M4_T_le_v4SPD16_eabi.lib : _printfi.c.obj (.text:_pconv_g)
                  00001ed0    000001b6                                   : fd_add_t2.asm.obj (.text)
                  00002086    00000002     startup_ccs.obj (.text:NmiSR)
                  00002088    00000180     touch.obj (.text:TouchScreenDebouncer)
                  00002208    0000014a     Kentec320x240x16_ssd2119_spi.obj (.text:Kentec320x240x16_SSD2119PixelDrawMultiple)
                  00002352    00000002     rtsv7M4_T_le_v4SPD16_eabi.lib : div0.asm.obj (.text)
                  00002354    0000013c                                   : _printfi.c.obj (.text:_pconv_e)
                  00002490    00000136                                   : fd_div_t2.asm.obj (.text)
                  000025c6    00000132     driverlib.lib : gpio.obj (.text:GPIOPadConfigSet)
                  000026f8    00000130     touch.obj (.text:TouchScreenIntHandler)
                  00002828    00000124     Kentec320x240x16_ssd2119_spi.obj (.text:Kentec320x240x16_SSD2119RectFill)
                  0000294c    00000124     rtsv7M4_T_le_v4SPD16_eabi.lib : _printfi.c.obj (.text:fcvt)
                  00002a70    00000114     touch.obj (.text:TouchScreenInit)
                  00002b84    00000110     rtsv7M4_T_le_v4SPD16_eabi.lib : s_scalbn.c.obj (.text:scalbn)
                  00002c94    000000fc                                   : fd_mul_t2.asm.obj (.text)
                  00002d90    000000e8     grlib.lib : widget.obj (.text:WidgetMessageQueueAdd)
                  00002e78    000000d8     Kentec320x240x16_ssd2119_spi.obj (.text:Kentec320x240x16_SSD2119LineDrawH)
                  00002f50    000000c0     grlib.lib : string.obj (.text:GrDefaultStringRenderer)
                  00003010    000000b8     Kentec320x240x16_ssd2119_spi.obj (.text:InitSPILCDInterface)
                  000030c8    000000b4     grlib.lib : widget.obj (.text:WidgetMessageSendPostOrder)
                  0000317c    000000b1     rtsv7M4_T_le_v4SPD16_eabi.lib : _printfi.c.obj (.text:_ltostr)
                  0000322d    00000003     --HOLE-- [fill = 0]
                  00003230    000000a4     Kentec320x240x16_ssd2119_spi.obj (.text:Kentec320x240x16_SSD2119LineDrawV)
                  000032d4    0000009c     rtsv7M4_T_le_v4SPD16_eabi.lib : memcpy_t2.asm.obj (.text)
                  00003370    00000096                                   : ull_div_t2.asm.obj (.text)
                  00003406    00000002     --HOLE-- [fill = 0]
                  00003408    00000094     timers.obj (.text:Timer0IntHandler)
                  0000349c    00000090     timers.obj (.text:Timer1IntHandler)
                  0000352c    00000086     grlib.lib : rectangle.obj (.text:GrRectFill)
                  000035b2    00000086     rtsv7M4_T_le_v4SPD16_eabi.lib : fd_cmp_t2.asm.obj (.text:__aeabi_cdcmple)
                  00003638    00000086                                   : fd_cmp_t2.asm.obj (.text:__aeabi_cdrcmple)
                  000036be    00000002     --HOLE-- [fill = 0]
                  000036c0    0000007c     Kentec320x240x16_ssd2119_spi.obj (.text:Kentec320x240x16_SSD2119PixelDraw)
                  0000373c    0000007a     driverlib.lib : adc.obj (.text:ADCSequenceStepConfigure)
                  000037b6    0000007a     rtsv7M4_T_le_v4SPD16_eabi.lib : memset_t2.asm.obj (.text)
                  00003830    0000006e                                   : _printfi.c.obj (.text:_mcpy)
                  0000389e    00000002     --HOLE-- [fill = 0]
                  000038a0    00000068     grlib.lib : context.obj (.text:GrContextInit)
                  00003908    00000068               : string.obj (.text:GrStringWidthGet)
                  00003970    00000068     driverlib.lib : interrupt.obj (.text:IntEnable)
                  000039d8    00000068     rtsv7M4_T_le_v4SPD16_eabi.lib : copy_decompress_lzss.c.obj (.text:decompress:lzss:__TI_decompress_lzss)
                  00003a40    00000066     grlib.lib : rectangle.obj (.text:GrRectDraw)
                  00003aa6    00000002     --HOLE-- [fill = 0]
                  00003aa8    00000064               : widget.obj (.text:WidgetMessageQueueProcess)
                  00003b0c    00000064     rtsv7M4_T_le_v4SPD16_eabi.lib : s_frexp.c.obj (.text:frexp)
                  00003b70    00000060     driverlib.lib : timer.obj (.text:TimerConfigure)
                  00003bd0    00000060     uartstdio.obj (.text:UARTStdioConfig)
                  00003c30    0000005e     grlib.lib : widget.obj (.text:WidgetMessageSendPreOrder)
                  00003c8e    00000002     --HOLE-- [fill = 0]
                  00003c90    0000005c     timers.obj (.text:ConfigureUART)
                  00003cec    0000005a     grlib.lib : string.obj (.text:FontWideGlyphDataGet)
                  00003d46    00000002     --HOLE-- [fill = 0]
                  00003d48    00000058     driverlib.lib : timer.obj (.text:TimerControlTrigger)
                  00003da0    00000056     rtsv7M4_T_le_v4SPD16_eabi.lib : _printfi.c.obj (.text:_pconv_f)
                  00003df6    00000054                                   : _ltoa.c.obj (.text:__TI_ltoa)
                  00003e4a    00000052                                   : _printfi.c.obj (.text:_ecpy)
                  00003e9c    00000050     driverlib.lib : adc.obj (.text:ADCSequenceConfigure)
                  00003eec    0000004c     Kentec320x240x16_ssd2119_spi.obj (.text:WriteCommandSPI)
                  00003f38    0000004c     Kentec320x240x16_ssd2119_spi.obj (.text:WriteDataSPI)
                  00003f84    0000004c     rtsv7M4_T_le_v4SPD16_eabi.lib : atoi.c.obj (.text:atoi)
                  00003fd0    0000004a     grlib.lib : string.obj (.text:UpdateContextCharMapping)
                  0000401a    00000002     --HOLE-- [fill = 0]
                  0000401c    00000048     driverlib.lib : gpio.obj (.text:GPIOPinConfigure)
                  00004064    00000048     uartstdio.obj (.text:UARTwrite)
                  000040ac    00000048     driverlib.lib : sysctl.obj (.text:_SysCtlFrequencyGet)
                  000040f4    00000048     rtsv7M4_T_le_v4SPD16_eabi.lib : fd_toi_t2.asm.obj (.text)
                  0000413c    00000046     grlib.lib : line.obj (.text:GrLineDrawH)
                  00004182    00000046               : line.obj (.text:GrLineDrawV)
                  000041c8    00000044     rtsv7M4_T_le_v4SPD16_eabi.lib : autoinit.c.obj (.text:__TI_auto_init_nobinit_nopinit:__TI_auto_init_nobinit_nopinit)
                  0000420c    00000040                                   : u_divt2.asm.obj (.text)
                  0000424c    00000040                                   : sprintf.c.obj (.text:sprintf)
                  0000428c    0000003e                                   : _printfi.c.obj (.text:_fcpy)
                  000042ca    0000003c     driverlib.lib : ssi.obj (.text:SSIConfigSetExpClk)
                  00004306    0000003a     grlib.lib : string.obj (.text:FontGlyphDataGet)
                  00004340    00000034     driverlib.lib : sysctl.obj (.text:SysCtlPeripheralEnable)
                  00004374    00000034     rtsv7M4_T_le_v4SPD16_eabi.lib : boot_cortex_m.c.obj (.text:_c_int00_noargs:_c_int00_noargs)
                  000043a8    0000002e     grlib.lib : string.obj (.text:GrStringNextCharGet)
                  000043d6    0000002e     rtsv7M4_T_le_v4SPD16_eabi.lib : i_tofd_t2.asm.obj (.text)
                  00004404    0000002c     grlib.lib : string.obj (.text:GrFontBaselineGet)
                  00004430    0000002c               : widget.obj (.text:WidgetIsInTree)
                  0000445c    0000002a     driverlib.lib : gpio.obj (.text:GPIODirModeSet)
                  00004486    00000026     grlib.lib : string.obj (.text:GrFontInfoGet)
                  000044ac    00000022               : string.obj (.text:GrFontGlyphDataGet)
                  000044ce    00000002     --HOLE-- [fill = 0]
                  000044d0    00000020     driverlib.lib : sysctl.obj (.text:_SysCtlMemTimingGet)
                  000044f0    0000001e     grlib.lib : string.obj (.text:GrFontCodepageGet)
                  0000450e    00000002     --HOLE-- [fill = 0]
                  00004510    0000001c               : widget.obj (.text:WidgetPointerMessage)
                  0000452c    0000001c     rtsv7M4_T_le_v4SPD16_eabi.lib : memccpy.c.obj (.text:memccpy)
                  00004548    0000001a     uartstdio.obj (.text:UARTprintf)
                  00004562    0000001a     rtsv7M4_T_le_v4SPD16_eabi.lib : s_copysign.c.obj (.text:copysign)
                  0000457c    00000018     driverlib.lib : gpio.obj (.text:GPIOPinTypeGPIOOutput)
                  00004594    00000018     rtsv7M4_T_le_v4SPD16_eabi.lib : sprintf.c.obj (.text:_outs)
                  000045ac    00000016     grlib.lib : string.obj (.text:GrStringDraw)
                  000045c2    00000016     Kentec320x240x16_ssd2119_spi.obj (.text:Kentec320x240x16_SSD2119ColorTranslate)
                  000045d8    00000016     rtsv7M4_T_le_v4SPD16_eabi.lib : strchr.c.obj (.text:strchr)
                  000045ee    00000014     grlib.lib : widget.obj (.text:WidgetMutexGet)
                  00004602    00000014     rtsv7M4_T_le_v4SPD16_eabi.lib : strlen.c.obj (.text:strlen)
                  00004616    00000012     driverlib.lib : gpio.obj (.text:GPIOPinTypeSSI)
                  00004628    00000012                   : ssi.obj (.text:SSIDataGetNonBlocking)
                  0000463a    00000012                   : timer.obj (.text:TimerLoadSet)
                  0000464c    00000012     rtsv7M4_T_le_v4SPD16_eabi.lib : wcslen.c.obj (.text:wcslen)
                  0000465e    00000010     driverlib.lib : adc.obj (.text:ADCIntEnable)
                  0000466e    00000002     --HOLE-- [fill = 0]
                  00004670    00000010                   : fpu.obj (.text:FPUEnable)
                  00004680    00000010                   : fpu.obj (.text:FPULazyStackingEnable)
                  00004690    00000010                   : udma.obj (.text:uDMAEnable)
                  000046a0    0000000e                   : adc.obj (.text:ADCSequenceEnable)
                  000046ae    0000000e                   : timer.obj (.text:TimerEnable)
                  000046bc    0000000e     rtsv7M4_T_le_v4SPD16_eabi.lib : copy_decompress_none.c.obj (.text:decompress:none:__TI_decompress_none)
                  000046ca    00000002     --HOLE-- [fill = 0]
                  000046cc    0000000c     touch.obj (.text:TouchScreenCallbackSet)
                  000046d8    0000000c     rtsv7M4_T_le_v4SPD16_eabi.lib : copy_zero_init.c.obj (.text:decompress:ZI:__TI_zero_init)
                  000046e4    0000000c     driverlib.lib : udma.obj (.text:uDMAControlBaseSet)
                  000046f0    0000000a                   : ssi.obj (.text:SSIDataPut)
                  000046fa    0000000a                   : ssi.obj (.text:SSIEnable)
                  00004704    0000000a     rtsv7M4_T_le_v4SPD16_eabi.lib : sprintf.c.obj (.text:_outc)
                  0000470e    00000008     grlib.lib : charmap.obj (.text:GrMapISO8859_1_Unicode)
                  00004716    00000008     driverlib.lib : ssi.obj (.text:SSIBusy)
                  0000471e    00000002     --HOLE-- [fill = 0]
                  00004720    00000008     rtsv7M4_T_le_v4SPD16_eabi.lib : errno.c.obj (.text:__aeabi_errno_addr)
                  00004728    00000006     driverlib.lib : gpio.obj (.text:GPIOPinWrite)
                  0000472e    00000006     grlib.lib : string.obj (.text:GrContextFontSet)
                  00004734    00000006     startup_ccs.obj (.text:ResetISR)
                  0000473a    00000006     driverlib.lib : sysctl.obj (.text:SysCtlDelay)
                  00004740    00000006     grlib.lib : widget.obj (.text:WidgetMutexPut)
                  00004746    00000004               : widget.obj (.text:WidgetDefaultMsgProc)
                  0000474a    00000004     rtsv7M4_T_le_v4SPD16_eabi.lib : pre_init.c.obj (.text:_system_pre_init)
                  0000474e    00000004                                   : exit.c.obj (.text:abort:abort)

.const     0    00004754    00000eec     
                  00004754    0000095e     grlib.lib : fontcm20.obj (.const:.string:g_pui8Cm20Data)
                  000050b2    00000002     --HOLE-- [fill = 0]
                  000050b4    000001b0     driverlib.lib : sysctl.obj (.const:g_pppui32XTALtoVCO)
                  00005264    00000101     rtsv7M4_T_le_v4SPD16_eabi.lib : ctype.c.obj (.const:.string:_ctypes_)
                  00005365    00000003     --HOLE-- [fill = 0]
                  00005368    000000c8     grlib.lib : fontcm20.obj (.const:g_sFontCm20)
                  00005430    00000090     driverlib.lib : gpio.obj (.const:g_pui32GPIOBaseAddrs)
                  000054c0    00000070                   : interrupt.obj (.const)
                  00005530    0000006c                   : sysctl.obj (.const:g_pui32Xtals)
                  0000559c    00000030                   : sysctl.obj (.const:g_sXTALtoMEMTIM)
                  000055cc    00000028     Kentec320x240x16_ssd2119_spi.obj (.const:g_sKentec320x240x16_SSD2119)
                  000055f4    0000001c     touch.obj (.const:g_pi32TouchParameters)
                  00005610    00000010     grlib.lib : context.obj (.const)
                  00005620    0000000c     uartstdio.obj (.const:g_ui32UARTBase)
                  0000562c    0000000c     uartstdio.obj (.const:g_ui32UARTPeriph)
                  00005638    00000008     driverlib.lib : sysctl.obj (.const)

.cinit     0    00005640    00000040     
                  00005640    00000015     (.cinit..data.load) [load image, compression = lzss]
                  00005655    00000003     --HOLE-- [fill = 0]
                  00005658    0000000c     (__TI_handler_table)
                  00005664    00000004     --HOLE-- [fill = 0]
                  00005668    00000008     (.cinit..bss.load) [load image, compression = zero_init]
                  00005670    00000010     (__TI_cinit_table)

.init_array 
*          0    00000000    00000000     UNINITIALIZED

.bss       0    20000000    00000584     UNINITIALIZED
                  20000000    00000400     (.common:psDMAControlTable)
                  20000400    00000140     grlib.lib : widget.obj (.bss:g_psMQ)
                  20000540    00000010     touch.obj (.bss:g_pi16Samples)
                  20000550    0000000c     (.common:Store_Count0)
                  2000055c    0000000c     (.common:Store_Count1)
                  20000568    00000008     touch.obj (.bss)
                  20000570    00000004     (.common:g_pi32ParmSet)
                  20000574    00000004     (.common:g_psGrLibDefaults)
                  20000578    00000004     (.common:g_ui32Flags)
                  2000057c    00000004     (.common:g_ui32SysClock)
                  20000580    00000002     (.common:g_i16TouchX)
                  20000582    00000002     (.common:g_i16TouchY)

.data      0    20000688    00000048     UNINITIALIZED
                  20000688    0000002d     grlib.lib : widget.obj (.data)
                  200006b5    00000003     --HOLE--
                  200006b8    00000008     timers.obj (.data)
                  200006c0    00000005     uartstdio.obj (.data)
                  200006c5    00000003     --HOLE--
                  200006c8    00000004     rtsv7M4_T_le_v4SPD16_eabi.lib : errno.c.obj (.data)
                  200006cc    00000004     touch.obj (.data)

.stack     0    20000588    00000100     UNINITIALIZED
                  20000588    00000004     rtsv7M4_T_le_v4SPD16_eabi.lib : boot_cortex_m.c.obj (.stack)
                  2000058c    000000fc     --HOLE--

__llvm_prf_cnts 
*          0    20000000    00000000     UNINITIALIZED

MODULE SUMMARY

       Module                             code    ro data   rw data
       ------                             ----    -------   -------
    ./
       timers.obj                         1088    0         1064   
       startup_ccs.obj                    12      512       0      
    +--+----------------------------------+-------+---------+---------+
       Total:                             1100    512       1064   
                                                                   
    ./drivers/
       Kentec320x240x16_ssd2119_spi.obj   2824    40        0      
       touch.obj                          976     28        36     
    +--+----------------------------------+-------+---------+---------+
       Total:                             3800    68        36     
                                                                   
    ./utils/
       uartstdio.obj                      688     24        5      
    +--+----------------------------------+-------+---------+---------+
       Total:                             688     24        5      
                                                                   
    /Applications/ti/ccs1110/ccs/tools/compiler/ti-cgt-arm_20.2.5.LTS/lib/rtsv7M4_T_le_v4SPD16_eabi.lib
       _printfi.c.obj                     4851    0         0      
       fd_add_t2.asm.obj                  438     0         0      
       fd_div_t2.asm.obj                  310     0         0      
       s_scalbn.c.obj                     272     0         0      
       fd_cmp_t2.asm.obj                  268     0         0      
       ctype.c.obj                        0       257       0      
       fd_mul_t2.asm.obj                  252     0         0      
       memcpy_t2.asm.obj                  156     0         0      
       ull_div_t2.asm.obj                 150     0         0      
       memset_t2.asm.obj                  122     0         0      
       copy_decompress_lzss.c.obj         104     0         0      
       s_frexp.c.obj                      100     0         0      
       sprintf.c.obj                      98      0         0      
       _ltoa.c.obj                        84      0         0      
       atoi.c.obj                         76      0         0      
       fd_toi_t2.asm.obj                  72      0         0      
       autoinit.c.obj                     68      0         0      
       u_divt2.asm.obj                    64      0         0      
       boot_cortex_m.c.obj                52      0         0      
       i_tofd_t2.asm.obj                  46      0         0      
       memccpy.c.obj                      28      0         0      
       s_copysign.c.obj                   26      0         0      
       strchr.c.obj                       22      0         0      
       strlen.c.obj                       20      0         0      
       wcslen.c.obj                       18      0         0      
       copy_decompress_none.c.obj         14      0         0      
       copy_zero_init.c.obj               12      0         0      
       errno.c.obj                        8       0         4      
       exit.c.obj                         4       0         0      
       pre_init.c.obj                     4       0         0      
       div0.asm.obj                       2       0         0      
    +--+----------------------------------+-------+---------+---------+
       Total:                             7741    257       4      
                                                                   
    /Users/don/ti/tivaware_c_series_2_1_4_178/driverlib/ccs/Debug/driverlib.lib
       sysctl.obj                         674     596       0      
       gpio.obj                           468     144       0      
       adc.obj                            232     0         0      
       interrupt.obj                      104     112       0      
       timer.obj                          216     0         0      
       ssi.obj                            106     0         0      
       fpu.obj                            32      0         0      
       udma.obj                           28      0         0      
    +--+----------------------------------+-------+---------+---------+
       Total:                             1860    852       0      
                                                                   
    /Users/don/ti/tivaware_c_series_2_1_4_178/grlib/ccs/Debug/grlib.lib
       fontcm20.obj                       0       2598      0      
       string.obj                         1334    0         0      
       widget.obj                         708     0         365    
       rectangle.obj                      236     0         0      
       line.obj                           140     0         0      
       context.obj                        104     16        4      
       charmap.obj                        8       0         0      
    +--+----------------------------------+-------+---------+---------+
       Total:                             2530    2614      369    
                                                                   
       Stack:                             0       0         256    
       Linker Generated:                  0       57        0      
    +--+----------------------------------+-------+---------+---------+
       Grand Total:                       17719   4384      1734   


LINKER GENERATED COPY TABLES

__TI_cinit_table @ 00005670 records: 2, size/record: 8, table size: 16
	.data: load addr=00005640, load size=00000015 bytes, run addr=20000688, run size=00000048 bytes, compression=lzss
	.bss: load addr=00005668, load size=00000008 bytes, run addr=20000000, run size=00000584 bytes, compression=zero_init


LINKER GENERATED HANDLER TABLE

__TI_handler_table @ 00005658 records: 3, size/record: 4, table size: 12
	index: 0, handler: __TI_decompress_lzss
	index: 1, handler: __TI_decompress_none
	index: 2, handler: __TI_zero_init


GLOBAL SYMBOLS: SORTED ALPHABETICALLY BY Name 

address   name                          
-------   ----                          
0000465f  ADCIntEnable                  
00003e9d  ADCSequenceConfigure          
000046a1  ADCSequenceEnable             
0000373d  ADCSequenceStepConfigure      
0000474f  C$$EXIT                       
00003c91  ConfigureUART                 
200006b8  Counter_Timer0                
200006bc  Counter_Timer1                
00004671  FPUEnable                     
00004681  FPULazyStackingEnable         
0000445d  GPIODirModeSet                
000025c7  GPIOPadConfigSet              
0000401d  GPIOPinConfigure              
0000457d  GPIOPinTypeGPIOOutput         
00004617  GPIOPinTypeSSI                
00004729  GPIOPinWrite                  
0000472f  GrContextFontSet              
000038a1  GrContextInit                 
00002f51  GrDefaultStringRenderer       
00004405  GrFontBaselineGet             
000044f1  GrFontCodepageGet             
000044ad  GrFontGlyphDataGet            
000016bd  GrFontGlyphRender             
00004487  GrFontInfoGet                 
0000413d  GrLineDrawH                   
00004183  GrLineDrawV                   
0000470f  GrMapISO8859_1_Unicode        
00003a41  GrRectDraw                    
0000352d  GrRectFill                    
000045ad  GrStringDraw                  
000043a9  GrStringNextCharGet           
00003909  GrStringWidthGet              
00003971  IntEnable                     
00000c51  Kentec320x240x16_SSD2119Init  
00004735  ResetISR                      
00004717  SSIBusy                       
000042cb  SSIConfigSetExpClk            
00004629  SSIDataGetNonBlocking         
000046f1  SSIDataPut                    
000046fb  SSIEnable                     
20000550  Store_Count0                  
2000055c  Store_Count1                  
00001911  SysCtlClockFreqSet            
0000473b  SysCtlDelay                   
00004341  SysCtlPeripheralEnable        
00003409  Timer0IntHandler              
0000349d  Timer1IntHandler              
00003b71  TimerConfigure                
00003d49  TimerControlTrigger           
000046af  TimerEnable                   
0000463b  TimerLoadSet                  
000046cd  TouchScreenCallbackSet        
00002a71  TouchScreenInit               
000026f9  TouchScreenIntHandler         
00003bd1  UARTStdioConfig               
00004549  UARTprintf                    
00001b11  UARTvprintf                   
00004065  UARTwrite                     
00004747  WidgetDefaultMsgProc          
00002d91  WidgetMessageQueueAdd         
00003aa9  WidgetMessageQueueProcess     
000030c9  WidgetMessageSendPostOrder    
00003c31  WidgetMessageSendPreOrder     
000045ef  WidgetMutexGet                
00004741  WidgetMutexPut                
00004511  WidgetPointerMessage          
20000688  __STACK_END                   
00000100  __STACK_SIZE                  
20000688  __STACK_TOP                   
00005670  __TI_CINIT_Base               
00005680  __TI_CINIT_Limit              
00005658  __TI_Handler_Table_Base       
00005664  __TI_Handler_Table_Limit      
000041c9  __TI_auto_init_nobinit_nopinit
000039d9  __TI_decompress_lzss          
000046bd  __TI_decompress_none          
00003df7  __TI_ltoa                     
ffffffff  __TI_pprof_out_hndl           
00000201  __TI_printfi                  
ffffffff  __TI_prof_data_size           
ffffffff  __TI_prof_data_start          
00000000  __TI_static_base__            
000046d9  __TI_zero_init                
000035b3  __aeabi_cdcmpeq               
000035b3  __aeabi_cdcmple               
00003639  __aeabi_cdrcmple              
000040f5  __aeabi_d2iz                  
00001edb  __aeabi_dadd                  
00002491  __aeabi_ddiv                  
00002c95  __aeabi_dmul                  
00001ed1  __aeabi_dsub                  
00004721  __aeabi_errno_addr            
000043d7  __aeabi_i2d                   
00002353  __aeabi_idiv0                 
00002353  __aeabi_ldiv0                 
000037b7  __aeabi_memclr                
000037b7  __aeabi_memclr4               
000037b7  __aeabi_memclr8               
000032d5  __aeabi_memcpy                
000032d5  __aeabi_memcpy4               
000032d5  __aeabi_memcpy8               
000037b9  __aeabi_memset                
000037b9  __aeabi_memset4               
000037b9  __aeabi_memset8               
0000420d  __aeabi_uidiv                 
0000420d  __aeabi_uidivmod              
00003371  __aeabi_uldivmod              
ffffffff  __binit__                     
ffffffff  __c_args__                    
UNDEFED   __mpu_init                    
20000588  __stack                       
20000000  __start___llvm_prf_cnts       
20000000  __stop___llvm_prf_cnts        
00004375  _c_int00_noargs               
00005264  _ctypes_                      
UNDEFED   _system_post_cinit            
0000474b  _system_pre_init              
0000474f  abort                         
00003f85  atoi                          
ffffffff  binit                         
00004563  copysign                      
00004563  copysignl                     
200006c8  errno                         
00003b0d  frexp                         
00003b0d  frexpl                        
200006cc  g_i16TouchMin                 
20000580  g_i16TouchX                   
20000582  g_i16TouchY                   
00000000  g_pfnVectors                  
20000570  g_pi32ParmSet                 
000055f4  g_pi32TouchParameters         
00005610  g_psDefaultCodePointMapTable  
00005368  g_sFontCm20                   
000055cc  g_sKentec320x240x16_SSD2119   
20000688  g_sRoot                       
20000578  g_ui32Flags                   
2000057c  g_ui32SysClock                
00002b85  ldexp                         
00002b85  ldexpl                        
0000118d  main                          
0000452d  memccpy                       
000032d5  memcpy                        
000037bf  memset                        
20000000  psDMAControlTable             
00002b85  scalbn                        
00002b85  scalbnl                       
0000424d  sprintf                       
000045d9  strchr                        
00004603  strlen                        
000046e5  uDMAControlBaseSet            
00004691  uDMAEnable                    
0000464d  wcslen                        


GLOBAL SYMBOLS: SORTED BY Symbol Address 

address   name                          
-------   ----                          
00000000  __TI_static_base__            
00000000  g_pfnVectors                  
00000100  __STACK_SIZE                  
00000201  __TI_printfi                  
00000c51  Kentec320x240x16_SSD2119Init  
0000118d  main                          
000016bd  GrFontGlyphRender             
00001911  SysCtlClockFreqSet            
00001b11  UARTvprintf                   
00001ed1  __aeabi_dsub                  
00001edb  __aeabi_dadd                  
00002353  __aeabi_idiv0                 
00002353  __aeabi_ldiv0                 
00002491  __aeabi_ddiv                  
000025c7  GPIOPadConfigSet              
000026f9  TouchScreenIntHandler         
00002a71  TouchScreenInit               
00002b85  ldexp                         
00002b85  ldexpl                        
00002b85  scalbn                        
00002b85  scalbnl                       
00002c95  __aeabi_dmul                  
00002d91  WidgetMessageQueueAdd         
00002f51  GrDefaultStringRenderer       
000030c9  WidgetMessageSendPostOrder    
000032d5  __aeabi_memcpy                
000032d5  __aeabi_memcpy4               
000032d5  __aeabi_memcpy8               
000032d5  memcpy                        
00003371  __aeabi_uldivmod              
00003409  Timer0IntHandler              
0000349d  Timer1IntHandler              
0000352d  GrRectFill                    
000035b3  __aeabi_cdcmpeq               
000035b3  __aeabi_cdcmple               
00003639  __aeabi_cdrcmple              
0000373d  ADCSequenceStepConfigure      
000037b7  __aeabi_memclr                
000037b7  __aeabi_memclr4               
000037b7  __aeabi_memclr8               
000037b9  __aeabi_memset                
000037b9  __aeabi_memset4               
000037b9  __aeabi_memset8               
000037bf  memset                        
000038a1  GrContextInit                 
00003909  GrStringWidthGet              
00003971  IntEnable                     
000039d9  __TI_decompress_lzss          
00003a41  GrRectDraw                    
00003aa9  WidgetMessageQueueProcess     
00003b0d  frexp                         
00003b0d  frexpl                        
00003b71  TimerConfigure                
00003bd1  UARTStdioConfig               
00003c31  WidgetMessageSendPreOrder     
00003c91  ConfigureUART                 
00003d49  TimerControlTrigger           
00003df7  __TI_ltoa                     
00003e9d  ADCSequenceConfigure          
00003f85  atoi                          
0000401d  GPIOPinConfigure              
00004065  UARTwrite                     
000040f5  __aeabi_d2iz                  
0000413d  GrLineDrawH                   
00004183  GrLineDrawV                   
000041c9  __TI_auto_init_nobinit_nopinit
0000420d  __aeabi_uidiv                 
0000420d  __aeabi_uidivmod              
0000424d  sprintf                       
000042cb  SSIConfigSetExpClk            
00004341  SysCtlPeripheralEnable        
00004375  _c_int00_noargs               
000043a9  GrStringNextCharGet           
000043d7  __aeabi_i2d                   
00004405  GrFontBaselineGet             
0000445d  GPIODirModeSet                
00004487  GrFontInfoGet                 
000044ad  GrFontGlyphDataGet            
000044f1  GrFontCodepageGet             
00004511  WidgetPointerMessage          
0000452d  memccpy                       
00004549  UARTprintf                    
00004563  copysign                      
00004563  copysignl                     
0000457d  GPIOPinTypeGPIOOutput         
000045ad  GrStringDraw                  
000045d9  strchr                        
000045ef  WidgetMutexGet                
00004603  strlen                        
00004617  GPIOPinTypeSSI                
00004629  SSIDataGetNonBlocking         
0000463b  TimerLoadSet                  
0000464d  wcslen                        
0000465f  ADCIntEnable                  
00004671  FPUEnable                     
00004681  FPULazyStackingEnable         
00004691  uDMAEnable                    
000046a1  ADCSequenceEnable             
000046af  TimerEnable                   
000046bd  __TI_decompress_none          
000046cd  TouchScreenCallbackSet        
000046d9  __TI_zero_init                
000046e5  uDMAControlBaseSet            
000046f1  SSIDataPut                    
000046fb  SSIEnable                     
0000470f  GrMapISO8859_1_Unicode        
00004717  SSIBusy                       
00004721  __aeabi_errno_addr            
00004729  GPIOPinWrite                  
0000472f  GrContextFontSet              
00004735  ResetISR                      
0000473b  SysCtlDelay                   
00004741  WidgetMutexPut                
00004747  WidgetDefaultMsgProc          
0000474b  _system_pre_init              
0000474f  C$$EXIT                       
0000474f  abort                         
00005264  _ctypes_                      
00005368  g_sFontCm20                   
000055cc  g_sKentec320x240x16_SSD2119   
000055f4  g_pi32TouchParameters         
00005610  g_psDefaultCodePointMapTable  
00005658  __TI_Handler_Table_Base       
00005664  __TI_Handler_Table_Limit      
00005670  __TI_CINIT_Base               
00005680  __TI_CINIT_Limit              
20000000  __start___llvm_prf_cnts       
20000000  __stop___llvm_prf_cnts        
20000000  psDMAControlTable             
20000550  Store_Count0                  
2000055c  Store_Count1                  
20000570  g_pi32ParmSet                 
20000578  g_ui32Flags                   
2000057c  g_ui32SysClock                
20000580  g_i16TouchX                   
20000582  g_i16TouchY                   
20000588  __stack                       
20000688  __STACK_END                   
20000688  __STACK_TOP                   
20000688  g_sRoot                       
200006b8  Counter_Timer0                
200006bc  Counter_Timer1                
200006c8  errno                         
200006cc  g_i16TouchMin                 
ffffffff  __TI_pprof_out_hndl           
ffffffff  __TI_prof_data_size           
ffffffff  __TI_prof_data_start          
ffffffff  __binit__                     
ffffffff  __c_args__                    
ffffffff  binit                         
UNDEFED   __mpu_init                    
UNDEFED   _system_post_cinit            

[152 symbols]
