******************************************************************************
                  TI ARM Linker Unix v20.2.5                   
******************************************************************************
>> Linked Tue Mar 29 14:52:05 2022

OUTPUT FILE NAME:   <timers.out>
ENTRY POINT SYMBOL: "_c_int00_noargs"  address: 000043cd


MEMORY CONFIGURATION

         name            origin    length      used     unused   attr    fill
----------------------  --------  ---------  --------  --------  ----  --------
  FLASH                 00000000   00100000  000056f6  000fa90a  R  X
  SRAM                  20000000   00040000  000006cc  0003f934  RW X


SEGMENT ALLOCATION MAP

run origin  load origin   length   init length attrs members
----------  ----------- ---------- ----------- ----- -------
00000000    00000000    000056f8   000056f8    r-x
  00000000    00000000    00000200   00000200    r-- .intvecs
  00000200    00000200    000045ca   000045ca    r-x .text
  000047cc    000047cc    00000eec   00000eec    r-- .const
  000056b8    000056b8    00000040   00000040    r-- .cinit
20000000    20000000    000006d0   00000000    rw-
  20000000    20000000    00000584   00000000    rw- .bss
  20000588    20000588    00000100   00000000    rw- .stack
  20000688    20000688    00000048   00000000    rw- .data


SECTION ALLOCATION MAP

 output                                  attributes/
section   page    origin      length       input sections
--------  ----  ----------  ----------   ----------------
.intvecs   0    00000000    00000200     
                  00000000    00000200     startup_ccs.obj (.intvecs)

.text      0    00000200    000045ca     
                  00000200    00000a4e     rtsv7M4_T_le_v4SPD16_eabi.lib : _printfi.c.obj (.text:__TI_printfi)
                  00000c4e    00000002     startup_ccs.obj (.text:FaultISR)
                  00000c50    0000053a     Kentec320x240x16_ssd2119_spi.obj (.text:Kentec320x240x16_SSD2119Init)
                  0000118a    00000002     startup_ccs.obj (.text:IntDefaultHandler)
                  0000118c    000002d4     timers.obj (.text:main)
                  00001460    00000270     rtsv7M4_T_le_v4SPD16_eabi.lib : _printfi.c.obj (.text:_pconv_a)
                  000016d0    00000254     grlib.lib : string.obj (.text:GrFontGlyphRender)
                  00001924    00000200     driverlib.lib : sysctl.obj (.text:SysCtlClockFreqSet)
                  00001b24    000001ee     uartstdio.obj (.text:UARTvprintf)
                  00001d12    00000002     Kentec320x240x16_ssd2119_spi.obj (.text:Kentec320x240x16_SSD2119Flush)
                  00001d14    000001d0     rtsv7M4_T_le_v4SPD16_eabi.lib : _printfi.c.obj (.text:_pconv_g)
                  00001ee4    000001b6                                   : fd_add_t2.asm.obj (.text)
                  0000209a    00000002     startup_ccs.obj (.text:NmiSR)
                  0000209c    00000180     touch.obj (.text:TouchScreenDebouncer)
                  0000221c    0000014a     Kentec320x240x16_ssd2119_spi.obj (.text:Kentec320x240x16_SSD2119PixelDrawMultiple)
                  00002366    00000002     rtsv7M4_T_le_v4SPD16_eabi.lib : div0.asm.obj (.text)
                  00002368    0000013c                                   : _printfi.c.obj (.text:_pconv_e)
                  000024a4    00000136                                   : fd_div_t2.asm.obj (.text)
                  000025da    00000132     driverlib.lib : gpio.obj (.text:GPIOPadConfigSet)
                  0000270c    00000130     touch.obj (.text:TouchScreenIntHandler)
                  0000283c    00000124     Kentec320x240x16_ssd2119_spi.obj (.text:Kentec320x240x16_SSD2119RectFill)
                  00002960    00000124     rtsv7M4_T_le_v4SPD16_eabi.lib : _printfi.c.obj (.text:fcvt)
                  00002a84    00000114     touch.obj (.text:TouchScreenInit)
                  00002b98    00000110     rtsv7M4_T_le_v4SPD16_eabi.lib : s_scalbn.c.obj (.text:scalbn)
                  00002ca8    000000fc                                   : fd_mul_t2.asm.obj (.text)
                  00002da4    000000e8     grlib.lib : widget.obj (.text:WidgetMessageQueueAdd)
                  00002e8c    000000d8     Kentec320x240x16_ssd2119_spi.obj (.text:Kentec320x240x16_SSD2119LineDrawH)
                  00002f64    000000c0     grlib.lib : string.obj (.text:GrDefaultStringRenderer)
                  00003024    000000b8     Kentec320x240x16_ssd2119_spi.obj (.text:InitSPILCDInterface)
                  000030dc    000000b4     grlib.lib : widget.obj (.text:WidgetMessageSendPostOrder)
                  00003190    000000b1     rtsv7M4_T_le_v4SPD16_eabi.lib : _printfi.c.obj (.text:_ltostr)
                  00003241    00000003     --HOLE-- [fill = 0]
                  00003244    000000a4     Kentec320x240x16_ssd2119_spi.obj (.text:Kentec320x240x16_SSD2119LineDrawV)
                  000032e8    0000009c     rtsv7M4_T_le_v4SPD16_eabi.lib : memcpy_t2.asm.obj (.text)
                  00003384    00000096                                   : ull_div_t2.asm.obj (.text)
                  0000341a    00000002     --HOLE-- [fill = 0]
                  0000341c    00000094     timers.obj (.text:Timer0IntHandler)
                  000034b0    00000090     timers.obj (.text:Timer1IntHandler)
                  00003540    00000086     grlib.lib : rectangle.obj (.text:GrRectFill)
                  000035c6    00000086     rtsv7M4_T_le_v4SPD16_eabi.lib : fd_cmp_t2.asm.obj (.text:__aeabi_cdcmple)
                  0000364c    00000086                                   : fd_cmp_t2.asm.obj (.text:__aeabi_cdrcmple)
                  000036d2    00000002     --HOLE-- [fill = 0]
                  000036d4    0000007c     Kentec320x240x16_ssd2119_spi.obj (.text:Kentec320x240x16_SSD2119PixelDraw)
                  00003750    0000007a     driverlib.lib : adc.obj (.text:ADCSequenceStepConfigure)
                  000037ca    0000007a     rtsv7M4_T_le_v4SPD16_eabi.lib : memset_t2.asm.obj (.text)
                  00003844    0000006e                                   : _printfi.c.obj (.text:_mcpy)
                  000038b2    00000002     --HOLE-- [fill = 0]
                  000038b4    00000068     grlib.lib : context.obj (.text:GrContextInit)
                  0000391c    00000068               : string.obj (.text:GrStringWidthGet)
                  00003984    00000068     driverlib.lib : interrupt.obj (.text:IntEnable)
                  000039ec    00000068     rtsv7M4_T_le_v4SPD16_eabi.lib : copy_decompress_lzss.c.obj (.text:decompress:lzss:__TI_decompress_lzss)
                  00003a54    00000066     grlib.lib : rectangle.obj (.text:GrRectDraw)
                  00003aba    00000002     --HOLE-- [fill = 0]
                  00003abc    00000064               : widget.obj (.text:WidgetMessageQueueProcess)
                  00003b20    00000064     rtsv7M4_T_le_v4SPD16_eabi.lib : s_frexp.c.obj (.text:frexp)
                  00003b84    00000060     driverlib.lib : timer.obj (.text:TimerConfigure)
                  00003be4    00000060     uartstdio.obj (.text:UARTStdioConfig)
                  00003c44    0000005e     grlib.lib : widget.obj (.text:WidgetMessageSendPreOrder)
                  00003ca2    00000002     --HOLE-- [fill = 0]
                  00003ca4    0000005c     timers.obj (.text:ConfigureUART)
                  00003d00    0000005a     grlib.lib : string.obj (.text:FontWideGlyphDataGet)
                  00003d5a    00000002     --HOLE-- [fill = 0]
                  00003d5c    00000058     driverlib.lib : timer.obj (.text:TimerControlTrigger)
                  00003db4    00000056     rtsv7M4_T_le_v4SPD16_eabi.lib : _printfi.c.obj (.text:_pconv_f)
                  00003e0a    00000054                                   : _ltoa.c.obj (.text:__TI_ltoa)
                  00003e5e    00000052                                   : _printfi.c.obj (.text:_ecpy)
                  00003eb0    00000050     driverlib.lib : adc.obj (.text:ADCSequenceConfigure)
                  00003f00    0000004c     Kentec320x240x16_ssd2119_spi.obj (.text:WriteCommandSPI)
                  00003f4c    0000004c     Kentec320x240x16_ssd2119_spi.obj (.text:WriteDataSPI)
                  00003f98    0000004c     rtsv7M4_T_le_v4SPD16_eabi.lib : atoi.c.obj (.text:atoi)
                  00003fe4    0000004a     grlib.lib : string.obj (.text:UpdateContextCharMapping)
                  0000402e    00000002     --HOLE-- [fill = 0]
                  00004030    00000048     driverlib.lib : gpio.obj (.text:GPIOPinConfigure)
                  00004078    00000048     uartstdio.obj (.text:UARTwrite)
                  000040c0    00000048     driverlib.lib : sysctl.obj (.text:_SysCtlFrequencyGet)
                  00004108    00000048     rtsv7M4_T_le_v4SPD16_eabi.lib : fd_toi_t2.asm.obj (.text)
                  00004150    00000046     grlib.lib : line.obj (.text:GrLineDrawH)
                  00004196    00000046               : line.obj (.text:GrLineDrawV)
                  000041dc    00000044     rtsv7M4_T_le_v4SPD16_eabi.lib : autoinit.c.obj (.text:__TI_auto_init_nobinit_nopinit:__TI_auto_init_nobinit_nopinit)
                  00004220    00000044                                   : fd_tou_t2.asm.obj (.text)
                  00004264    00000040                                   : u_divt2.asm.obj (.text)
                  000042a4    00000040                                   : sprintf.c.obj (.text:sprintf)
                  000042e4    0000003e                                   : _printfi.c.obj (.text:_fcpy)
                  00004322    0000003c     driverlib.lib : ssi.obj (.text:SSIConfigSetExpClk)
                  0000435e    0000003a     grlib.lib : string.obj (.text:FontGlyphDataGet)
                  00004398    00000034     driverlib.lib : sysctl.obj (.text:SysCtlPeripheralEnable)
                  000043cc    00000034     rtsv7M4_T_le_v4SPD16_eabi.lib : boot_cortex_m.c.obj (.text:_c_int00_noargs:_c_int00_noargs)
                  00004400    0000002e     grlib.lib : string.obj (.text:GrStringNextCharGet)
                  0000442e    0000002e     rtsv7M4_T_le_v4SPD16_eabi.lib : i_tofd_t2.asm.obj (.text)
                  0000445c    0000002c     grlib.lib : string.obj (.text:GrFontBaselineGet)
                  00004488    0000002c               : widget.obj (.text:WidgetIsInTree)
                  000044b4    0000002a     driverlib.lib : gpio.obj (.text:GPIODirModeSet)
                  000044de    00000026     grlib.lib : string.obj (.text:GrFontInfoGet)
                  00004504    00000022               : string.obj (.text:GrFontGlyphDataGet)
                  00004526    00000002     --HOLE-- [fill = 0]
                  00004528    00000020     driverlib.lib : sysctl.obj (.text:_SysCtlMemTimingGet)
                  00004548    00000020     rtsv7M4_T_le_v4SPD16_eabi.lib : u_tofd_t2.asm.obj (.text)
                  00004568    0000001e     grlib.lib : string.obj (.text:GrFontCodepageGet)
                  00004586    00000002     --HOLE-- [fill = 0]
                  00004588    0000001c               : widget.obj (.text:WidgetPointerMessage)
                  000045a4    0000001c     rtsv7M4_T_le_v4SPD16_eabi.lib : memccpy.c.obj (.text:memccpy)
                  000045c0    0000001a     uartstdio.obj (.text:UARTprintf)
                  000045da    0000001a     rtsv7M4_T_le_v4SPD16_eabi.lib : s_copysign.c.obj (.text:copysign)
                  000045f4    00000018     driverlib.lib : gpio.obj (.text:GPIOPinTypeGPIOOutput)
                  0000460c    00000018     rtsv7M4_T_le_v4SPD16_eabi.lib : sprintf.c.obj (.text:_outs)
                  00004624    00000016     grlib.lib : string.obj (.text:GrStringDraw)
                  0000463a    00000016     Kentec320x240x16_ssd2119_spi.obj (.text:Kentec320x240x16_SSD2119ColorTranslate)
                  00004650    00000016     rtsv7M4_T_le_v4SPD16_eabi.lib : strchr.c.obj (.text:strchr)
                  00004666    00000014     grlib.lib : widget.obj (.text:WidgetMutexGet)
                  0000467a    00000014     rtsv7M4_T_le_v4SPD16_eabi.lib : strlen.c.obj (.text:strlen)
                  0000468e    00000012     driverlib.lib : gpio.obj (.text:GPIOPinTypeSSI)
                  000046a0    00000012                   : ssi.obj (.text:SSIDataGetNonBlocking)
                  000046b2    00000012                   : timer.obj (.text:TimerLoadSet)
                  000046c4    00000012     rtsv7M4_T_le_v4SPD16_eabi.lib : wcslen.c.obj (.text:wcslen)
                  000046d6    00000010     driverlib.lib : adc.obj (.text:ADCIntEnable)
                  000046e6    00000002     --HOLE-- [fill = 0]
                  000046e8    00000010                   : fpu.obj (.text:FPUEnable)
                  000046f8    00000010                   : fpu.obj (.text:FPULazyStackingEnable)
                  00004708    00000010                   : udma.obj (.text:uDMAEnable)
                  00004718    0000000e                   : adc.obj (.text:ADCSequenceEnable)
                  00004726    0000000e                   : timer.obj (.text:TimerEnable)
                  00004734    0000000e     rtsv7M4_T_le_v4SPD16_eabi.lib : copy_decompress_none.c.obj (.text:decompress:none:__TI_decompress_none)
                  00004742    00000002     --HOLE-- [fill = 0]
                  00004744    0000000c     touch.obj (.text:TouchScreenCallbackSet)
                  00004750    0000000c     rtsv7M4_T_le_v4SPD16_eabi.lib : copy_zero_init.c.obj (.text:decompress:ZI:__TI_zero_init)
                  0000475c    0000000c     driverlib.lib : udma.obj (.text:uDMAControlBaseSet)
                  00004768    0000000a                   : ssi.obj (.text:SSIDataPut)
                  00004772    0000000a                   : ssi.obj (.text:SSIEnable)
                  0000477c    0000000a     rtsv7M4_T_le_v4SPD16_eabi.lib : sprintf.c.obj (.text:_outc)
                  00004786    00000008     grlib.lib : charmap.obj (.text:GrMapISO8859_1_Unicode)
                  0000478e    00000008     driverlib.lib : ssi.obj (.text:SSIBusy)
                  00004796    00000002     --HOLE-- [fill = 0]
                  00004798    00000008     rtsv7M4_T_le_v4SPD16_eabi.lib : errno.c.obj (.text:__aeabi_errno_addr)
                  000047a0    00000006     driverlib.lib : gpio.obj (.text:GPIOPinWrite)
                  000047a6    00000006     grlib.lib : string.obj (.text:GrContextFontSet)
                  000047ac    00000006     startup_ccs.obj (.text:ResetISR)
                  000047b2    00000006     driverlib.lib : sysctl.obj (.text:SysCtlDelay)
                  000047b8    00000006     grlib.lib : widget.obj (.text:WidgetMutexPut)
                  000047be    00000004               : widget.obj (.text:WidgetDefaultMsgProc)
                  000047c2    00000004     rtsv7M4_T_le_v4SPD16_eabi.lib : pre_init.c.obj (.text:_system_pre_init)
                  000047c6    00000004                                   : exit.c.obj (.text:abort:abort)

.const     0    000047cc    00000eec     
                  000047cc    0000095e     grlib.lib : fontcm20.obj (.const:.string:g_pui8Cm20Data)
                  0000512a    00000002     --HOLE-- [fill = 0]
                  0000512c    000001b0     driverlib.lib : sysctl.obj (.const:g_pppui32XTALtoVCO)
                  000052dc    00000101     rtsv7M4_T_le_v4SPD16_eabi.lib : ctype.c.obj (.const:.string:_ctypes_)
                  000053dd    00000003     --HOLE-- [fill = 0]
                  000053e0    000000c8     grlib.lib : fontcm20.obj (.const:g_sFontCm20)
                  000054a8    00000090     driverlib.lib : gpio.obj (.const:g_pui32GPIOBaseAddrs)
                  00005538    00000070                   : interrupt.obj (.const)
                  000055a8    0000006c                   : sysctl.obj (.const:g_pui32Xtals)
                  00005614    00000030                   : sysctl.obj (.const:g_sXTALtoMEMTIM)
                  00005644    00000028     Kentec320x240x16_ssd2119_spi.obj (.const:g_sKentec320x240x16_SSD2119)
                  0000566c    0000001c     touch.obj (.const:g_pi32TouchParameters)
                  00005688    00000010     grlib.lib : context.obj (.const)
                  00005698    0000000c     uartstdio.obj (.const:g_ui32UARTBase)
                  000056a4    0000000c     uartstdio.obj (.const:g_ui32UARTPeriph)
                  000056b0    00000008     driverlib.lib : sysctl.obj (.const)

.cinit     0    000056b8    00000040     
                  000056b8    00000015     (.cinit..data.load) [load image, compression = lzss]
                  000056cd    00000003     --HOLE-- [fill = 0]
                  000056d0    0000000c     (__TI_handler_table)
                  000056dc    00000004     --HOLE-- [fill = 0]
                  000056e0    00000008     (.cinit..bss.load) [load image, compression = zero_init]
                  000056e8    00000010     (__TI_cinit_table)

.init_array 
*          0    00000000    00000000     UNINITIALIZED

.bss       0    20000000    00000584     UNINITIALIZED
                  20000000    00000400     (.common:psDMAControlTable)
                  20000400    00000140     grlib.lib : widget.obj (.bss:g_psMQ)
                  20000540    00000010     touch.obj (.bss:g_pi16Samples)
                  20000550    0000000c     (.common:Store_Count0)
                  2000055c    0000000c     (.common:Store_Count1)
                  20000568    00000008     touch.obj (.bss)
                  20000570    00000004     (.common:g_pi32ParmSet)
                  20000574    00000004     (.common:g_psGrLibDefaults)
                  20000578    00000004     (.common:g_ui32Flags)
                  2000057c    00000004     (.common:g_ui32SysClock)
                  20000580    00000002     (.common:g_i16TouchX)
                  20000582    00000002     (.common:g_i16TouchY)

.data      0    20000688    00000048     UNINITIALIZED
                  20000688    0000002d     grlib.lib : widget.obj (.data)
                  200006b5    00000003     --HOLE--
                  200006b8    00000008     timers.obj (.data)
                  200006c0    00000005     uartstdio.obj (.data)
                  200006c5    00000003     --HOLE--
                  200006c8    00000004     rtsv7M4_T_le_v4SPD16_eabi.lib : errno.c.obj (.data)
                  200006cc    00000004     touch.obj (.data)

.stack     0    20000588    00000100     UNINITIALIZED
                  20000588    00000004     rtsv7M4_T_le_v4SPD16_eabi.lib : boot_cortex_m.c.obj (.stack)
                  2000058c    000000fc     --HOLE--

__llvm_prf_cnts 
*          0    20000000    00000000     UNINITIALIZED

MODULE SUMMARY

       Module                             code    ro data   rw data
       ------                             ----    -------   -------
    ./
       timers.obj                         1108    0         1064   
       startup_ccs.obj                    12      512       0      
    +--+----------------------------------+-------+---------+---------+
       Total:                             1120    512       1064   
                                                                   
    ./drivers/
       Kentec320x240x16_ssd2119_spi.obj   2824    40        0      
       touch.obj                          976     28        36     
    +--+----------------------------------+-------+---------+---------+
       Total:                             3800    68        36     
                                                                   
    ./utils/
       uartstdio.obj                      688     24        5      
    +--+----------------------------------+-------+---------+---------+
       Total:                             688     24        5      
                                                                   
    /Applications/ti/ccs1110/ccs/tools/compiler/ti-cgt-arm_20.2.5.LTS/lib/rtsv7M4_T_le_v4SPD16_eabi.lib
       _printfi.c.obj                     4851    0         0      
       fd_add_t2.asm.obj                  438     0         0      
       fd_div_t2.asm.obj                  310     0         0      
       s_scalbn.c.obj                     272     0         0      
       fd_cmp_t2.asm.obj                  268     0         0      
       ctype.c.obj                        0       257       0      
       fd_mul_t2.asm.obj                  252     0         0      
       memcpy_t2.asm.obj                  156     0         0      
       ull_div_t2.asm.obj                 150     0         0      
       memset_t2.asm.obj                  122     0         0      
       copy_decompress_lzss.c.obj         104     0         0      
       s_frexp.c.obj                      100     0         0      
       sprintf.c.obj                      98      0         0      
       _ltoa.c.obj                        84      0         0      
       atoi.c.obj                         76      0         0      
       fd_toi_t2.asm.obj                  72      0         0      
       autoinit.c.obj                     68      0         0      
       fd_tou_t2.asm.obj                  68      0         0      
       u_divt2.asm.obj                    64      0         0      
       boot_cortex_m.c.obj                52      0         0      
       i_tofd_t2.asm.obj                  46      0         0      
       u_tofd_t2.asm.obj                  32      0         0      
       memccpy.c.obj                      28      0         0      
       s_copysign.c.obj                   26      0         0      
       strchr.c.obj                       22      0         0      
       strlen.c.obj                       20      0         0      
       wcslen.c.obj                       18      0         0      
       copy_decompress_none.c.obj         14      0         0      
       copy_zero_init.c.obj               12      0         0      
       errno.c.obj                        8       0         4      
       exit.c.obj                         4       0         0      
       pre_init.c.obj                     4       0         0      
       div0.asm.obj                       2       0         0      
    +--+----------------------------------+-------+---------+---------+
       Total:                             7841    257       4      
                                                                   
    /Users/don/ti/tivaware_c_series_2_1_4_178/driverlib/ccs/Debug/driverlib.lib
       sysctl.obj                         674     596       0      
       gpio.obj                           468     144       0      
       adc.obj                            232     0         0      
       interrupt.obj                      104     112       0      
       timer.obj                          216     0         0      
       ssi.obj                            106     0         0      
       fpu.obj                            32      0         0      
       udma.obj                           28      0         0      
    +--+----------------------------------+-------+---------+---------+
       Total:                             1860    852       0      
                                                                   
    /Users/don/ti/tivaware_c_series_2_1_4_178/grlib/ccs/Debug/grlib.lib
       fontcm20.obj                       0       2598      0      
       string.obj                         1334    0         0      
       widget.obj                         708     0         365    
       rectangle.obj                      236     0         0      
       line.obj                           140     0         0      
       context.obj                        104     16        4      
       charmap.obj                        8       0         0      
    +--+----------------------------------+-------+---------+---------+
       Total:                             2530    2614      369    
                                                                   
       Stack:                             0       0         256    
       Linker Generated:                  0       57        0      
    +--+----------------------------------+-------+---------+---------+
       Grand Total:                       17839   4384      1734   


LINKER GENERATED COPY TABLES

__TI_cinit_table @ 000056e8 records: 2, size/record: 8, table size: 16
	.data: load addr=000056b8, load size=00000015 bytes, run addr=20000688, run size=00000048 bytes, compression=lzss
	.bss: load addr=000056e0, load size=00000008 bytes, run addr=20000000, run size=00000584 bytes, compression=zero_init


LINKER GENERATED HANDLER TABLE

__TI_handler_table @ 000056d0 records: 3, size/record: 4, table size: 12
	index: 0, handler: __TI_decompress_lzss
	index: 1, handler: __TI_decompress_none
	index: 2, handler: __TI_zero_init


GLOBAL SYMBOLS: SORTED ALPHABETICALLY BY Name 

address   name                          
-------   ----                          
000046d7  ADCIntEnable                  
00003eb1  ADCSequenceConfigure          
00004719  ADCSequenceEnable             
00003751  ADCSequenceStepConfigure      
000047c7  C$$EXIT                       
00003ca5  ConfigureUART                 
200006b8  Counter_Timer0                
200006bc  Counter_Timer1                
000046e9  FPUEnable                     
000046f9  FPULazyStackingEnable         
000044b5  GPIODirModeSet                
000025db  GPIOPadConfigSet              
00004031  GPIOPinConfigure              
000045f5  GPIOPinTypeGPIOOutput         
0000468f  GPIOPinTypeSSI                
000047a1  GPIOPinWrite                  
000047a7  GrContextFontSet              
000038b5  GrContextInit                 
00002f65  GrDefaultStringRenderer       
0000445d  GrFontBaselineGet             
00004569  GrFontCodepageGet             
00004505  GrFontGlyphDataGet            
000016d1  GrFontGlyphRender             
000044df  GrFontInfoGet                 
00004151  GrLineDrawH                   
00004197  GrLineDrawV                   
00004787  GrMapISO8859_1_Unicode        
00003a55  GrRectDraw                    
00003541  GrRectFill                    
00004625  GrStringDraw                  
00004401  GrStringNextCharGet           
0000391d  GrStringWidthGet              
00003985  IntEnable                     
00000c51  Kentec320x240x16_SSD2119Init  
000047ad  ResetISR                      
0000478f  SSIBusy                       
00004323  SSIConfigSetExpClk            
000046a1  SSIDataGetNonBlocking         
00004769  SSIDataPut                    
00004773  SSIEnable                     
20000550  Store_Count0                  
2000055c  Store_Count1                  
00001925  SysCtlClockFreqSet            
000047b3  SysCtlDelay                   
00004399  SysCtlPeripheralEnable        
0000341d  Timer0IntHandler              
000034b1  Timer1IntHandler              
00003b85  TimerConfigure                
00003d5d  TimerControlTrigger           
00004727  TimerEnable                   
000046b3  TimerLoadSet                  
00004745  TouchScreenCallbackSet        
00002a85  TouchScreenInit               
0000270d  TouchScreenIntHandler         
00003be5  UARTStdioConfig               
000045c1  UARTprintf                    
00001b25  UARTvprintf                   
00004079  UARTwrite                     
000047bf  WidgetDefaultMsgProc          
00002da5  WidgetMessageQueueAdd         
00003abd  WidgetMessageQueueProcess     
000030dd  WidgetMessageSendPostOrder    
00003c45  WidgetMessageSendPreOrder     
00004667  WidgetMutexGet                
000047b9  WidgetMutexPut                
00004589  WidgetPointerMessage          
20000688  __STACK_END                   
00000100  __STACK_SIZE                  
20000688  __STACK_TOP                   
000056e8  __TI_CINIT_Base               
000056f8  __TI_CINIT_Limit              
000056d0  __TI_Handler_Table_Base       
000056dc  __TI_Handler_Table_Limit      
000041dd  __TI_auto_init_nobinit_nopinit
000039ed  __TI_decompress_lzss          
00004735  __TI_decompress_none          
00003e0b  __TI_ltoa                     
ffffffff  __TI_pprof_out_hndl           
00000201  __TI_printfi                  
ffffffff  __TI_prof_data_size           
ffffffff  __TI_prof_data_start          
00000000  __TI_static_base__            
00004751  __TI_zero_init                
000035c7  __aeabi_cdcmpeq               
000035c7  __aeabi_cdcmple               
0000364d  __aeabi_cdrcmple              
00004109  __aeabi_d2iz                  
00004221  __aeabi_d2uiz                 
00001eef  __aeabi_dadd                  
000024a5  __aeabi_ddiv                  
00002ca9  __aeabi_dmul                  
00001ee5  __aeabi_dsub                  
00004799  __aeabi_errno_addr            
0000442f  __aeabi_i2d                   
00002367  __aeabi_idiv0                 
00002367  __aeabi_ldiv0                 
000037cb  __aeabi_memclr                
000037cb  __aeabi_memclr4               
000037cb  __aeabi_memclr8               
000032e9  __aeabi_memcpy                
000032e9  __aeabi_memcpy4               
000032e9  __aeabi_memcpy8               
000037cd  __aeabi_memset                
000037cd  __aeabi_memset4               
000037cd  __aeabi_memset8               
00004549  __aeabi_ui2d                  
00004265  __aeabi_uidiv                 
00004265  __aeabi_uidivmod              
00003385  __aeabi_uldivmod              
ffffffff  __binit__                     
ffffffff  __c_args__                    
UNDEFED   __mpu_init                    
20000588  __stack                       
20000000  __start___llvm_prf_cnts       
20000000  __stop___llvm_prf_cnts        
000043cd  _c_int00_noargs               
000052dc  _ctypes_                      
UNDEFED   _system_post_cinit            
000047c3  _system_pre_init              
000047c7  abort                         
00003f99  atoi                          
ffffffff  binit                         
000045db  copysign                      
000045db  copysignl                     
200006c8  errno                         
00003b21  frexp                         
00003b21  frexpl                        
200006cc  g_i16TouchMin                 
20000580  g_i16TouchX                   
20000582  g_i16TouchY                   
00000000  g_pfnVectors                  
20000570  g_pi32ParmSet                 
0000566c  g_pi32TouchParameters         
00005688  g_psDefaultCodePointMapTable  
000053e0  g_sFontCm20                   
00005644  g_sKentec320x240x16_SSD2119   
20000688  g_sRoot                       
20000578  g_ui32Flags                   
2000057c  g_ui32SysClock                
00002b99  ldexp                         
00002b99  ldexpl                        
0000118d  main                          
000045a5  memccpy                       
000032e9  memcpy                        
000037d3  memset                        
20000000  psDMAControlTable             
00002b99  scalbn                        
00002b99  scalbnl                       
000042a5  sprintf                       
00004651  strchr                        
0000467b  strlen                        
0000475d  uDMAControlBaseSet            
00004709  uDMAEnable                    
000046c5  wcslen                        


GLOBAL SYMBOLS: SORTED BY Symbol Address 

address   name                          
-------   ----                          
00000000  __TI_static_base__            
00000000  g_pfnVectors                  
00000100  __STACK_SIZE                  
00000201  __TI_printfi                  
00000c51  Kentec320x240x16_SSD2119Init  
0000118d  main                          
000016d1  GrFontGlyphRender             
00001925  SysCtlClockFreqSet            
00001b25  UARTvprintf                   
00001ee5  __aeabi_dsub                  
00001eef  __aeabi_dadd                  
00002367  __aeabi_idiv0                 
00002367  __aeabi_ldiv0                 
000024a5  __aeabi_ddiv                  
000025db  GPIOPadConfigSet              
0000270d  TouchScreenIntHandler         
00002a85  TouchScreenInit               
00002b99  ldexp                         
00002b99  ldexpl                        
00002b99  scalbn                        
00002b99  scalbnl                       
00002ca9  __aeabi_dmul                  
00002da5  WidgetMessageQueueAdd         
00002f65  GrDefaultStringRenderer       
000030dd  WidgetMessageSendPostOrder    
000032e9  __aeabi_memcpy                
000032e9  __aeabi_memcpy4               
000032e9  __aeabi_memcpy8               
000032e9  memcpy                        
00003385  __aeabi_uldivmod              
0000341d  Timer0IntHandler              
000034b1  Timer1IntHandler              
00003541  GrRectFill                    
000035c7  __aeabi_cdcmpeq               
000035c7  __aeabi_cdcmple               
0000364d  __aeabi_cdrcmple              
00003751  ADCSequenceStepConfigure      
000037cb  __aeabi_memclr                
000037cb  __aeabi_memclr4               
000037cb  __aeabi_memclr8               
000037cd  __aeabi_memset                
000037cd  __aeabi_memset4               
000037cd  __aeabi_memset8               
000037d3  memset                        
000038b5  GrContextInit                 
0000391d  GrStringWidthGet              
00003985  IntEnable                     
000039ed  __TI_decompress_lzss          
00003a55  GrRectDraw                    
00003abd  WidgetMessageQueueProcess     
00003b21  frexp                         
00003b21  frexpl                        
00003b85  TimerConfigure                
00003be5  UARTStdioConfig               
00003c45  WidgetMessageSendPreOrder     
00003ca5  ConfigureUART                 
00003d5d  TimerControlTrigger           
00003e0b  __TI_ltoa                     
00003eb1  ADCSequenceConfigure          
00003f99  atoi                          
00004031  GPIOPinConfigure              
00004079  UARTwrite                     
00004109  __aeabi_d2iz                  
00004151  GrLineDrawH                   
00004197  GrLineDrawV                   
000041dd  __TI_auto_init_nobinit_nopinit
00004221  __aeabi_d2uiz                 
00004265  __aeabi_uidiv                 
00004265  __aeabi_uidivmod              
000042a5  sprintf                       
00004323  SSIConfigSetExpClk            
00004399  SysCtlPeripheralEnable        
000043cd  _c_int00_noargs               
00004401  GrStringNextCharGet           
0000442f  __aeabi_i2d                   
0000445d  GrFontBaselineGet             
000044b5  GPIODirModeSet                
000044df  GrFontInfoGet                 
00004505  GrFontGlyphDataGet            
00004549  __aeabi_ui2d                  
00004569  GrFontCodepageGet             
00004589  WidgetPointerMessage          
000045a5  memccpy                       
000045c1  UARTprintf                    
000045db  copysign                      
000045db  copysignl                     
000045f5  GPIOPinTypeGPIOOutput         
00004625  GrStringDraw                  
00004651  strchr                        
00004667  WidgetMutexGet                
0000467b  strlen                        
0000468f  GPIOPinTypeSSI                
000046a1  SSIDataGetNonBlocking         
000046b3  TimerLoadSet                  
000046c5  wcslen                        
000046d7  ADCIntEnable                  
000046e9  FPUEnable                     
000046f9  FPULazyStackingEnable         
00004709  uDMAEnable                    
00004719  ADCSequenceEnable             
00004727  TimerEnable                   
00004735  __TI_decompress_none          
00004745  TouchScreenCallbackSet        
00004751  __TI_zero_init                
0000475d  uDMAControlBaseSet            
00004769  SSIDataPut                    
00004773  SSIEnable                     
00004787  GrMapISO8859_1_Unicode        
0000478f  SSIBusy                       
00004799  __aeabi_errno_addr            
000047a1  GPIOPinWrite                  
000047a7  GrContextFontSet              
000047ad  ResetISR                      
000047b3  SysCtlDelay                   
000047b9  WidgetMutexPut                
000047bf  WidgetDefaultMsgProc          
000047c3  _system_pre_init              
000047c7  C$$EXIT                       
000047c7  abort                         
000052dc  _ctypes_                      
000053e0  g_sFontCm20                   
00005644  g_sKentec320x240x16_SSD2119   
0000566c  g_pi32TouchParameters         
00005688  g_psDefaultCodePointMapTable  
000056d0  __TI_Handler_Table_Base       
000056dc  __TI_Handler_Table_Limit      
000056e8  __TI_CINIT_Base               
000056f8  __TI_CINIT_Limit              
20000000  __start___llvm_prf_cnts       
20000000  __stop___llvm_prf_cnts        
20000000  psDMAControlTable             
20000550  Store_Count0                  
2000055c  Store_Count1                  
20000570  g_pi32ParmSet                 
20000578  g_ui32Flags                   
2000057c  g_ui32SysClock                
20000580  g_i16TouchX                   
20000582  g_i16TouchY                   
20000588  __stack                       
20000688  __STACK_END                   
20000688  __STACK_TOP                   
20000688  g_sRoot                       
200006b8  Counter_Timer0                
200006bc  Counter_Timer1                
200006c8  errno                         
200006cc  g_i16TouchMin                 
ffffffff  __TI_pprof_out_hndl           
ffffffff  __TI_prof_data_size           
ffffffff  __TI_prof_data_start          
ffffffff  __binit__                     
ffffffff  __c_args__                    
ffffffff  binit                         
UNDEFED   __mpu_init                    
UNDEFED   _system_post_cinit            

[154 symbols]
