<?xml version="1.0" encoding="ISO-8859-1" ?>
<link_info>
   <banner>TI ARM Linker Unix v20.2.5.LTS</banner>
   <copyright>Copyright (c) 1996-2018 Texas Instruments Incorporated</copyright>
   <link_time>0x6243fbd8</link_time>
   <link_errors>0x0</link_errors>
   <output_file>timers.out</output_file>
   <entry_point>
      <name>_c_int00_noargs</name>
      <address>0x437d</address>
   </entry_point>
   <input_file_list>
      <input_file id="fl-1">
         <path>./</path>
         <kind>object</kind>
         <file>startup_ccs.obj</file>
         <name>startup_ccs.obj</name>
      </input_file>
      <input_file id="fl-2">
         <path>./</path>
         <kind>object</kind>
         <file>timers.obj</file>
         <name>timers.obj</name>
      </input_file>
      <input_file id="fl-3">
         <path>./drivers/</path>
         <kind>object</kind>
         <file>Kentec320x240x16_ssd2119_spi.obj</file>
         <name>Kentec320x240x16_ssd2119_spi.obj</name>
      </input_file>
      <input_file id="fl-4">
         <path>./drivers/</path>
         <kind>object</kind>
         <file>touch.obj</file>
         <name>touch.obj</name>
      </input_file>
      <input_file id="fl-5">
         <path>./utils/</path>
         <kind>object</kind>
         <file>uartstdio.obj</file>
         <name>uartstdio.obj</name>
      </input_file>
      <input_file id="fl-b">
         <kind>object</kind>
         <file>&lt;internal&gt;</file>
         <name>&lt;internal&gt;</name>
      </input_file>
      <input_file id="fl-c1">
         <path>/Applications/ti/ccs1110/ccs/tools/compiler/ti-cgt-arm_20.2.5.LTS/lib/</path>
         <kind>archive</kind>
         <file>rtsv7M4_T_le_v4SPD16_eabi.lib</file>
         <name>sprintf.c.obj</name>
      </input_file>
      <input_file id="fl-c2">
         <path>/Applications/ti/ccs1110/ccs/tools/compiler/ti-cgt-arm_20.2.5.LTS/lib/</path>
         <kind>archive</kind>
         <file>rtsv7M4_T_le_v4SPD16_eabi.lib</file>
         <name>memcpy_t2.asm.obj</name>
      </input_file>
      <input_file id="fl-c3">
         <path>/Applications/ti/ccs1110/ccs/tools/compiler/ti-cgt-arm_20.2.5.LTS/lib/</path>
         <kind>archive</kind>
         <file>rtsv7M4_T_le_v4SPD16_eabi.lib</file>
         <name>u_divt2.asm.obj</name>
      </input_file>
      <input_file id="fl-c4">
         <path>/Applications/ti/ccs1110/ccs/tools/compiler/ti-cgt-arm_20.2.5.LTS/lib/</path>
         <kind>archive</kind>
         <file>rtsv7M4_T_le_v4SPD16_eabi.lib</file>
         <name>copy_zero_init.c.obj</name>
      </input_file>
      <input_file id="fl-c5">
         <path>/Applications/ti/ccs1110/ccs/tools/compiler/ti-cgt-arm_20.2.5.LTS/lib/</path>
         <kind>archive</kind>
         <file>rtsv7M4_T_le_v4SPD16_eabi.lib</file>
         <name>copy_decompress_none.c.obj</name>
      </input_file>
      <input_file id="fl-c6">
         <path>/Applications/ti/ccs1110/ccs/tools/compiler/ti-cgt-arm_20.2.5.LTS/lib/</path>
         <kind>archive</kind>
         <file>rtsv7M4_T_le_v4SPD16_eabi.lib</file>
         <name>copy_decompress_lzss.c.obj</name>
      </input_file>
      <input_file id="fl-c7">
         <path>/Applications/ti/ccs1110/ccs/tools/compiler/ti-cgt-arm_20.2.5.LTS/lib/</path>
         <kind>archive</kind>
         <file>rtsv7M4_T_le_v4SPD16_eabi.lib</file>
         <name>boot_cortex_m.c.obj</name>
      </input_file>
      <input_file id="fl-c8">
         <path>/Applications/ti/ccs1110/ccs/tools/compiler/ti-cgt-arm_20.2.5.LTS/lib/</path>
         <kind>archive</kind>
         <file>rtsv7M4_T_le_v4SPD16_eabi.lib</file>
         <name>_printfi.c.obj</name>
      </input_file>
      <input_file id="fl-c9">
         <path>/Applications/ti/ccs1110/ccs/tools/compiler/ti-cgt-arm_20.2.5.LTS/lib/</path>
         <kind>archive</kind>
         <file>rtsv7M4_T_le_v4SPD16_eabi.lib</file>
         <name>s_frexp.c.obj</name>
      </input_file>
      <input_file id="fl-ca">
         <path>/Applications/ti/ccs1110/ccs/tools/compiler/ti-cgt-arm_20.2.5.LTS/lib/</path>
         <kind>archive</kind>
         <file>rtsv7M4_T_le_v4SPD16_eabi.lib</file>
         <name>s_scalbn.c.obj</name>
      </input_file>
      <input_file id="fl-cb">
         <path>/Applications/ti/ccs1110/ccs/tools/compiler/ti-cgt-arm_20.2.5.LTS/lib/</path>
         <kind>archive</kind>
         <file>rtsv7M4_T_le_v4SPD16_eabi.lib</file>
         <name>wcslen.c.obj</name>
      </input_file>
      <input_file id="fl-cc">
         <path>/Applications/ti/ccs1110/ccs/tools/compiler/ti-cgt-arm_20.2.5.LTS/lib/</path>
         <kind>archive</kind>
         <file>rtsv7M4_T_le_v4SPD16_eabi.lib</file>
         <name>div0.asm.obj</name>
      </input_file>
      <input_file id="fl-cd">
         <path>/Applications/ti/ccs1110/ccs/tools/compiler/ti-cgt-arm_20.2.5.LTS/lib/</path>
         <kind>archive</kind>
         <file>rtsv7M4_T_le_v4SPD16_eabi.lib</file>
         <name>fd_add_t2.asm.obj</name>
      </input_file>
      <input_file id="fl-ce">
         <path>/Applications/ti/ccs1110/ccs/tools/compiler/ti-cgt-arm_20.2.5.LTS/lib/</path>
         <kind>archive</kind>
         <file>rtsv7M4_T_le_v4SPD16_eabi.lib</file>
         <name>fd_cmp_t2.asm.obj</name>
      </input_file>
      <input_file id="fl-cf">
         <path>/Applications/ti/ccs1110/ccs/tools/compiler/ti-cgt-arm_20.2.5.LTS/lib/</path>
         <kind>archive</kind>
         <file>rtsv7M4_T_le_v4SPD16_eabi.lib</file>
         <name>fd_div_t2.asm.obj</name>
      </input_file>
      <input_file id="fl-d0">
         <path>/Applications/ti/ccs1110/ccs/tools/compiler/ti-cgt-arm_20.2.5.LTS/lib/</path>
         <kind>archive</kind>
         <file>rtsv7M4_T_le_v4SPD16_eabi.lib</file>
         <name>fd_mul_t2.asm.obj</name>
      </input_file>
      <input_file id="fl-d1">
         <path>/Applications/ti/ccs1110/ccs/tools/compiler/ti-cgt-arm_20.2.5.LTS/lib/</path>
         <kind>archive</kind>
         <file>rtsv7M4_T_le_v4SPD16_eabi.lib</file>
         <name>fd_toi_t2.asm.obj</name>
      </input_file>
      <input_file id="fl-d2">
         <path>/Applications/ti/ccs1110/ccs/tools/compiler/ti-cgt-arm_20.2.5.LTS/lib/</path>
         <kind>archive</kind>
         <file>rtsv7M4_T_le_v4SPD16_eabi.lib</file>
         <name>i_tofd_t2.asm.obj</name>
      </input_file>
      <input_file id="fl-d3">
         <path>/Applications/ti/ccs1110/ccs/tools/compiler/ti-cgt-arm_20.2.5.LTS/lib/</path>
         <kind>archive</kind>
         <file>rtsv7M4_T_le_v4SPD16_eabi.lib</file>
         <name>ull_div_t2.asm.obj</name>
      </input_file>
      <input_file id="fl-d4">
         <path>/Applications/ti/ccs1110/ccs/tools/compiler/ti-cgt-arm_20.2.5.LTS/lib/</path>
         <kind>archive</kind>
         <file>rtsv7M4_T_le_v4SPD16_eabi.lib</file>
         <name>memset_t2.asm.obj</name>
      </input_file>
      <input_file id="fl-d5">
         <path>/Applications/ti/ccs1110/ccs/tools/compiler/ti-cgt-arm_20.2.5.LTS/lib/</path>
         <kind>archive</kind>
         <file>rtsv7M4_T_le_v4SPD16_eabi.lib</file>
         <name>autoinit.c.obj</name>
      </input_file>
      <input_file id="fl-d6">
         <path>/Applications/ti/ccs1110/ccs/tools/compiler/ti-cgt-arm_20.2.5.LTS/lib/</path>
         <kind>archive</kind>
         <file>rtsv7M4_T_le_v4SPD16_eabi.lib</file>
         <name>pre_init.c.obj</name>
      </input_file>
      <input_file id="fl-d7">
         <path>/Applications/ti/ccs1110/ccs/tools/compiler/ti-cgt-arm_20.2.5.LTS/lib/</path>
         <kind>archive</kind>
         <file>rtsv7M4_T_le_v4SPD16_eabi.lib</file>
         <name>cpy_tbl.c.obj</name>
      </input_file>
      <input_file id="fl-d8">
         <path>/Applications/ti/ccs1110/ccs/tools/compiler/ti-cgt-arm_20.2.5.LTS/lib/</path>
         <kind>archive</kind>
         <file>rtsv7M4_T_le_v4SPD16_eabi.lib</file>
         <name>exit.c.obj</name>
      </input_file>
      <input_file id="fl-d9">
         <path>/Applications/ti/ccs1110/ccs/tools/compiler/ti-cgt-arm_20.2.5.LTS/lib/</path>
         <kind>archive</kind>
         <file>rtsv7M4_T_le_v4SPD16_eabi.lib</file>
         <name>_lock.c.obj</name>
      </input_file>
      <input_file id="fl-da">
         <path>/Applications/ti/ccs1110/ccs/tools/compiler/ti-cgt-arm_20.2.5.LTS/lib/</path>
         <kind>archive</kind>
         <file>rtsv7M4_T_le_v4SPD16_eabi.lib</file>
         <name>_ltoa.c.obj</name>
      </input_file>
      <input_file id="fl-db">
         <path>/Applications/ti/ccs1110/ccs/tools/compiler/ti-cgt-arm_20.2.5.LTS/lib/</path>
         <kind>archive</kind>
         <file>rtsv7M4_T_le_v4SPD16_eabi.lib</file>
         <name>args_main.c.obj</name>
      </input_file>
      <input_file id="fl-dc">
         <path>/Applications/ti/ccs1110/ccs/tools/compiler/ti-cgt-arm_20.2.5.LTS/lib/</path>
         <kind>archive</kind>
         <file>rtsv7M4_T_le_v4SPD16_eabi.lib</file>
         <name>atoi.c.obj</name>
      </input_file>
      <input_file id="fl-dd">
         <path>/Applications/ti/ccs1110/ccs/tools/compiler/ti-cgt-arm_20.2.5.LTS/lib/</path>
         <kind>archive</kind>
         <file>rtsv7M4_T_le_v4SPD16_eabi.lib</file>
         <name>ctype.c.obj</name>
      </input_file>
      <input_file id="fl-de">
         <path>/Applications/ti/ccs1110/ccs/tools/compiler/ti-cgt-arm_20.2.5.LTS/lib/</path>
         <kind>archive</kind>
         <file>rtsv7M4_T_le_v4SPD16_eabi.lib</file>
         <name>memccpy.c.obj</name>
      </input_file>
      <input_file id="fl-df">
         <path>/Applications/ti/ccs1110/ccs/tools/compiler/ti-cgt-arm_20.2.5.LTS/lib/</path>
         <kind>archive</kind>
         <file>rtsv7M4_T_le_v4SPD16_eabi.lib</file>
         <name>strchr.c.obj</name>
      </input_file>
      <input_file id="fl-e0">
         <path>/Applications/ti/ccs1110/ccs/tools/compiler/ti-cgt-arm_20.2.5.LTS/lib/</path>
         <kind>archive</kind>
         <file>rtsv7M4_T_le_v4SPD16_eabi.lib</file>
         <name>strlen.c.obj</name>
      </input_file>
      <input_file id="fl-e1">
         <path>/Applications/ti/ccs1110/ccs/tools/compiler/ti-cgt-arm_20.2.5.LTS/lib/</path>
         <kind>archive</kind>
         <file>rtsv7M4_T_le_v4SPD16_eabi.lib</file>
         <name>errno.c.obj</name>
      </input_file>
      <input_file id="fl-e2">
         <path>/Applications/ti/ccs1110/ccs/tools/compiler/ti-cgt-arm_20.2.5.LTS/lib/</path>
         <kind>archive</kind>
         <file>rtsv7M4_T_le_v4SPD16_eabi.lib</file>
         <name>s_copysign.c.obj</name>
      </input_file>
      <input_file id="fl-e3">
         <path>/Users/don/ti/tivaware_c_series_2_1_4_178/grlib/ccs/Debug/</path>
         <kind>archive</kind>
         <file>grlib.lib</file>
         <name>context.obj</name>
      </input_file>
      <input_file id="fl-e4">
         <path>/Users/don/ti/tivaware_c_series_2_1_4_178/grlib/ccs/Debug/</path>
         <kind>archive</kind>
         <file>grlib.lib</file>
         <name>rectangle.obj</name>
      </input_file>
      <input_file id="fl-e5">
         <path>/Users/don/ti/tivaware_c_series_2_1_4_178/grlib/ccs/Debug/</path>
         <kind>archive</kind>
         <file>grlib.lib</file>
         <name>string.obj</name>
      </input_file>
      <input_file id="fl-e6">
         <path>/Users/don/ti/tivaware_c_series_2_1_4_178/grlib/ccs/Debug/</path>
         <kind>archive</kind>
         <file>grlib.lib</file>
         <name>widget.obj</name>
      </input_file>
      <input_file id="fl-e7">
         <path>/Users/don/ti/tivaware_c_series_2_1_4_178/grlib/ccs/Debug/</path>
         <kind>archive</kind>
         <file>grlib.lib</file>
         <name>fontcm20.obj</name>
      </input_file>
      <input_file id="fl-e8">
         <path>/Users/don/ti/tivaware_c_series_2_1_4_178/grlib/ccs/Debug/</path>
         <kind>archive</kind>
         <file>grlib.lib</file>
         <name>charmap.obj</name>
      </input_file>
      <input_file id="fl-e9">
         <path>/Users/don/ti/tivaware_c_series_2_1_4_178/grlib/ccs/Debug/</path>
         <kind>archive</kind>
         <file>grlib.lib</file>
         <name>line.obj</name>
      </input_file>
      <input_file id="fl-ea">
         <path>/Users/don/ti/tivaware_c_series_2_1_4_178/driverlib/ccs/Debug/</path>
         <kind>archive</kind>
         <file>driverlib.lib</file>
         <name>adc.obj</name>
      </input_file>
      <input_file id="fl-eb">
         <path>/Users/don/ti/tivaware_c_series_2_1_4_178/driverlib/ccs/Debug/</path>
         <kind>archive</kind>
         <file>driverlib.lib</file>
         <name>fpu.obj</name>
      </input_file>
      <input_file id="fl-ec">
         <path>/Users/don/ti/tivaware_c_series_2_1_4_178/driverlib/ccs/Debug/</path>
         <kind>archive</kind>
         <file>driverlib.lib</file>
         <name>gpio.obj</name>
      </input_file>
      <input_file id="fl-ed">
         <path>/Users/don/ti/tivaware_c_series_2_1_4_178/driverlib/ccs/Debug/</path>
         <kind>archive</kind>
         <file>driverlib.lib</file>
         <name>interrupt.obj</name>
      </input_file>
      <input_file id="fl-ee">
         <path>/Users/don/ti/tivaware_c_series_2_1_4_178/driverlib/ccs/Debug/</path>
         <kind>archive</kind>
         <file>driverlib.lib</file>
         <name>ssi.obj</name>
      </input_file>
      <input_file id="fl-ef">
         <path>/Users/don/ti/tivaware_c_series_2_1_4_178/driverlib/ccs/Debug/</path>
         <kind>archive</kind>
         <file>driverlib.lib</file>
         <name>sysctl.obj</name>
      </input_file>
      <input_file id="fl-f0">
         <path>/Users/don/ti/tivaware_c_series_2_1_4_178/driverlib/ccs/Debug/</path>
         <kind>archive</kind>
         <file>driverlib.lib</file>
         <name>timer.obj</name>
      </input_file>
      <input_file id="fl-f1">
         <path>/Users/don/ti/tivaware_c_series_2_1_4_178/driverlib/ccs/Debug/</path>
         <kind>archive</kind>
         <file>driverlib.lib</file>
         <name>udma.obj</name>
      </input_file>
      <input_file id="fl-f2">
         <path>/Users/don/ti/tivaware_c_series_2_1_4_178/driverlib/ccs/Debug/</path>
         <kind>archive</kind>
         <file>driverlib.lib</file>
         <name>cpu.obj</name>
      </input_file>
   </input_file_list>
   <object_component_list>
      <object_component id="oc-12">
         <name>.intvecs</name>
         <load_address>0x0</load_address>
         <run_address>0x0</run_address>
         <size>0x200</size>
         <input_file_ref idref="fl-1"/>
      </object_component>
      <object_component id="oc-2f8">
         <name>.text:__TI_printfi</name>
         <load_address>0x200</load_address>
         <run_address>0x200</run_address>
         <size>0xa4e</size>
         <input_file_ref idref="fl-c8"/>
      </object_component>
      <object_component id="oc-33">
         <name>.text:FaultISR</name>
         <load_address>0xc4e</load_address>
         <run_address>0xc4e</run_address>
         <size>0x2</size>
         <input_file_ref idref="fl-1"/>
      </object_component>
      <object_component id="oc-162">
         <name>.text:Kentec320x240x16_SSD2119Init</name>
         <load_address>0xc50</load_address>
         <run_address>0xc50</run_address>
         <size>0x53a</size>
         <input_file_ref idref="fl-3"/>
      </object_component>
      <object_component id="oc-39">
         <name>.text:IntDefaultHandler</name>
         <load_address>0x118a</load_address>
         <run_address>0x118a</run_address>
         <size>0x2</size>
         <input_file_ref idref="fl-1"/>
      </object_component>
      <object_component id="oc-e9">
         <name>.text:main</name>
         <load_address>0x118c</load_address>
         <run_address>0x118c</run_address>
         <size>0x2c8</size>
         <input_file_ref idref="fl-2"/>
      </object_component>
      <object_component id="oc-44a">
         <name>.text:_pconv_a</name>
         <load_address>0x1454</load_address>
         <run_address>0x1454</run_address>
         <size>0x270</size>
         <input_file_ref idref="fl-c8"/>
      </object_component>
      <object_component id="oc-3b1">
         <name>.text:GrFontGlyphRender</name>
         <load_address>0x16c4</load_address>
         <run_address>0x16c4</run_address>
         <size>0x254</size>
         <input_file_ref idref="fl-e5"/>
      </object_component>
      <object_component id="oc-14a">
         <name>.text:SysCtlClockFreqSet</name>
         <load_address>0x1918</load_address>
         <run_address>0x1918</run_address>
         <size>0x200</size>
         <input_file_ref idref="fl-ef"/>
      </object_component>
      <object_component id="oc-11a">
         <name>.text:UARTvprintf</name>
         <load_address>0x1b18</load_address>
         <run_address>0x1b18</run_address>
         <size>0x1ee</size>
         <input_file_ref idref="fl-5"/>
      </object_component>
      <object_component id="oc-330">
         <name>.text:Kentec320x240x16_SSD2119Flush</name>
         <load_address>0x1d06</load_address>
         <run_address>0x1d06</run_address>
         <size>0x2</size>
         <input_file_ref idref="fl-3"/>
      </object_component>
      <object_component id="oc-438">
         <name>.text:_pconv_g</name>
         <load_address>0x1d08</load_address>
         <run_address>0x1d08</run_address>
         <size>0x1d0</size>
         <input_file_ref idref="fl-c8"/>
      </object_component>
      <object_component id="oc-4fc">
         <name>.text</name>
         <load_address>0x1ed8</load_address>
         <run_address>0x1ed8</run_address>
         <size>0x1b6</size>
         <input_file_ref idref="fl-cd"/>
      </object_component>
      <object_component id="oc-2d">
         <name>.text:NmiSR</name>
         <load_address>0x208e</load_address>
         <run_address>0x208e</run_address>
         <size>0x2</size>
         <input_file_ref idref="fl-1"/>
      </object_component>
      <object_component id="oc-95">
         <name>.text:TouchScreenDebouncer</name>
         <load_address>0x2090</load_address>
         <run_address>0x2090</run_address>
         <size>0x180</size>
         <input_file_ref idref="fl-4"/>
      </object_component>
      <object_component id="oc-312">
         <name>.text:Kentec320x240x16_SSD2119PixelDrawMultiple</name>
         <load_address>0x2210</load_address>
         <run_address>0x2210</run_address>
         <size>0x14a</size>
         <input_file_ref idref="fl-3"/>
      </object_component>
      <object_component id="oc-36c">
         <name>.text</name>
         <load_address>0x235a</load_address>
         <run_address>0x235a</run_address>
         <size>0x2</size>
         <input_file_ref idref="fl-cc"/>
      </object_component>
      <object_component id="oc-444">
         <name>.text:_pconv_e</name>
         <load_address>0x235c</load_address>
         <run_address>0x235c</run_address>
         <size>0x13c</size>
         <input_file_ref idref="fl-c8"/>
      </object_component>
      <object_component id="oc-4e2">
         <name>.text</name>
         <load_address>0x2498</load_address>
         <run_address>0x2498</run_address>
         <size>0x136</size>
         <input_file_ref idref="fl-cf"/>
      </object_component>
      <object_component id="oc-3f1">
         <name>.text:GPIOPadConfigSet</name>
         <load_address>0x25ce</load_address>
         <run_address>0x25ce</run_address>
         <size>0x132</size>
         <input_file_ref idref="fl-ec"/>
      </object_component>
      <object_component id="oc-3f">
         <name>.text:TouchScreenIntHandler</name>
         <load_address>0x2700</load_address>
         <run_address>0x2700</run_address>
         <size>0x130</size>
         <input_file_ref idref="fl-4"/>
      </object_component>
      <object_component id="oc-324">
         <name>.text:Kentec320x240x16_SSD2119RectFill</name>
         <load_address>0x2830</load_address>
         <run_address>0x2830</run_address>
         <size>0x124</size>
         <input_file_ref idref="fl-3"/>
      </object_component>
      <object_component id="oc-50e">
         <name>.text:fcvt</name>
         <load_address>0x2954</load_address>
         <run_address>0x2954</run_address>
         <size>0x124</size>
         <input_file_ref idref="fl-c8"/>
      </object_component>
      <object_component id="oc-1a5">
         <name>.text:TouchScreenInit</name>
         <load_address>0x2a78</load_address>
         <run_address>0x2a78</run_address>
         <size>0x114</size>
         <input_file_ref idref="fl-4"/>
      </object_component>
      <object_component id="oc-522">
         <name>.text:scalbn</name>
         <load_address>0x2b8c</load_address>
         <run_address>0x2b8c</run_address>
         <size>0x110</size>
         <input_file_ref idref="fl-ca"/>
      </object_component>
      <object_component id="oc-4dd">
         <name>.text</name>
         <load_address>0x2c9c</load_address>
         <run_address>0x2c9c</run_address>
         <size>0xfc</size>
         <input_file_ref idref="fl-d0"/>
      </object_component>
      <object_component id="oc-33e">
         <name>.text:WidgetMessageQueueAdd</name>
         <load_address>0x2d98</load_address>
         <run_address>0x2d98</run_address>
         <size>0xe8</size>
         <input_file_ref idref="fl-e6"/>
      </object_component>
      <object_component id="oc-318">
         <name>.text:Kentec320x240x16_SSD2119LineDrawH</name>
         <load_address>0x2e80</load_address>
         <run_address>0x2e80</run_address>
         <size>0xd8</size>
         <input_file_ref idref="fl-3"/>
      </object_component>
      <object_component id="oc-262">
         <name>.text:GrDefaultStringRenderer</name>
         <load_address>0x2f58</load_address>
         <run_address>0x2f58</run_address>
         <size>0xc0</size>
         <input_file_ref idref="fl-e5"/>
      </object_component>
      <object_component id="oc-242">
         <name>.text:InitSPILCDInterface</name>
         <load_address>0x3018</load_address>
         <run_address>0x3018</run_address>
         <size>0xb8</size>
         <input_file_ref idref="fl-3"/>
      </object_component>
      <object_component id="oc-2ea">
         <name>.text:WidgetMessageSendPostOrder</name>
         <load_address>0x30d0</load_address>
         <run_address>0x30d0</run_address>
         <size>0xb4</size>
         <input_file_ref idref="fl-e6"/>
      </object_component>
      <object_component id="oc-42d">
         <name>.text:_ltostr</name>
         <load_address>0x3184</load_address>
         <run_address>0x3184</run_address>
         <size>0xb1</size>
         <input_file_ref idref="fl-c8"/>
      </object_component>
      <object_component id="oc-31e">
         <name>.text:Kentec320x240x16_SSD2119LineDrawV</name>
         <load_address>0x3238</load_address>
         <run_address>0x3238</run_address>
         <size>0xa4</size>
         <input_file_ref idref="fl-3"/>
      </object_component>
      <object_component id="oc-5f">
         <name>.text</name>
         <load_address>0x32dc</load_address>
         <run_address>0x32dc</run_address>
         <size>0x9c</size>
         <input_file_ref idref="fl-c2"/>
      </object_component>
      <object_component id="oc-4d6">
         <name>.text</name>
         <load_address>0x3378</load_address>
         <run_address>0x3378</run_address>
         <size>0x96</size>
         <input_file_ref idref="fl-d3"/>
      </object_component>
      <object_component id="oc-45">
         <name>.text:Timer0IntHandler</name>
         <load_address>0x3410</load_address>
         <run_address>0x3410</run_address>
         <size>0x94</size>
         <input_file_ref idref="fl-2"/>
      </object_component>
      <object_component id="oc-4b">
         <name>.text:Timer1IntHandler</name>
         <load_address>0x34a4</load_address>
         <run_address>0x34a4</run_address>
         <size>0x90</size>
         <input_file_ref idref="fl-2"/>
      </object_component>
      <object_component id="oc-16e">
         <name>.text:GrRectFill</name>
         <load_address>0x3534</load_address>
         <run_address>0x3534</run_address>
         <size>0x86</size>
         <input_file_ref idref="fl-e4"/>
      </object_component>
      <object_component id="oc-433">
         <name>.text:__aeabi_cdcmple</name>
         <load_address>0x35ba</load_address>
         <run_address>0x35ba</run_address>
         <size>0x86</size>
         <input_file_ref idref="fl-ce"/>
      </object_component>
      <object_component id="oc-4e7">
         <name>.text:__aeabi_cdrcmple</name>
         <load_address>0x3640</load_address>
         <run_address>0x3640</run_address>
         <size>0x86</size>
         <input_file_ref idref="fl-ce"/>
      </object_component>
      <object_component id="oc-30c">
         <name>.text:Kentec320x240x16_SSD2119PixelDraw</name>
         <load_address>0x36c8</load_address>
         <run_address>0x36c8</run_address>
         <size>0x7c</size>
         <input_file_ref idref="fl-3"/>
      </object_component>
      <object_component id="oc-2ab">
         <name>.text:ADCSequenceStepConfigure</name>
         <load_address>0x3744</load_address>
         <run_address>0x3744</run_address>
         <size>0x7a</size>
         <input_file_ref idref="fl-ea"/>
      </object_component>
      <object_component id="oc-dd">
         <name>.text</name>
         <load_address>0x37be</load_address>
         <run_address>0x37be</run_address>
         <size>0x7a</size>
         <input_file_ref idref="fl-d4"/>
      </object_component>
      <object_component id="oc-507">
         <name>.text:_mcpy</name>
         <load_address>0x3838</load_address>
         <run_address>0x3838</run_address>
         <size>0x6e</size>
         <input_file_ref idref="fl-c8"/>
      </object_component>
      <object_component id="oc-168">
         <name>.text:GrContextInit</name>
         <load_address>0x38a8</load_address>
         <run_address>0x38a8</run_address>
         <size>0x68</size>
         <input_file_ref idref="fl-e3"/>
      </object_component>
      <object_component id="oc-180">
         <name>.text:GrStringWidthGet</name>
         <load_address>0x3910</load_address>
         <run_address>0x3910</run_address>
         <size>0x68</size>
         <input_file_ref idref="fl-e5"/>
      </object_component>
      <object_component id="oc-2bd">
         <name>.text:IntEnable</name>
         <load_address>0x3978</load_address>
         <run_address>0x3978</run_address>
         <size>0x68</size>
         <input_file_ref idref="fl-ed"/>
      </object_component>
      <object_component id="oc-15">
         <name>.text:decompress:lzss:__TI_decompress_lzss</name>
         <load_address>0x39e0</load_address>
         <run_address>0x39e0</run_address>
         <size>0x68</size>
         <input_file_ref idref="fl-c6"/>
      </object_component>
      <object_component id="oc-174">
         <name>.text:GrRectDraw</name>
         <load_address>0x3a48</load_address>
         <run_address>0x3a48</run_address>
         <size>0x66</size>
         <input_file_ref idref="fl-e4"/>
      </object_component>
      <object_component id="oc-1b1">
         <name>.text:WidgetMessageQueueProcess</name>
         <load_address>0x3ab0</load_address>
         <run_address>0x3ab0</run_address>
         <size>0x64</size>
         <input_file_ref idref="fl-e6"/>
      </object_component>
      <object_component id="oc-51c">
         <name>.text:frexp</name>
         <load_address>0x3b14</load_address>
         <run_address>0x3b14</run_address>
         <size>0x64</size>
         <input_file_ref idref="fl-c9"/>
      </object_component>
      <object_component id="oc-2c9">
         <name>.text:TimerConfigure</name>
         <load_address>0x3b78</load_address>
         <run_address>0x3b78</run_address>
         <size>0x60</size>
         <input_file_ref idref="fl-f0"/>
      </object_component>
      <object_component id="oc-239">
         <name>.text:UARTStdioConfig</name>
         <load_address>0x3bd8</load_address>
         <run_address>0x3bd8</run_address>
         <size>0x60</size>
         <input_file_ref idref="fl-5"/>
      </object_component>
      <object_component id="oc-2e4">
         <name>.text:WidgetMessageSendPreOrder</name>
         <load_address>0x3c38</load_address>
         <run_address>0x3c38</run_address>
         <size>0x5e</size>
         <input_file_ref idref="fl-e6"/>
      </object_component>
      <object_component id="oc-150">
         <name>.text:ConfigureUART</name>
         <load_address>0x3c98</load_address>
         <run_address>0x3c98</run_address>
         <size>0x5c</size>
         <input_file_ref idref="fl-2"/>
      </object_component>
      <object_component id="oc-3d1">
         <name>.text:FontWideGlyphDataGet</name>
         <load_address>0x3cf4</load_address>
         <run_address>0x3cf4</run_address>
         <size>0x5a</size>
         <input_file_ref idref="fl-e5"/>
      </object_component>
      <object_component id="oc-2d5">
         <name>.text:TimerControlTrigger</name>
         <load_address>0x3d50</load_address>
         <run_address>0x3d50</run_address>
         <size>0x58</size>
         <input_file_ref idref="fl-f0"/>
      </object_component>
      <object_component id="oc-43e">
         <name>.text:_pconv_f</name>
         <load_address>0x3da8</load_address>
         <run_address>0x3da8</run_address>
         <size>0x56</size>
         <input_file_ref idref="fl-c8"/>
      </object_component>
      <object_component id="oc-4f1">
         <name>.text:__TI_ltoa</name>
         <load_address>0x3dfe</load_address>
         <run_address>0x3dfe</run_address>
         <size>0x54</size>
         <input_file_ref idref="fl-da"/>
      </object_component>
      <object_component id="oc-501">
         <name>.text:_ecpy</name>
         <load_address>0x3e52</load_address>
         <run_address>0x3e52</run_address>
         <size>0x52</size>
         <input_file_ref idref="fl-c8"/>
      </object_component>
      <object_component id="oc-2a5">
         <name>.text:ADCSequenceConfigure</name>
         <load_address>0x3ea4</load_address>
         <run_address>0x3ea4</run_address>
         <size>0x50</size>
         <input_file_ref idref="fl-ea"/>
      </object_component>
      <object_component id="oc-248">
         <name>.text:WriteCommandSPI</name>
         <load_address>0x3ef4</load_address>
         <run_address>0x3ef4</run_address>
         <size>0x4c</size>
         <input_file_ref idref="fl-3"/>
      </object_component>
      <object_component id="oc-24e">
         <name>.text:WriteDataSPI</name>
         <load_address>0x3f40</load_address>
         <run_address>0x3f40</run_address>
         <size>0x4c</size>
         <input_file_ref idref="fl-3"/>
      </object_component>
      <object_component id="oc-427">
         <name>.text:atoi</name>
         <load_address>0x3f8c</load_address>
         <run_address>0x3f8c</run_address>
         <size>0x4c</size>
         <input_file_ref idref="fl-dc"/>
      </object_component>
      <object_component id="oc-283">
         <name>.text:UpdateContextCharMapping</name>
         <load_address>0x3fd8</load_address>
         <run_address>0x3fd8</run_address>
         <size>0x4a</size>
         <input_file_ref idref="fl-e5"/>
      </object_component>
      <object_component id="oc-38b">
         <name>.text:GPIOPinConfigure</name>
         <load_address>0x4024</load_address>
         <run_address>0x4024</run_address>
         <size>0x48</size>
         <input_file_ref idref="fl-ec"/>
      </object_component>
      <object_component id="oc-214">
         <name>.text:UARTwrite</name>
         <load_address>0x406c</load_address>
         <run_address>0x406c</run_address>
         <size>0x48</size>
         <input_file_ref idref="fl-5"/>
      </object_component>
      <object_component id="oc-228">
         <name>.text:_SysCtlFrequencyGet</name>
         <load_address>0x40b4</load_address>
         <run_address>0x40b4</run_address>
         <size>0x48</size>
         <input_file_ref idref="fl-ef"/>
      </object_component>
      <object_component id="oc-4ec">
         <name>.text</name>
         <load_address>0x40fc</load_address>
         <run_address>0x40fc</run_address>
         <size>0x48</size>
         <input_file_ref idref="fl-d1"/>
      </object_component>
      <object_component id="oc-276">
         <name>.text:GrLineDrawH</name>
         <load_address>0x4144</load_address>
         <run_address>0x4144</run_address>
         <size>0x46</size>
         <input_file_ref idref="fl-e9"/>
      </object_component>
      <object_component id="oc-27c">
         <name>.text:GrLineDrawV</name>
         <load_address>0x418a</load_address>
         <run_address>0x418a</run_address>
         <size>0x46</size>
         <input_file_ref idref="fl-e9"/>
      </object_component>
      <object_component id="oc-1da">
         <name>.text:__TI_auto_init_nobinit_nopinit:__TI_auto_init_nobinit_nopinit</name>
         <load_address>0x41d0</load_address>
         <run_address>0x41d0</run_address>
         <size>0x44</size>
         <input_file_ref idref="fl-d5"/>
      </object_component>
      <object_component id="oc-21a">
         <name>.text</name>
         <load_address>0x4214</load_address>
         <run_address>0x4214</run_address>
         <size>0x40</size>
         <input_file_ref idref="fl-c3"/>
      </object_component>
      <object_component id="oc-1b7">
         <name>.text:sprintf</name>
         <load_address>0x4254</load_address>
         <run_address>0x4254</run_address>
         <size>0x40</size>
         <input_file_ref idref="fl-c1"/>
      </object_component>
      <object_component id="oc-514">
         <name>.text:_fcpy</name>
         <load_address>0x4294</load_address>
         <run_address>0x4294</run_address>
         <size>0x3e</size>
         <input_file_ref idref="fl-c8"/>
      </object_component>
      <object_component id="oc-397">
         <name>.text:SSIConfigSetExpClk</name>
         <load_address>0x42d2</load_address>
         <run_address>0x42d2</run_address>
         <size>0x3c</size>
         <input_file_ref idref="fl-ee"/>
      </object_component>
      <object_component id="oc-3d7">
         <name>.text:FontGlyphDataGet</name>
         <load_address>0x430e</load_address>
         <run_address>0x430e</run_address>
         <size>0x3a</size>
         <input_file_ref idref="fl-e5"/>
      </object_component>
      <object_component id="oc-192">
         <name>.text:SysCtlPeripheralEnable</name>
         <load_address>0x4348</load_address>
         <run_address>0x4348</run_address>
         <size>0x34</size>
         <input_file_ref idref="fl-ef"/>
      </object_component>
      <object_component id="oc-7d">
         <name>.text:_c_int00_noargs:_c_int00_noargs</name>
         <load_address>0x437c</load_address>
         <run_address>0x437c</run_address>
         <size>0x34</size>
         <input_file_ref idref="fl-c7"/>
      </object_component>
      <object_component id="oc-28c">
         <name>.text:GrStringNextCharGet</name>
         <load_address>0x43b0</load_address>
         <run_address>0x43b0</run_address>
         <size>0x2e</size>
         <input_file_ref idref="fl-e5"/>
      </object_component>
      <object_component id="oc-4f7">
         <name>.text</name>
         <load_address>0x43de</load_address>
         <run_address>0x43de</run_address>
         <size>0x2e</size>
         <input_file_ref idref="fl-d2"/>
      </object_component>
      <object_component id="oc-186">
         <name>.text:GrFontBaselineGet</name>
         <load_address>0x440c</load_address>
         <run_address>0x440c</run_address>
         <size>0x2c</size>
         <input_file_ref idref="fl-e5"/>
      </object_component>
      <object_component id="oc-404">
         <name>.text:WidgetIsInTree</name>
         <load_address>0x4438</load_address>
         <run_address>0x4438</run_address>
         <size>0x2c</size>
         <input_file_ref idref="fl-e6"/>
      </object_component>
      <object_component id="oc-3f7">
         <name>.text:GPIODirModeSet</name>
         <load_address>0x4464</load_address>
         <run_address>0x4464</run_address>
         <size>0x2a</size>
         <input_file_ref idref="fl-ec"/>
      </object_component>
      <object_component id="oc-298">
         <name>.text:GrFontInfoGet</name>
         <load_address>0x448e</load_address>
         <run_address>0x448e</run_address>
         <size>0x26</size>
         <input_file_ref idref="fl-e5"/>
      </object_component>
      <object_component id="oc-292">
         <name>.text:GrFontGlyphDataGet</name>
         <load_address>0x44b4</load_address>
         <run_address>0x44b4</run_address>
         <size>0x22</size>
         <input_file_ref idref="fl-e5"/>
      </object_component>
      <object_component id="oc-222">
         <name>.text:_SysCtlMemTimingGet</name>
         <load_address>0x44d8</load_address>
         <run_address>0x44d8</run_address>
         <size>0x20</size>
         <input_file_ref idref="fl-ef"/>
      </object_component>
      <object_component id="oc-3c7">
         <name>.text:GrFontCodepageGet</name>
         <load_address>0x44f8</load_address>
         <run_address>0x44f8</run_address>
         <size>0x1e</size>
         <input_file_ref idref="fl-e5"/>
      </object_component>
      <object_component id="oc-1c4">
         <name>.text:WidgetPointerMessage</name>
         <load_address>0x4518</load_address>
         <run_address>0x4518</run_address>
         <size>0x1c</size>
         <input_file_ref idref="fl-e6"/>
      </object_component>
      <object_component id="oc-450">
         <name>.text:memccpy</name>
         <load_address>0x4534</load_address>
         <run_address>0x4534</run_address>
         <size>0x1c</size>
         <input_file_ref idref="fl-de"/>
      </object_component>
      <object_component id="oc-a9">
         <name>.text:UARTprintf</name>
         <load_address>0x4550</load_address>
         <run_address>0x4550</run_address>
         <size>0x1a</size>
         <input_file_ref idref="fl-5"/>
      </object_component>
      <object_component id="oc-57d">
         <name>.text:copysign</name>
         <load_address>0x456a</load_address>
         <run_address>0x456a</run_address>
         <size>0x1a</size>
         <input_file_ref idref="fl-e2"/>
      </object_component>
      <object_component id="oc-2c3">
         <name>.text:GPIOPinTypeGPIOOutput</name>
         <load_address>0x4584</load_address>
         <run_address>0x4584</run_address>
         <size>0x18</size>
         <input_file_ref idref="fl-ec"/>
      </object_component>
      <object_component id="oc-2fe">
         <name>.text:_outs</name>
         <load_address>0x459c</load_address>
         <run_address>0x459c</run_address>
         <size>0x18</size>
         <input_file_ref idref="fl-c1"/>
      </object_component>
      <object_component id="oc-18c">
         <name>.text:GrStringDraw</name>
         <load_address>0x45b4</load_address>
         <run_address>0x45b4</run_address>
         <size>0x16</size>
         <input_file_ref idref="fl-e5"/>
      </object_component>
      <object_component id="oc-32a">
         <name>.text:Kentec320x240x16_SSD2119ColorTranslate</name>
         <load_address>0x45ca</load_address>
         <run_address>0x45ca</run_address>
         <size>0x16</size>
         <input_file_ref idref="fl-3"/>
      </object_component>
      <object_component id="oc-528">
         <name>.text:strchr</name>
         <load_address>0x45e0</load_address>
         <run_address>0x45e0</run_address>
         <size>0x16</size>
         <input_file_ref idref="fl-df"/>
      </object_component>
      <object_component id="oc-47d">
         <name>.text:WidgetMutexGet</name>
         <load_address>0x45f6</load_address>
         <run_address>0x45f6</run_address>
         <size>0x14</size>
         <input_file_ref idref="fl-e6"/>
      </object_component>
      <object_component id="oc-421">
         <name>.text:strlen</name>
         <load_address>0x460a</load_address>
         <run_address>0x460a</run_address>
         <size>0x14</size>
         <input_file_ref idref="fl-e0"/>
      </object_component>
      <object_component id="oc-391">
         <name>.text:GPIOPinTypeSSI</name>
         <load_address>0x461e</load_address>
         <run_address>0x461e</run_address>
         <size>0x12</size>
         <input_file_ref idref="fl-ec"/>
      </object_component>
      <object_component id="oc-3a3">
         <name>.text:SSIDataGetNonBlocking</name>
         <load_address>0x4630</load_address>
         <run_address>0x4630</run_address>
         <size>0x12</size>
         <input_file_ref idref="fl-ee"/>
      </object_component>
      <object_component id="oc-2cf">
         <name>.text:TimerLoadSet</name>
         <load_address>0x4642</load_address>
         <run_address>0x4642</run_address>
         <size>0x12</size>
         <input_file_ref idref="fl-f0"/>
      </object_component>
      <object_component id="oc-456">
         <name>.text:wcslen</name>
         <load_address>0x4654</load_address>
         <run_address>0x4654</run_address>
         <size>0x12</size>
         <input_file_ref idref="fl-cb"/>
      </object_component>
      <object_component id="oc-2b7">
         <name>.text:ADCIntEnable</name>
         <load_address>0x4666</load_address>
         <run_address>0x4666</run_address>
         <size>0x10</size>
         <input_file_ref idref="fl-ea"/>
      </object_component>
      <object_component id="oc-156">
         <name>.text:FPUEnable</name>
         <load_address>0x4678</load_address>
         <run_address>0x4678</run_address>
         <size>0x10</size>
         <input_file_ref idref="fl-eb"/>
      </object_component>
      <object_component id="oc-15c">
         <name>.text:FPULazyStackingEnable</name>
         <load_address>0x4688</load_address>
         <run_address>0x4688</run_address>
         <size>0x10</size>
         <input_file_ref idref="fl-eb"/>
      </object_component>
      <object_component id="oc-19f">
         <name>.text:uDMAEnable</name>
         <load_address>0x4698</load_address>
         <run_address>0x4698</run_address>
         <size>0x10</size>
         <input_file_ref idref="fl-f1"/>
      </object_component>
      <object_component id="oc-2b1">
         <name>.text:ADCSequenceEnable</name>
         <load_address>0x46a8</load_address>
         <run_address>0x46a8</run_address>
         <size>0xe</size>
         <input_file_ref idref="fl-ea"/>
      </object_component>
      <object_component id="oc-2db">
         <name>.text:TimerEnable</name>
         <load_address>0x46b6</load_address>
         <run_address>0x46b6</run_address>
         <size>0xe</size>
         <input_file_ref idref="fl-f0"/>
      </object_component>
      <object_component id="oc-1b">
         <name>.text:decompress:none:__TI_decompress_none</name>
         <load_address>0x46c4</load_address>
         <run_address>0x46c4</run_address>
         <size>0xe</size>
         <input_file_ref idref="fl-c5"/>
      </object_component>
      <object_component id="oc-1ab">
         <name>.text:TouchScreenCallbackSet</name>
         <load_address>0x46d4</load_address>
         <run_address>0x46d4</run_address>
         <size>0xc</size>
         <input_file_ref idref="fl-4"/>
      </object_component>
      <object_component id="oc-71">
         <name>.text:decompress:ZI:__TI_zero_init</name>
         <load_address>0x46e0</load_address>
         <run_address>0x46e0</run_address>
         <size>0xc</size>
         <input_file_ref idref="fl-c4"/>
      </object_component>
      <object_component id="oc-199">
         <name>.text:uDMAControlBaseSet</name>
         <load_address>0x46ec</load_address>
         <run_address>0x46ec</run_address>
         <size>0xc</size>
         <input_file_ref idref="fl-f1"/>
      </object_component>
      <object_component id="oc-254">
         <name>.text:SSIDataPut</name>
         <load_address>0x46f8</load_address>
         <run_address>0x46f8</run_address>
         <size>0xa</size>
         <input_file_ref idref="fl-ee"/>
      </object_component>
      <object_component id="oc-39d">
         <name>.text:SSIEnable</name>
         <load_address>0x4702</load_address>
         <run_address>0x4702</run_address>
         <size>0xa</size>
         <input_file_ref idref="fl-ee"/>
      </object_component>
      <object_component id="oc-304">
         <name>.text:_outc</name>
         <load_address>0x470c</load_address>
         <run_address>0x470c</run_address>
         <size>0xa</size>
         <input_file_ref idref="fl-c1"/>
      </object_component>
      <object_component id="oc-3b8">
         <name>.text:GrMapISO8859_1_Unicode</name>
         <load_address>0x4716</load_address>
         <run_address>0x4716</run_address>
         <size>0x8</size>
         <input_file_ref idref="fl-e8"/>
      </object_component>
      <object_component id="oc-25a">
         <name>.text:SSIBusy</name>
         <load_address>0x471e</load_address>
         <run_address>0x471e</run_address>
         <size>0x8</size>
         <input_file_ref idref="fl-ee"/>
      </object_component>
      <object_component id="oc-45c">
         <name>.text:__aeabi_errno_addr</name>
         <load_address>0x4728</load_address>
         <run_address>0x4728</run_address>
         <size>0x8</size>
         <input_file_ref idref="fl-e1"/>
      </object_component>
      <object_component id="oc-a3">
         <name>.text:GPIOPinWrite</name>
         <load_address>0x4730</load_address>
         <run_address>0x4730</run_address>
         <size>0x6</size>
         <input_file_ref idref="fl-ec"/>
      </object_component>
      <object_component id="oc-17a">
         <name>.text:GrContextFontSet</name>
         <load_address>0x4736</load_address>
         <run_address>0x4736</run_address>
         <size>0x6</size>
         <input_file_ref idref="fl-e5"/>
      </object_component>
      <object_component id="oc-27">
         <name>.text:ResetISR</name>
         <load_address>0x473c</load_address>
         <run_address>0x473c</run_address>
         <size>0x6</size>
         <input_file_ref idref="fl-1"/>
      </object_component>
      <object_component id="oc-198">
         <name>.text:SysCtlDelay</name>
         <load_address>0x4742</load_address>
         <run_address>0x4742</run_address>
         <size>0x6</size>
         <input_file_ref idref="fl-ef"/>
      </object_component>
      <object_component id="oc-47e">
         <name>.text:WidgetMutexPut</name>
         <load_address>0x4748</load_address>
         <run_address>0x4748</run_address>
         <size>0x6</size>
         <input_file_ref idref="fl-e6"/>
      </object_component>
      <object_component id="oc-40b">
         <name>.text:WidgetDefaultMsgProc</name>
         <load_address>0x474e</load_address>
         <run_address>0x474e</run_address>
         <size>0x4</size>
         <input_file_ref idref="fl-e6"/>
      </object_component>
      <object_component id="oc-e3">
         <name>.text:_system_pre_init</name>
         <load_address>0x4752</load_address>
         <run_address>0x4752</run_address>
         <size>0x4</size>
         <input_file_ref idref="fl-d6"/>
      </object_component>
      <object_component id="oc-1ce">
         <name>.text:abort:abort</name>
         <load_address>0x4756</load_address>
         <run_address>0x4756</run_address>
         <size>0x4</size>
         <input_file_ref idref="fl-d8"/>
      </object_component>
      <object_component id="oc-338">
         <name>.const:.string:g_pui8Cm20Data</name>
         <load_address>0x475c</load_address>
         <run_address>0x475c</run_address>
         <size>0x95e</size>
         <input_file_ref idref="fl-e7"/>
      </object_component>
      <object_component id="oc-231">
         <name>.const:g_pppui32XTALtoVCO</name>
         <load_address>0x50bc</load_address>
         <run_address>0x50bc</run_address>
         <size>0x1b0</size>
         <input_file_ref idref="fl-ef"/>
      </object_component>
      <object_component id="oc-4d1">
         <name>.const:.string:_ctypes_</name>
         <load_address>0x526c</load_address>
         <run_address>0x526c</run_address>
         <size>0x101</size>
         <input_file_ref idref="fl-dd"/>
      </object_component>
      <object_component id="oc-1c0">
         <name>.const:g_sFontCm20</name>
         <load_address>0x5370</load_address>
         <run_address>0x5370</run_address>
         <size>0xc8</size>
         <input_file_ref idref="fl-e7"/>
      </object_component>
      <object_component id="oc-4b1">
         <name>.const:g_pui32GPIOBaseAddrs</name>
         <load_address>0x5438</load_address>
         <run_address>0x5438</run_address>
         <size>0x90</size>
         <input_file_ref idref="fl-ec"/>
      </object_component>
      <object_component id="oc-3ec">
         <name>.const</name>
         <load_address>0x54c8</load_address>
         <run_address>0x54c8</run_address>
         <size>0x70</size>
         <input_file_ref idref="fl-ed"/>
      </object_component>
      <object_component id="oc-22e">
         <name>.const:g_pui32Xtals</name>
         <load_address>0x5538</load_address>
         <run_address>0x5538</run_address>
         <size>0x6c</size>
         <input_file_ref idref="fl-ef"/>
      </object_component>
      <object_component id="oc-372">
         <name>.const:g_sXTALtoMEMTIM</name>
         <load_address>0x55a4</load_address>
         <run_address>0x55a4</run_address>
         <size>0x30</size>
         <input_file_ref idref="fl-ef"/>
      </object_component>
      <object_component id="oc-1bd">
         <name>.const:g_sKentec320x240x16_SSD2119</name>
         <load_address>0x55d4</load_address>
         <run_address>0x55d4</run_address>
         <size>0x28</size>
         <input_file_ref idref="fl-3"/>
      </object_component>
      <object_component id="oc-fb">
         <name>.const:g_pi32TouchParameters</name>
         <load_address>0x55fc</load_address>
         <run_address>0x55fc</run_address>
         <size>0x1c</size>
         <input_file_ref idref="fl-4"/>
      </object_component>
      <object_component id="oc-268">
         <name>.const</name>
         <load_address>0x5618</load_address>
         <run_address>0x5618</run_address>
         <size>0x10</size>
         <input_file_ref idref="fl-e3"/>
      </object_component>
      <object_component id="oc-387">
         <name>.const:g_ui32UARTBase</name>
         <load_address>0x5628</load_address>
         <run_address>0x5628</run_address>
         <size>0xc</size>
         <input_file_ref idref="fl-5"/>
      </object_component>
      <object_component id="oc-384">
         <name>.const:g_ui32UARTPeriph</name>
         <load_address>0x5634</load_address>
         <run_address>0x5634</run_address>
         <size>0xc</size>
         <input_file_ref idref="fl-5"/>
      </object_component>
      <object_component id="oc-234">
         <name>.const</name>
         <load_address>0x5640</load_address>
         <run_address>0x5640</run_address>
         <size>0x8</size>
         <input_file_ref idref="fl-ef"/>
      </object_component>
      <object_component id="oc-5d4">
         <name>.cinit..data.load</name>
         <load_address>0x5648</load_address>
         <run_address>0x5648</run_address>
         <size>0x15</size>
      </object_component>
      <object_component id="oc-5d2">
         <name>__TI_handler_table</name>
         <load_address>0x5660</load_address>
         <run_address>0x5660</run_address>
         <size>0xc</size>
      </object_component>
      <object_component id="oc-5d5">
         <name>.cinit..bss.load</name>
         <load_address>0x5670</load_address>
         <run_address>0x5670</run_address>
         <size>0x8</size>
      </object_component>
      <object_component id="oc-5d3">
         <name>__TI_cinit_table</name>
         <load_address>0x5678</load_address>
         <run_address>0x5678</run_address>
         <size>0x10</size>
      </object_component>
      <object_component id="oc-af">
         <name>.data</name>
         <load_address>0x200006b8</load_address>
         <run_address>0x200006b8</run_address>
         <size>0x8</size>
         <input_file_ref idref="fl-2"/>
      </object_component>
      <object_component id="oc-fe">
         <name>.data</name>
         <load_address>0x200006cc</load_address>
         <run_address>0x200006cc</run_address>
         <size>0x4</size>
         <input_file_ref idref="fl-4"/>
      </object_component>
      <object_component id="oc-365">
         <name>.data</name>
         <load_address>0x200006c0</load_address>
         <run_address>0x200006c0</run_address>
         <size>0x5</size>
         <input_file_ref idref="fl-5"/>
      </object_component>
      <object_component id="oc-538">
         <name>.data</name>
         <load_address>0x200006c8</load_address>
         <run_address>0x200006c8</run_address>
         <size>0x4</size>
         <input_file_ref idref="fl-e1"/>
      </object_component>
      <object_component id="oc-2f0">
         <name>.data</name>
         <load_address>0x20000688</load_address>
         <run_address>0x20000688</run_address>
         <size>0x2d</size>
         <input_file_ref idref="fl-e6"/>
      </object_component>
      <object_component id="oc-9b">
         <name>.bss</name>
         <uninitialized>true</uninitialized>
         <run_address>0x20000568</run_address>
         <size>0x8</size>
         <input_file_ref idref="fl-4"/>
      </object_component>
      <object_component id="oc-101">
         <name>.bss:g_pi16Samples</name>
         <uninitialized>true</uninitialized>
         <run_address>0x20000540</run_address>
         <size>0x10</size>
         <input_file_ref idref="fl-4"/>
      </object_component>
      <object_component id="oc-2f3">
         <name>.bss:g_psMQ</name>
         <uninitialized>true</uninitialized>
         <run_address>0x20000400</run_address>
         <size>0x140</size>
         <input_file_ref idref="fl-e6"/>
      </object_component>
      <object_component id="oc-1cc">
         <name>.common:g_ui32SysClock</name>
         <uninitialized>true</uninitialized>
         <run_address>0x2000057c</run_address>
         <size>0x4</size>
      </object_component>
      <object_component id="oc-b2">
         <name>.common:g_ui32Flags</name>
         <uninitialized>true</uninitialized>
         <run_address>0x20000578</run_address>
         <size>0x4</size>
      </object_component>
      <object_component id="oc-1cb">
         <name>.common:Store_Count0</name>
         <uninitialized>true</uninitialized>
         <run_address>0x20000550</run_address>
         <size>0xc</size>
      </object_component>
      <object_component id="oc-1ca">
         <name>.common:Store_Count1</name>
         <uninitialized>true</uninitialized>
         <run_address>0x2000055c</run_address>
         <size>0xc</size>
      </object_component>
      <object_component id="oc-1c3">
         <name>.common:psDMAControlTable</name>
         <uninitialized>true</uninitialized>
         <run_address>0x20000000</run_address>
         <size>0x400</size>
      </object_component>
      <object_component id="oc-2e1">
         <name>.common:g_pi32ParmSet</name>
         <uninitialized>true</uninitialized>
         <run_address>0x20000570</run_address>
         <size>0x4</size>
      </object_component>
      <object_component id="oc-a1">
         <name>.common:g_i16TouchX</name>
         <uninitialized>true</uninitialized>
         <run_address>0x20000580</run_address>
         <size>0x2</size>
      </object_component>
      <object_component id="oc-9e">
         <name>.common:g_i16TouchY</name>
         <uninitialized>true</uninitialized>
         <run_address>0x20000582</run_address>
         <size>0x2</size>
      </object_component>
      <object_component id="oc-26b">
         <name>.common:g_psGrLibDefaults</name>
         <uninitialized>true</uninitialized>
         <run_address>0x20000574</run_address>
         <size>0x4</size>
      </object_component>
      <object_component id="oc-24">
         <name>.stack</name>
         <uninitialized>true</uninitialized>
         <run_address>0x20000588</run_address>
         <size>0x4</size>
         <input_file_ref idref="fl-c7"/>
      </object_component>
      <object_component id="oc-5d7">
         <name>.stack</name>
         <uninitialized>true</uninitialized>
         <run_address>0x20000588</run_address>
         <size>0x0</size>
      </object_component>
      <object_component id="oc-53">
         <name>.debug_info</name>
         <load_address>0x0</load_address>
         <run_address>0x0</run_address>
         <size>0x33f</size>
         <input_file_ref idref="fl-1"/>
      </object_component>
      <object_component id="oc-13">
         <name>.debug_info</name>
         <load_address>0x33f</load_address>
         <run_address>0x33f</run_address>
         <size>0xfc</size>
         <input_file_ref idref="fl-1"/>
      </object_component>
      <object_component id="oc-28">
         <name>.debug_info</name>
         <load_address>0x43b</load_address>
         <run_address>0x43b</run_address>
         <size>0x12c</size>
         <input_file_ref idref="fl-1"/>
      </object_component>
      <object_component id="oc-2e">
         <name>.debug_info</name>
         <load_address>0x567</load_address>
         <run_address>0x567</run_address>
         <size>0x11a</size>
         <input_file_ref idref="fl-1"/>
      </object_component>
      <object_component id="oc-3a">
         <name>.debug_info</name>
         <load_address>0x681</load_address>
         <run_address>0x681</run_address>
         <size>0x135</size>
         <input_file_ref idref="fl-1"/>
      </object_component>
      <object_component id="oc-34">
         <name>.debug_info</name>
         <load_address>0x7b6</load_address>
         <run_address>0x7b6</run_address>
         <size>0x123</size>
         <input_file_ref idref="fl-1"/>
      </object_component>
      <object_component id="oc-be">
         <name>.debug_info</name>
         <load_address>0x8d9</load_address>
         <run_address>0x8d9</run_address>
         <size>0x26b</size>
         <input_file_ref idref="fl-1"/>
      </object_component>
      <object_component id="oc-5a">
         <name>.debug_info</name>
         <load_address>0xb44</load_address>
         <run_address>0xb44</run_address>
         <size>0x84</size>
         <input_file_ref idref="fl-1"/>
      </object_component>
      <object_component id="oc-135">
         <name>.debug_info</name>
         <load_address>0xbc8</load_address>
         <run_address>0xbc8</run_address>
         <size>0x2a4</size>
         <input_file_ref idref="fl-1"/>
      </object_component>
      <object_component id="oc-c3">
         <name>.debug_info</name>
         <load_address>0xe6c</load_address>
         <run_address>0xe6c</run_address>
         <size>0xbb</size>
         <input_file_ref idref="fl-1"/>
      </object_component>
      <object_component id="oc-b3">
         <name>.debug_info</name>
         <load_address>0xf27</load_address>
         <run_address>0xf27</run_address>
         <size>0xb81</size>
         <input_file_ref idref="fl-2"/>
      </object_component>
      <object_component id="oc-b0">
         <name>.debug_info</name>
         <load_address>0x1aa8</load_address>
         <run_address>0x1aa8</run_address>
         <size>0x128</size>
         <input_file_ref idref="fl-2"/>
      </object_component>
      <object_component id="oc-152">
         <name>.debug_info</name>
         <load_address>0x1bd0</load_address>
         <run_address>0x1bd0</run_address>
         <size>0x160</size>
         <input_file_ref idref="fl-2"/>
      </object_component>
      <object_component id="oc-eb">
         <name>.debug_info</name>
         <load_address>0x1d30</load_address>
         <run_address>0x1d30</run_address>
         <size>0x415</size>
         <input_file_ref idref="fl-2"/>
      </object_component>
      <object_component id="oc-4d">
         <name>.debug_info</name>
         <load_address>0x2145</load_address>
         <run_address>0x2145</run_address>
         <size>0x188</size>
         <input_file_ref idref="fl-2"/>
      </object_component>
      <object_component id="oc-47">
         <name>.debug_info</name>
         <load_address>0x22cd</load_address>
         <run_address>0x22cd</run_address>
         <size>0x188</size>
         <input_file_ref idref="fl-2"/>
      </object_component>
      <object_component id="oc-109">
         <name>.debug_info</name>
         <load_address>0x2455</load_address>
         <run_address>0x2455</run_address>
         <size>0x6bd</size>
         <input_file_ref idref="fl-2"/>
      </object_component>
      <object_component id="oc-12b">
         <name>.debug_info</name>
         <load_address>0x2b12</load_address>
         <run_address>0x2b12</run_address>
         <size>0x86</size>
         <input_file_ref idref="fl-2"/>
      </object_component>
      <object_component id="oc-10e">
         <name>.debug_info</name>
         <load_address>0x2b98</load_address>
         <run_address>0x2b98</run_address>
         <size>0xc6</size>
         <input_file_ref idref="fl-2"/>
      </object_component>
      <object_component id="oc-b6">
         <name>.debug_info</name>
         <load_address>0x2c5e</load_address>
         <run_address>0x2c5e</run_address>
         <size>0x8b</size>
         <input_file_ref idref="fl-2"/>
      </object_component>
      <object_component id="oc-122">
         <name>.debug_info</name>
         <load_address>0x2ce9</load_address>
         <run_address>0x2ce9</run_address>
         <size>0x2c</size>
         <input_file_ref idref="fl-2"/>
      </object_component>
      <object_component id="oc-130">
         <name>.debug_info</name>
         <load_address>0x2d15</load_address>
         <run_address>0x2d15</run_address>
         <size>0x35</size>
         <input_file_ref idref="fl-2"/>
      </object_component>
      <object_component id="oc-261">
         <name>.debug_info</name>
         <load_address>0x2d4a</load_address>
         <run_address>0x2d4a</run_address>
         <size>0x777</size>
         <input_file_ref idref="fl-3"/>
      </object_component>
      <object_component id="oc-1be">
         <name>.debug_info</name>
         <load_address>0x34c1</load_address>
         <run_address>0x34c1</run_address>
         <size>0x18b</size>
         <input_file_ref idref="fl-3"/>
      </object_component>
      <object_component id="oc-24a">
         <name>.debug_info</name>
         <load_address>0x364c</load_address>
         <run_address>0x364c</run_address>
         <size>0x327</size>
         <input_file_ref idref="fl-3"/>
      </object_component>
      <object_component id="oc-250">
         <name>.debug_info</name>
         <load_address>0x3973</load_address>
         <run_address>0x3973</run_address>
         <size>0x31f</size>
         <input_file_ref idref="fl-3"/>
      </object_component>
      <object_component id="oc-326">
         <name>.debug_info</name>
         <load_address>0x3c92</load_address>
         <run_address>0x3c92</run_address>
         <size>0x51d</size>
         <input_file_ref idref="fl-3"/>
      </object_component>
      <object_component id="oc-314">
         <name>.debug_info</name>
         <load_address>0x41af</load_address>
         <run_address>0x41af</run_address>
         <size>0x568</size>
         <input_file_ref idref="fl-3"/>
      </object_component>
      <object_component id="oc-30e">
         <name>.debug_info</name>
         <load_address>0x4717</load_address>
         <run_address>0x4717</run_address>
         <size>0x41b</size>
         <input_file_ref idref="fl-3"/>
      </object_component>
      <object_component id="oc-320">
         <name>.debug_info</name>
         <load_address>0x4b32</load_address>
         <run_address>0x4b32</run_address>
         <size>0x457</size>
         <input_file_ref idref="fl-3"/>
      </object_component>
      <object_component id="oc-31a">
         <name>.debug_info</name>
         <load_address>0x4f89</load_address>
         <run_address>0x4f89</run_address>
         <size>0x4aa</size>
         <input_file_ref idref="fl-3"/>
      </object_component>
      <object_component id="oc-244">
         <name>.debug_info</name>
         <load_address>0x5433</load_address>
         <run_address>0x5433</run_address>
         <size>0x47f</size>
         <input_file_ref idref="fl-3"/>
      </object_component>
      <object_component id="oc-164">
         <name>.debug_info</name>
         <load_address>0x58b2</load_address>
         <run_address>0x58b2</run_address>
         <size>0xd9f</size>
         <input_file_ref idref="fl-3"/>
      </object_component>
      <object_component id="oc-332">
         <name>.debug_info</name>
         <load_address>0x6651</load_address>
         <run_address>0x6651</run_address>
         <size>0x2cb</size>
         <input_file_ref idref="fl-3"/>
      </object_component>
      <object_component id="oc-32c">
         <name>.debug_info</name>
         <load_address>0x691c</load_address>
         <run_address>0x691c</run_address>
         <size>0x317</size>
         <input_file_ref idref="fl-3"/>
      </object_component>
      <object_component id="oc-9f">
         <name>.debug_info</name>
         <load_address>0x6c33</load_address>
         <run_address>0x6c33</run_address>
         <size>0x8a3</size>
         <input_file_ref idref="fl-4"/>
      </object_component>
      <object_component id="oc-fc">
         <name>.debug_info</name>
         <load_address>0x74d6</load_address>
         <run_address>0x74d6</run_address>
         <size>0x167</size>
         <input_file_ref idref="fl-4"/>
      </object_component>
      <object_component id="oc-ff">
         <name>.debug_info</name>
         <load_address>0x763d</load_address>
         <run_address>0x763d</run_address>
         <size>0x19d</size>
         <input_file_ref idref="fl-4"/>
      </object_component>
      <object_component id="oc-9c">
         <name>.debug_info</name>
         <load_address>0x77da</load_address>
         <run_address>0x77da</run_address>
         <size>0x182</size>
         <input_file_ref idref="fl-4"/>
      </object_component>
      <object_component id="oc-102">
         <name>.debug_info</name>
         <load_address>0x795c</load_address>
         <run_address>0x795c</run_address>
         <size>0x156</size>
         <input_file_ref idref="fl-4"/>
      </object_component>
      <object_component id="oc-97">
         <name>.debug_info</name>
         <load_address>0x7ab2</load_address>
         <run_address>0x7ab2</run_address>
         <size>0x2bb</size>
         <input_file_ref idref="fl-4"/>
      </object_component>
      <object_component id="oc-41">
         <name>.debug_info</name>
         <load_address>0x7d6d</load_address>
         <run_address>0x7d6d</run_address>
         <size>0x26f</size>
         <input_file_ref idref="fl-4"/>
      </object_component>
      <object_component id="oc-1a7">
         <name>.debug_info</name>
         <load_address>0x7fdc</load_address>
         <run_address>0x7fdc</run_address>
         <size>0x471</size>
         <input_file_ref idref="fl-4"/>
      </object_component>
      <object_component id="oc-1ad">
         <name>.debug_info</name>
         <load_address>0x844d</load_address>
         <run_address>0x844d</run_address>
         <size>0x294</size>
         <input_file_ref idref="fl-4"/>
      </object_component>
      <object_component id="oc-121">
         <name>.debug_info</name>
         <load_address>0x86e1</load_address>
         <run_address>0x86e1</run_address>
         <size>0x2e1</size>
         <input_file_ref idref="fl-5"/>
      </object_component>
      <object_component id="oc-366">
         <name>.debug_info</name>
         <load_address>0x89c2</load_address>
         <run_address>0x89c2</run_address>
         <size>0x122</size>
         <input_file_ref idref="fl-5"/>
      </object_component>
      <object_component id="oc-388">
         <name>.debug_info</name>
         <load_address>0x8ae4</load_address>
         <run_address>0x8ae4</run_address>
         <size>0x12a</size>
         <input_file_ref idref="fl-5"/>
      </object_component>
      <object_component id="oc-385">
         <name>.debug_info</name>
         <load_address>0x8c0e</load_address>
         <run_address>0x8c0e</run_address>
         <size>0x12e</size>
         <input_file_ref idref="fl-5"/>
      </object_component>
      <object_component id="oc-217">
         <name>.debug_info</name>
         <load_address>0x8d3c</load_address>
         <run_address>0x8d3c</run_address>
         <size>0x229</size>
         <input_file_ref idref="fl-5"/>
      </object_component>
      <object_component id="oc-11d">
         <name>.debug_info</name>
         <load_address>0x8f65</load_address>
         <run_address>0x8f65</run_address>
         <size>0x35b</size>
         <input_file_ref idref="fl-5"/>
      </object_component>
      <object_component id="oc-ac">
         <name>.debug_info</name>
         <load_address>0x92c0</load_address>
         <run_address>0x92c0</run_address>
         <size>0x1f6</size>
         <input_file_ref idref="fl-5"/>
      </object_component>
      <object_component id="oc-368">
         <name>.debug_info</name>
         <load_address>0x94b6</load_address>
         <run_address>0x94b6</run_address>
         <size>0x274</size>
         <input_file_ref idref="fl-5"/>
      </object_component>
      <object_component id="oc-23c">
         <name>.debug_info</name>
         <load_address>0x972a</load_address>
         <run_address>0x972a</run_address>
         <size>0x28c</size>
         <input_file_ref idref="fl-5"/>
      </object_component>
      <object_component id="oc-30b">
         <name>.debug_info</name>
         <load_address>0x99b6</load_address>
         <run_address>0x99b6</run_address>
         <size>0x333</size>
         <input_file_ref idref="fl-c1"/>
      </object_component>
      <object_component id="oc-1b8">
         <name>.debug_info</name>
         <load_address>0x9ce9</load_address>
         <run_address>0x9ce9</run_address>
         <size>0x1d1</size>
         <input_file_ref idref="fl-c1"/>
      </object_component>
      <object_component id="oc-2ff">
         <name>.debug_info</name>
         <load_address>0x9eba</load_address>
         <run_address>0x9eba</run_address>
         <size>0x18d</size>
         <input_file_ref idref="fl-c1"/>
      </object_component>
      <object_component id="oc-305">
         <name>.debug_info</name>
         <load_address>0xa047</load_address>
         <run_address>0xa047</run_address>
         <size>0x16d</size>
         <input_file_ref idref="fl-c1"/>
      </object_component>
      <object_component id="oc-53f">
         <name>.debug_info</name>
         <load_address>0xa1b4</load_address>
         <run_address>0xa1b4</run_address>
         <size>0x2c</size>
         <input_file_ref idref="fl-c1"/>
      </object_component>
      <object_component id="oc-62">
         <name>.debug_info</name>
         <load_address>0xa1e0</load_address>
         <run_address>0xa1e0</run_address>
         <size>0x119</size>
         <input_file_ref idref="fl-c2"/>
      </object_component>
      <object_component id="oc-21d">
         <name>.debug_info</name>
         <load_address>0xa2f9</load_address>
         <run_address>0xa2f9</run_address>
         <size>0x142</size>
         <input_file_ref idref="fl-c3"/>
      </object_component>
      <object_component id="oc-dc">
         <name>.debug_info</name>
         <load_address>0xa43b</load_address>
         <run_address>0xa43b</run_address>
         <size>0x2d4</size>
         <input_file_ref idref="fl-c4"/>
      </object_component>
      <object_component id="oc-73">
         <name>.debug_info</name>
         <load_address>0xa70f</load_address>
         <run_address>0xa70f</run_address>
         <size>0x1b5</size>
         <input_file_ref idref="fl-c4"/>
      </object_component>
      <object_component id="oc-d7">
         <name>.debug_info</name>
         <load_address>0xa8c4</load_address>
         <run_address>0xa8c4</run_address>
         <size>0x46</size>
         <input_file_ref idref="fl-c4"/>
      </object_component>
      <object_component id="oc-141">
         <name>.debug_info</name>
         <load_address>0xa90a</load_address>
         <run_address>0xa90a</run_address>
         <size>0x2c</size>
         <input_file_ref idref="fl-c4"/>
      </object_component>
      <object_component id="oc-6a">
         <name>.debug_info</name>
         <load_address>0xa936</load_address>
         <run_address>0xa936</run_address>
         <size>0x2a8</size>
         <input_file_ref idref="fl-c5"/>
      </object_component>
      <object_component id="oc-1e">
         <name>.debug_info</name>
         <load_address>0xabde</load_address>
         <run_address>0xabde</run_address>
         <size>0x1ea</size>
         <input_file_ref idref="fl-c5"/>
      </object_component>
      <object_component id="oc-65">
         <name>.debug_info</name>
         <load_address>0xadc8</load_address>
         <run_address>0xadc8</run_address>
         <size>0x46</size>
         <input_file_ref idref="fl-c5"/>
      </object_component>
      <object_component id="oc-cf">
         <name>.debug_info</name>
         <load_address>0xae0e</load_address>
         <run_address>0xae0e</run_address>
         <size>0x2c</size>
         <input_file_ref idref="fl-c5"/>
      </object_component>
      <object_component id="oc-cd">
         <name>.debug_info</name>
         <load_address>0xae3a</load_address>
         <run_address>0xae3a</run_address>
         <size>0x29e</size>
         <input_file_ref idref="fl-c6"/>
      </object_component>
      <object_component id="oc-17">
         <name>.debug_info</name>
         <load_address>0xb0d8</load_address>
         <run_address>0xb0d8</run_address>
         <size>0x250</size>
         <input_file_ref idref="fl-c6"/>
      </object_component>
      <object_component id="oc-55">
         <name>.debug_info</name>
         <load_address>0xb328</load_address>
         <run_address>0xb328</run_address>
         <size>0x60</size>
         <input_file_ref idref="fl-c6"/>
      </object_component>
      <object_component id="oc-13a">
         <name>.debug_info</name>
         <load_address>0xb388</load_address>
         <run_address>0xb388</run_address>
         <size>0x46</size>
         <input_file_ref idref="fl-c6"/>
      </object_component>
      <object_component id="oc-c8">
         <name>.debug_info</name>
         <load_address>0xb3ce</load_address>
         <run_address>0xb3ce</run_address>
         <size>0x39</size>
         <input_file_ref idref="fl-c6"/>
      </object_component>
      <object_component id="oc-25">
         <name>.debug_info</name>
         <load_address>0xb407</load_address>
         <run_address>0xb407</run_address>
         <size>0x10b</size>
         <input_file_ref idref="fl-c7"/>
      </object_component>
      <object_component id="oc-7e">
         <name>.debug_info</name>
         <load_address>0xb512</load_address>
         <run_address>0xb512</run_address>
         <size>0x1a9</size>
         <input_file_ref idref="fl-c7"/>
      </object_component>
      <object_component id="oc-463">
         <name>.debug_info</name>
         <load_address>0xb6bb</load_address>
         <run_address>0xb6bb</run_address>
         <size>0x590</size>
         <input_file_ref idref="fl-c8"/>
      </object_component>
      <object_component id="oc-430">
         <name>.debug_info</name>
         <load_address>0xbc4b</load_address>
         <run_address>0xbc4b</run_address>
         <size>0x21e</size>
         <input_file_ref idref="fl-c8"/>
      </object_component>
      <object_component id="oc-504">
         <name>.debug_info</name>
         <load_address>0xbe69</load_address>
         <run_address>0xbe69</run_address>
         <size>0x1b3</size>
         <input_file_ref idref="fl-c8"/>
      </object_component>
      <object_component id="oc-50a">
         <name>.debug_info</name>
         <load_address>0xc01c</load_address>
         <run_address>0xc01c</run_address>
         <size>0x21b</size>
         <input_file_ref idref="fl-c8"/>
      </object_component>
      <object_component id="oc-43b">
         <name>.debug_info</name>
         <load_address>0xc237</load_address>
         <run_address>0xc237</run_address>
         <size>0x3c0</size>
         <input_file_ref idref="fl-c8"/>
      </object_component>
      <object_component id="oc-511">
         <name>.debug_info</name>
         <load_address>0xc5f7</load_address>
         <run_address>0xc5f7</run_address>
         <size>0x30a</size>
         <input_file_ref idref="fl-c8"/>
      </object_component>
      <object_component id="oc-517">
         <name>.debug_info</name>
         <load_address>0xc901</load_address>
         <run_address>0xc901</run_address>
         <size>0x215</size>
         <input_file_ref idref="fl-c8"/>
      </object_component>
      <object_component id="oc-441">
         <name>.debug_info</name>
         <load_address>0xcb16</load_address>
         <run_address>0xcb16</run_address>
         <size>0x215</size>
         <input_file_ref idref="fl-c8"/>
      </object_component>
      <object_component id="oc-447">
         <name>.debug_info</name>
         <load_address>0xcd2b</load_address>
         <run_address>0xcd2b</run_address>
         <size>0x304</size>
         <input_file_ref idref="fl-c8"/>
      </object_component>
      <object_component id="oc-44d">
         <name>.debug_info</name>
         <load_address>0xd02f</load_address>
         <run_address>0xd02f</run_address>
         <size>0x4b5</size>
         <input_file_ref idref="fl-c8"/>
      </object_component>
      <object_component id="oc-2fb">
         <name>.debug_info</name>
         <load_address>0xd4e4</load_address>
         <run_address>0xd4e4</run_address>
         <size>0x5f4</size>
         <input_file_ref idref="fl-c8"/>
      </object_component>
      <object_component id="oc-464">
         <name>.debug_info</name>
         <load_address>0xdad8</load_address>
         <run_address>0xdad8</run_address>
         <size>0x86</size>
         <input_file_ref idref="fl-c8"/>
      </object_component>
      <object_component id="oc-544">
         <name>.debug_info</name>
         <load_address>0xdb5e</load_address>
         <run_address>0xdb5e</run_address>
         <size>0x39</size>
         <input_file_ref idref="fl-c8"/>
      </object_component>
      <object_component id="oc-594">
         <name>.debug_info</name>
         <load_address>0xdb97</load_address>
         <run_address>0xdb97</run_address>
         <size>0xb6</size>
         <input_file_ref idref="fl-c8"/>
      </object_component>
      <object_component id="oc-549">
         <name>.debug_info</name>
         <load_address>0xdc4d</load_address>
         <run_address>0xdc4d</run_address>
         <size>0x46</size>
         <input_file_ref idref="fl-c8"/>
      </object_component>
      <object_component id="oc-469">
         <name>.debug_info</name>
         <load_address>0xdc93</load_address>
         <run_address>0xdc93</run_address>
         <size>0x46</size>
         <input_file_ref idref="fl-c8"/>
      </object_component>
      <object_component id="oc-577">
         <name>.debug_info</name>
         <load_address>0xdcd9</load_address>
         <run_address>0xdcd9</run_address>
         <size>0x295</size>
         <input_file_ref idref="fl-c9"/>
      </object_component>
      <object_component id="oc-520">
         <name>.debug_info</name>
         <load_address>0xdf6e</load_address>
         <run_address>0xdf6e</run_address>
         <size>0x195</size>
         <input_file_ref idref="fl-c9"/>
[...]
      </symbol>
      <symbol id="sm-ed">
         <name>ConfigureUART</name>
         <value>0x3c99</value>
         <object_component_ref idref="oc-150"/>
      </symbol>
      <symbol id="sm-ee">
         <name>Timer0IntHandler</name>
         <value>0x3411</value>
         <object_component_ref idref="oc-45"/>
      </symbol>
      <symbol id="sm-ef">
         <name>Timer1IntHandler</name>
         <value>0x34a5</value>
         <object_component_ref idref="oc-4b"/>
      </symbol>
      <symbol id="sm-1aa">
         <name>Kentec320x240x16_SSD2119Init</name>
         <value>0xc51</value>
         <object_component_ref idref="oc-162"/>
      </symbol>
      <symbol id="sm-1ab">
         <name>g_sKentec320x240x16_SSD2119</name>
         <value>0x55d4</value>
         <object_component_ref idref="oc-1bd"/>
      </symbol>
      <symbol id="sm-225">
         <name>g_pi32ParmSet</name>
         <value>0x20000570</value>
      </symbol>
      <symbol id="sm-226">
         <name>g_i16TouchX</name>
         <value>0x20000580</value>
      </symbol>
      <symbol id="sm-227">
         <name>g_i16TouchY</name>
         <value>0x20000582</value>
      </symbol>
      <symbol id="sm-228">
         <name>TouchScreenInit</name>
         <value>0x2a79</value>
         <object_component_ref idref="oc-1a5"/>
      </symbol>
      <symbol id="sm-229">
         <name>TouchScreenCallbackSet</name>
         <value>0x46d5</value>
         <object_component_ref idref="oc-1ab"/>
      </symbol>
      <symbol id="sm-22a">
         <name>g_pi32TouchParameters</name>
         <value>0x55fc</value>
         <object_component_ref idref="oc-fb"/>
      </symbol>
      <symbol id="sm-22b">
         <name>g_i16TouchMin</name>
         <value>0x200006cc</value>
         <object_component_ref idref="oc-fe"/>
      </symbol>
      <symbol id="sm-22c">
         <name>TouchScreenIntHandler</name>
         <value>0x2701</value>
         <object_component_ref idref="oc-3f"/>
      </symbol>
      <symbol id="sm-29a">
         <name>UARTStdioConfig</name>
         <value>0x3bd9</value>
         <object_component_ref idref="oc-239"/>
      </symbol>
      <symbol id="sm-29b">
         <name>UARTwrite</name>
         <value>0x406d</value>
         <object_component_ref idref="oc-214"/>
      </symbol>
      <symbol id="sm-29c">
         <name>UARTprintf</name>
         <value>0x4551</value>
         <object_component_ref idref="oc-a9"/>
      </symbol>
      <symbol id="sm-29d">
         <name>UARTvprintf</name>
         <value>0x1b19</value>
         <object_component_ref idref="oc-11a"/>
      </symbol>
      <symbol id="sm-2c4">
         <name>sprintf</name>
         <value>0x4255</value>
         <object_component_ref idref="oc-1b7"/>
      </symbol>
      <symbol id="sm-2df">
         <name>memcpy</name>
         <value>0x32dd</value>
         <object_component_ref idref="oc-5f"/>
      </symbol>
      <symbol id="sm-2e0">
         <name>__aeabi_memcpy</name>
         <value>0x32dd</value>
         <object_component_ref idref="oc-5f"/>
      </symbol>
      <symbol id="sm-2e1">
         <name>__aeabi_memcpy8</name>
         <value>0x32dd</value>
         <object_component_ref idref="oc-5f"/>
      </symbol>
      <symbol id="sm-2e2">
         <name>__aeabi_memcpy4</name>
         <value>0x32dd</value>
         <object_component_ref idref="oc-5f"/>
      </symbol>
      <symbol id="sm-2f1">
         <name>__aeabi_uidivmod</name>
         <value>0x4215</value>
         <object_component_ref idref="oc-21a"/>
      </symbol>
      <symbol id="sm-2f2">
         <name>__aeabi_uidiv</name>
         <value>0x4215</value>
         <object_component_ref idref="oc-21a"/>
      </symbol>
      <symbol id="sm-309">
         <name>__TI_zero_init</name>
         <value>0x46e1</value>
         <object_component_ref idref="oc-71"/>
      </symbol>
      <symbol id="sm-320">
         <name>__TI_decompress_none</name>
         <value>0x46c5</value>
         <object_component_ref idref="oc-1b"/>
      </symbol>
      <symbol id="sm-343">
         <name>__TI_decompress_lzss</name>
         <value>0x39e1</value>
         <object_component_ref idref="oc-15"/>
      </symbol>
      <symbol id="sm-356">
         <name>__stack</name>
         <value>0x20000588</value>
         <object_component_ref idref="oc-24"/>
      </symbol>
      <symbol id="sm-357">
         <name>_c_int00_noargs</name>
         <value>0x437d</value>
         <object_component_ref idref="oc-7d"/>
      </symbol>
      <symbol id="sm-4bc">
         <name>__TI_printfi</name>
         <value>0x201</value>
         <object_component_ref idref="oc-2f8"/>
      </symbol>
      <symbol id="sm-4dc">
         <name>frexpl</name>
         <value>0x3b15</value>
         <object_component_ref idref="oc-51c"/>
      </symbol>
      <symbol id="sm-4dd">
         <name>frexp</name>
         <value>0x3b15</value>
         <object_component_ref idref="oc-51c"/>
      </symbol>
      <symbol id="sm-4fa">
         <name>scalbn</name>
         <value>0x2b8d</value>
         <object_component_ref idref="oc-522"/>
      </symbol>
      <symbol id="sm-4fb">
         <name>scalbnl</name>
         <value>0x2b8d</value>
         <object_component_ref idref="oc-522"/>
      </symbol>
      <symbol id="sm-4fc">
         <name>ldexpl</name>
         <value>0x2b8d</value>
         <object_component_ref idref="oc-522"/>
      </symbol>
      <symbol id="sm-4fd">
         <name>ldexp</name>
         <value>0x2b8d</value>
         <object_component_ref idref="oc-522"/>
      </symbol>
      <symbol id="sm-516">
         <name>wcslen</name>
         <value>0x4655</value>
         <object_component_ref idref="oc-456"/>
      </symbol>
      <symbol id="sm-520">
         <name>__aeabi_idiv0</name>
         <value>0x235b</value>
         <object_component_ref idref="oc-36c"/>
      </symbol>
      <symbol id="sm-521">
         <name>__aeabi_ldiv0</name>
         <value>0x235b</value>
         <object_component_ref idref="oc-36c"/>
      </symbol>
      <symbol id="sm-538">
         <name>__aeabi_dsub</name>
         <value>0x1ed9</value>
         <object_component_ref idref="oc-4fc"/>
      </symbol>
      <symbol id="sm-539">
         <name>__aeabi_dadd</name>
         <value>0x1ee3</value>
         <object_component_ref idref="oc-4fc"/>
      </symbol>
      <symbol id="sm-55b">
         <name>__aeabi_cdcmpeq</name>
         <value>0x35bb</value>
         <object_component_ref idref="oc-433"/>
      </symbol>
      <symbol id="sm-55c">
         <name>__aeabi_cdcmple</name>
         <value>0x35bb</value>
         <object_component_ref idref="oc-433"/>
      </symbol>
      <symbol id="sm-55d">
         <name>__aeabi_cdrcmple</name>
         <value>0x3641</value>
         <object_component_ref idref="oc-4e7"/>
      </symbol>
      <symbol id="sm-571">
         <name>__aeabi_ddiv</name>
         <value>0x2499</value>
         <object_component_ref idref="oc-4e2"/>
      </symbol>
      <symbol id="sm-57c">
         <name>__aeabi_dmul</name>
         <value>0x2c9d</value>
         <object_component_ref idref="oc-4dd"/>
      </symbol>
      <symbol id="sm-586">
         <name>__aeabi_d2iz</name>
         <value>0x40fd</value>
         <object_component_ref idref="oc-4ec"/>
      </symbol>
      <symbol id="sm-590">
         <name>__aeabi_i2d</name>
         <value>0x43df</value>
         <object_component_ref idref="oc-4f7"/>
      </symbol>
      <symbol id="sm-59d">
         <name>__aeabi_uldivmod</name>
         <value>0x3379</value>
         <object_component_ref idref="oc-4d6"/>
      </symbol>
      <symbol id="sm-5ac">
         <name>__aeabi_memset</name>
         <value>0x37c1</value>
         <object_component_ref idref="oc-dd"/>
      </symbol>
      <symbol id="sm-5ad">
         <name>memset</name>
         <value>0x37c7</value>
         <object_component_ref idref="oc-dd"/>
      </symbol>
      <symbol id="sm-5ae">
         <name>__aeabi_memset8</name>
         <value>0x37c1</value>
         <object_component_ref idref="oc-dd"/>
      </symbol>
      <symbol id="sm-5af">
         <name>__aeabi_memset4</name>
         <value>0x37c1</value>
         <object_component_ref idref="oc-dd"/>
      </symbol>
      <symbol id="sm-5b0">
         <name>__aeabi_memclr8</name>
         <value>0x37bf</value>
         <object_component_ref idref="oc-dd"/>
      </symbol>
      <symbol id="sm-5b1">
         <name>__aeabi_memclr4</name>
         <value>0x37bf</value>
         <object_component_ref idref="oc-dd"/>
      </symbol>
      <symbol id="sm-5b2">
         <name>__aeabi_memclr</name>
         <value>0x37bf</value>
         <object_component_ref idref="oc-dd"/>
      </symbol>
      <symbol id="sm-5da">
         <name>__TI_auto_init_nobinit_nopinit</name>
         <value>0x41d1</value>
         <object_component_ref idref="oc-1da"/>
      </symbol>
      <symbol id="sm-5e4">
         <name>_system_pre_init</name>
         <value>0x4753</value>
         <object_component_ref idref="oc-e3"/>
      </symbol>
      <symbol id="sm-5f0">
         <name>C$$EXIT</name>
         <value>0x4757</value>
         <object_component_ref idref="oc-1ce"/>
      </symbol>
      <symbol id="sm-5f1">
         <name>abort</name>
         <value>0x4757</value>
         <object_component_ref idref="oc-1ce"/>
      </symbol>
      <symbol id="sm-601">
         <name>__TI_ltoa</name>
         <value>0x3dff</value>
         <object_component_ref idref="oc-4f1"/>
      </symbol>
      <symbol id="sm-618">
         <name>atoi</name>
         <value>0x3f8d</value>
         <object_component_ref idref="oc-427"/>
      </symbol>
      <symbol id="sm-623">
         <name>_ctypes_</name>
         <value>0x526c</value>
         <object_component_ref idref="oc-4d1"/>
      </symbol>
      <symbol id="sm-633">
         <name>memccpy</name>
         <value>0x4535</value>
         <object_component_ref idref="oc-450"/>
      </symbol>
      <symbol id="sm-643">
         <name>strchr</name>
         <value>0x45e1</value>
         <object_component_ref idref="oc-528"/>
      </symbol>
      <symbol id="sm-651">
         <name>strlen</name>
         <value>0x460b</value>
         <object_component_ref idref="oc-421"/>
      </symbol>
      <symbol id="sm-667">
         <name>__aeabi_errno_addr</name>
         <value>0x4729</value>
         <object_component_ref idref="oc-45c"/>
      </symbol>
      <symbol id="sm-668">
         <name>errno</name>
         <value>0x200006c8</value>
         <object_component_ref idref="oc-538"/>
      </symbol>
      <symbol id="sm-672">
         <name>copysign</name>
         <value>0x456b</value>
         <object_component_ref idref="oc-57d"/>
      </symbol>
      <symbol id="sm-673">
         <name>copysignl</name>
         <value>0x456b</value>
         <object_component_ref idref="oc-57d"/>
      </symbol>
      <symbol id="sm-698">
         <name>GrContextInit</name>
         <value>0x38a9</value>
         <object_component_ref idref="oc-168"/>
      </symbol>
      <symbol id="sm-699">
         <name>g_psDefaultCodePointMapTable</name>
         <value>0x5618</value>
         <object_component_ref idref="oc-268"/>
      </symbol>
      <symbol id="sm-6b0">
         <name>GrRectFill</name>
         <value>0x3535</value>
         <object_component_ref idref="oc-16e"/>
      </symbol>
      <symbol id="sm-6b1">
         <name>GrRectDraw</name>
         <value>0x3a49</value>
         <object_component_ref idref="oc-174"/>
      </symbol>
      <symbol id="sm-754">
         <name>GrFontInfoGet</name>
         <value>0x448f</value>
         <object_component_ref idref="oc-298"/>
      </symbol>
      <symbol id="sm-755">
         <name>GrDefaultStringRenderer</name>
         <value>0x2f59</value>
         <object_component_ref idref="oc-262"/>
      </symbol>
      <symbol id="sm-756">
         <name>GrFontGlyphRender</name>
         <value>0x16c5</value>
         <object_component_ref idref="oc-3b1"/>
      </symbol>
      <symbol id="sm-757">
         <name>GrContextFontSet</name>
         <value>0x4737</value>
         <object_component_ref idref="oc-17a"/>
      </symbol>
      <symbol id="sm-758">
         <name>GrFontGlyphDataGet</name>
         <value>0x44b5</value>
         <object_component_ref idref="oc-292"/>
      </symbol>
      <symbol id="sm-759">
         <name>GrStringDraw</name>
         <value>0x45b5</value>
         <object_component_ref idref="oc-18c"/>
      </symbol>
      <symbol id="sm-75a">
         <name>GrFontCodepageGet</name>
         <value>0x44f9</value>
         <object_component_ref idref="oc-3c7"/>
      </symbol>
      <symbol id="sm-75b">
         <name>GrStringNextCharGet</name>
         <value>0x43b1</value>
         <object_component_ref idref="oc-28c"/>
      </symbol>
      <symbol id="sm-75c">
         <name>GrStringWidthGet</name>
         <value>0x3911</value>
         <object_component_ref idref="oc-180"/>
      </symbol>
      <symbol id="sm-75d">
         <name>GrFontBaselineGet</name>
         <value>0x440d</value>
         <object_component_ref idref="oc-186"/>
      </symbol>
      <symbol id="sm-7ee">
         <name>g_sRoot</name>
         <value>0x20000688</value>
         <object_component_ref idref="oc-2f0"/>
      </symbol>
      <symbol id="sm-7ef">
         <name>WidgetMessageQueueAdd</name>
         <value>0x2d99</value>
         <object_component_ref idref="oc-33e"/>
      </symbol>
      <symbol id="sm-7f0">
         <name>WidgetMessageSendPostOrder</name>
         <value>0x30d1</value>
         <object_component_ref idref="oc-2ea"/>
      </symbol>
      <symbol id="sm-7f1">
         <name>WidgetDefaultMsgProc</name>
         <value>0x474f</value>
         <object_component_ref idref="oc-40b"/>
      </symbol>
      <symbol id="sm-7f2">
         <name>WidgetMutexPut</name>
         <value>0x4749</value>
         <object_component_ref idref="oc-47e"/>
      </symbol>
      <symbol id="sm-7f3">
         <name>WidgetMessageQueueProcess</name>
         <value>0x3ab1</value>
         <object_component_ref idref="oc-1b1"/>
      </symbol>
      <symbol id="sm-7f4">
         <name>WidgetMutexGet</name>
         <value>0x45f7</value>
         <object_component_ref idref="oc-47d"/>
      </symbol>
      <symbol id="sm-7f5">
         <name>WidgetPointerMessage</name>
         <value>0x4519</value>
         <object_component_ref idref="oc-1c4"/>
      </symbol>
      <symbol id="sm-7f6">
         <name>WidgetMessageSendPreOrder</name>
         <value>0x3c39</value>
         <object_component_ref idref="oc-2e4"/>
      </symbol>
      <symbol id="sm-808">
         <name>g_sFontCm20</name>
         <value>0x5370</value>
         <object_component_ref idref="oc-1c0"/>
      </symbol>
      <symbol id="sm-815">
         <name>GrMapISO8859_1_Unicode</name>
         <value>0x4717</value>
         <object_component_ref idref="oc-3b8"/>
      </symbol>
      <symbol id="sm-82e">
         <name>GrLineDrawH</name>
         <value>0x4145</value>
         <object_component_ref idref="oc-276"/>
      </symbol>
      <symbol id="sm-82f">
         <name>GrLineDrawV</name>
         <value>0x418b</value>
         <object_component_ref idref="oc-27c"/>
      </symbol>
      <symbol id="sm-858">
         <name>ADCSequenceEnable</name>
         <value>0x46a9</value>
         <object_component_ref idref="oc-2b1"/>
      </symbol>
      <symbol id="sm-859">
         <name>ADCSequenceConfigure</name>
         <value>0x3ea5</value>
         <object_component_ref idref="oc-2a5"/>
      </symbol>
      <symbol id="sm-85a">
         <name>ADCIntEnable</name>
         <value>0x4667</value>
         <object_component_ref idref="oc-2b7"/>
      </symbol>
      <symbol id="sm-85b">
         <name>ADCSequenceStepConfigure</name>
         <value>0x3745</value>
         <object_component_ref idref="oc-2ab"/>
      </symbol>
      <symbol id="sm-871">
         <name>FPULazyStackingEnable</name>
         <value>0x4689</value>
         <object_component_ref idref="oc-15c"/>
      </symbol>
      <symbol id="sm-872">
         <name>FPUEnable</name>
         <value>0x4679</value>
         <object_component_ref idref="oc-156"/>
      </symbol>
      <symbol id="sm-8b4">
         <name>GPIOPinConfigure</name>
         <value>0x4025</value>
         <object_component_ref idref="oc-38b"/>
      </symbol>
      <symbol id="sm-8b5">
         <name>GPIOPinTypeGPIOOutput</name>
         <value>0x4585</value>
         <object_component_ref idref="oc-2c3"/>
      </symbol>
      <symbol id="sm-8b6">
         <name>GPIODirModeSet</name>
         <value>0x4465</value>
         <object_component_ref idref="oc-3f7"/>
      </symbol>
      <symbol id="sm-8b7">
         <name>GPIOPinWrite</name>
         <value>0x4731</value>
         <object_component_ref idref="oc-a3"/>
      </symbol>
      <symbol id="sm-8b8">
         <name>GPIOPadConfigSet</name>
         <value>0x25cf</value>
         <object_component_ref idref="oc-3f1"/>
      </symbol>
      <symbol id="sm-8b9">
         <name>GPIOPinTypeSSI</name>
         <value>0x461f</value>
         <object_component_ref idref="oc-391"/>
      </symbol>
      <symbol id="sm-8e0">
         <name>IntEnable</name>
         <value>0x3979</value>
         <object_component_ref idref="oc-2bd"/>
      </symbol>
      <symbol id="sm-910">
         <name>SSIDataPut</name>
         <value>0x46f9</value>
         <object_component_ref idref="oc-254"/>
      </symbol>
      <symbol id="sm-911">
         <name>SSIDataGetNonBlocking</name>
         <value>0x4631</value>
         <object_component_ref idref="oc-3a3"/>
      </symbol>
      <symbol id="sm-912">
         <name>SSIConfigSetExpClk</name>
         <value>0x42d3</value>
         <object_component_ref idref="oc-397"/>
      </symbol>
      <symbol id="sm-913">
         <name>SSIEnable</name>
         <value>0x4703</value>
         <object_component_ref idref="oc-39d"/>
      </symbol>
      <symbol id="sm-914">
         <name>SSIBusy</name>
         <value>0x471f</value>
         <object_component_ref idref="oc-25a"/>
      </symbol>
      <symbol id="sm-985">
         <name>SysCtlDelay</name>
         <value>0x4743</value>
         <object_component_ref idref="oc-198"/>
      </symbol>
      <symbol id="sm-986">
         <name>SysCtlPeripheralEnable</name>
         <value>0x4349</value>
         <object_component_ref idref="oc-192"/>
      </symbol>
      <symbol id="sm-987">
         <name>SysCtlClockFreqSet</name>
         <value>0x1919</value>
         <object_component_ref idref="oc-14a"/>
      </symbol>
      <symbol id="sm-9ba">
         <name>TimerLoadSet</name>
         <value>0x4643</value>
         <object_component_ref idref="oc-2cf"/>
      </symbol>
      <symbol id="sm-9bb">
         <name>TimerEnable</name>
         <value>0x46b7</value>
         <object_component_ref idref="oc-2db"/>
      </symbol>
      <symbol id="sm-9bc">
         <name>TimerControlTrigger</name>
         <value>0x3d51</value>
         <object_component_ref idref="oc-2d5"/>
      </symbol>
      <symbol id="sm-9bd">
         <name>TimerConfigure</name>
         <value>0x3b79</value>
         <object_component_ref idref="oc-2c9"/>
      </symbol>
      <symbol id="sm-9db">
         <name>uDMAEnable</name>
         <value>0x4699</value>
         <object_component_ref idref="oc-19f"/>
      </symbol>
      <symbol id="sm-9dc">
         <name>uDMAControlBaseSet</name>
         <value>0x46ed</value>
         <object_component_ref idref="oc-199"/>
      </symbol>
      <symbol id="sm-9de">
         <name>__TI_static_base__</name>
         <value>0x0</value>
      </symbol>
      <symbol id="sm-9e1">
         <name>__mpu_init</name>
         <value>0x0</value>
      </symbol>
      <symbol id="sm-9e2">
         <name>_system_post_cinit</name>
         <value>0x0</value>
      </symbol>
   </symbol_table>
   <title>Link successful</title>
</link_info>
